<?xml version="1.0" encoding="utf-8"?>
<TestRun id="42653ed0-37c6-4614-8ea4-25ae4b3886b4" name="Eddiz@MERCAN-PC 2026-09-20 03:24:15" runUser="MERCAN-PC\Eddiz" xmlns="http://microsoft.com/schemas/VisualStudio/TeamTest/2010">
  <Times creation="2026-09-20T03:24:15.3823476+03:00" queuing="2026-09-20T03:24:15.3823478+03:00" start="2026-09-20T03:24:14.7435372+03:00" finish="2026-09-20T03:24:15.4063163+03:00" />
  <TestSettings name="default" id="fab47478-c8eb-4dcf-86b1-123c105663d5">
    <Deployment runDeploymentRoot="Eddiz_MERCAN-PC_2026-09-20_03_24_15" />
  </TestSettings>
  <Results>
    <UnitTestResult executionId="4d2c39d3-8ec6-465f-a467-018ea40445db" testId="986bee70-fa37-29b9-18fb-b6ab3893c712" testName="BitigMail.Engine.Tests.ArchiveZipDirectoryPreflightTests.OrdinaryAndZip64AreAdmittedBeforeZipArchiveAndPositionIsRestored" computerName="MERCAN-PC" duration="00:00:00.0051085" startTime="2026-09-20T03:24:15.3378996+03:00" endTime="2026-09-20T03:24:15.3581459+03:00" testType="13cdc9d9-ddb5-4fa4-a97d-d965ccfc6d4b" outcome="Passed" testListId="8c84fa94-04c1-424b-9868-57a2d4851a1d" relativeResultsDirectory="4d2c39d3-8ec6-465f-a467-018ea40445db" />
    <UnitTestResult executionId="fd1654e0-a66f-4792-ae3e-1cdc95041e69" testId="8fac9999-fbad-0754-b2f3-ad0c8dd1e677" testName="BitigMail.Engine.Tests.ArchiveZipDirectoryPreflightTests.CancellationDoesNotMoveSource" computerName="MERCAN-PC" duration="00:00:00.0006782" startTime="2026-09-20T03:24:15.3593780+03:00" endTime="2026-09-20T03:24:15.3594066+03:00" testType="13cdc9d9-ddb5-4fa4-a97d-d965ccfc6d4b" outcome="Passed" testListId="8c84fa94-04c1-424b-9868-57a2d4851a1d" relativeResultsDirectory="fd1654e0-a66f-4792-ae3e-1cdc95041e69" />
    <UnitTestResult executionId="5f6c7d35-3669-47e5-935d-f201318d9771" testId="98d14e53-04eb-4454-4b4e-0a932bacc1cc" testName="BitigMail.Engine.Tests.ArchiveZipPayloadVerifierTests.LinksAndDirectoryPayloadsAreRejected(attributes: 16)" computerName="MERCAN-PC" duration="00:00:00.0081454" startTime="2026-09-20T03:24:15.3174860+03:00" endTime="2026-09-20T03:24:15.3295909+03:00" testType="13cdc9d9-ddb5-4fa4-a97d-d965ccfc6d4b" outcome="Passed" testListId="8c84fa94-04c1-424b-9868-57a2d4851a1d" relativeResultsDirectory="5f6c7d35-3669-47e5-935d-f201318d9771" />
    <UnitTestResult executionId="5f77b527-694b-4ed8-b99d-4a88fb27a593" testId="a5cd3116-4e22-d703-5354-7468c176563d" testName="BitigMail.Engine.Tests.ArchiveZipPayloadVerifierTests.LinksAndDirectoryPayloadsAreRejected(attributes: 1024)" computerName="MERCAN-PC" duration="00:00:00.0000972" startTime="2026-09-20T03:24:15.3374626+03:00" endTime="2026-09-20T03:24:15.3375033+03:00" testType="13cdc9d9-ddb5-4fa4-a97d-d965ccfc6d4b" outcome="Passed" testListId="8c84fa94-04c1-424b-9868-57a2d4851a1d" relativeResultsDirectory="5f77b527-694b-4ed8-b99d-4a88fb27a593" />
    <UnitTestResult executionId="562abc0f-5df0-4af9-a4be-95fbb3ece4c2" testId="958264ce-cf93-fa97-8611-5e03add76afd" testName="BitigMail.Engine.Tests.ArchiveZipPayloadVerifierTests.CaseAndUnicodeNormalizedDuplicatesAreRejected" computerName="MERCAN-PC" duration="00:00:00.0008125" startTime="2026-09-20T03:24:15.3376178+03:00" endTime="2026-09-20T03:24:15.3376469+03:00" testType="13cdc9d9-ddb5-4fa4-a97d-d965ccfc6d4b" outcome="Passed" testListId="8c84fa94-04c1-424b-9868-57a2d4851a1d" relativeResultsDirectory="562abc0f-5df0-4af9-a4be-95fbb3ece4c2" />
    <UnitTestResult executionId="46cff7fe-d46b-4c24-bb61-f8ac9e840de0" testId="f4e96b17-4b25-7f67-2c02-f0a8f7380aa1" testName="BitigMail.Engine.Tests.ArchiveZipPayloadVerifierTests.UnsafeEntryPathIsRejected(name: &quot;../outside.eml&quot;)" computerName="MERCAN-PC" duration="00:00:00.0000795" startTime="2026-09-20T03:24:15.3578949+03:00" endTime="2026-09-20T03:24:15.3579284+03:00" testType="13cdc9d9-ddb5-4fa4-a97d-d965ccfc6d4b" outcome="Passed" testListId="8c84fa94-04c1-424b-9868-57a2d4851a1d" relativeResultsDirectory="46cff7fe-d46b-4c24-bb61-f8ac9e840de0" />
    <UnitTestResult executionId="1ba562ae-24fa-4f24-9bd2-a963dc7f37fc" testId="a2a1cb8a-df08-3b09-525d-585053c4c600" testName="BitigMail.Engine.Tests.ArchiveZipDirectoryPreflightTests.OversizedZip64CountIsRejectedBeforeAllocation" computerName="MERCAN-PC" duration="00:00:00.0072317" startTime="2026-09-20T03:24:15.3183260+03:00" endTime="2026-09-20T03:24:15.3322238+03:00" testType="13cdc9d9-ddb5-4fa4-a97d-d965ccfc6d4b" outcome="Passed" testListId="8c84fa94-04c1-424b-9868-57a2d4851a1d" relativeResultsDirectory="1ba562ae-24fa-4f24-9bd2-a963dc7f37fc" />
    <UnitTestResult executionId="122c7f54-d204-438d-82b9-50733537a780" testId="dfc9286b-18a4-24ee-6782-27445031d5b1" testName="BitigMail.Engine.Tests.ArchiveZipDirectoryPreflightTests.TruncatedOrAppendedOrWrongCountDirectoryIsRejected" computerName="MERCAN-PC" duration="00:00:00.0015763" startTime="2026-09-20T03:24:15.3371404+03:00" endTime="2026-09-20T03:24:15.3377449+03:00" testType="13cdc9d9-ddb5-4fa4-a97d-d965ccfc6d4b" outcome="Passed" testListId="8c84fa94-04c1-424b-9868-57a2d4851a1d" relativeResultsDirectory="122c7f54-d204-438d-82b9-50733537a780" />
    <UnitTestResult executionId="68fff59c-a9af-4eb2-ba9b-f3e4e73a52a9" testId="21620173-23b2-183e-4dcc-7c04345013d7" testName="BitigMail.Engine.Tests.ArchiveZipPayloadVerifierTests.UnsafeEntryPathIsRejected(name: &quot;raw/CON.eml&quot;)" computerName="MERCAN-PC" duration="00:00:00.0000894" startTime="2026-09-20T03:24:15.3575976+03:00" endTime="2026-09-20T03:24:15.3576446+03:00" testType="13cdc9d9-ddb5-4fa4-a97d-d965ccfc6d4b" outcome="Passed" testListId="8c84fa94-04c1-424b-9868-57a2d4851a1d" relativeResultsDirectory="68fff59c-a9af-4eb2-ba9b-f3e4e73a52a9" />
    <UnitTestResult executionId="f42c5b7b-117a-40ed-8118-7eefa3592ccc" testId="fc94e645-724e-3ee7-1438-f521af728e71" testName="BitigMail.Engine.Tests.ArchiveZipPayloadVerifierTests.UnsafeEntryPathIsRejected(name: &quot;/absolute.eml&quot;)" computerName="MERCAN-PC" duration="00:00:00.0002932" startTime="2026-09-20T03:24:15.3571310+03:00" endTime="2026-09-20T03:24:15.3571928+03:00" testType="13cdc9d9-ddb5-4fa4-a97d-d965ccfc6d4b" outcome="Passed" testListId="8c84fa94-04c1-424b-9868-57a2d4851a1d" relativeResultsDirectory="f42c5b7b-117a-40ed-8118-7eefa3592ccc" />
    <UnitTestResult executionId="f8b11b8c-2d4c-44cf-bb53-6f5607411014" testId="c31b8c0c-eddf-a0e1-b7b7-9043a89068ec" testName="BitigMail.Engine.Tests.ArchiveZipPayloadVerifierTests.ExtraMissingWrongSizeAndCancelledContentFailClosed" computerName="MERCAN-PC" duration="00:00:00.0014290" startTime="2026-09-20T03:24:15.3580988+03:00" endTime="2026-09-20T03:24:15.3594581+03:00" testType="13cdc9d9-ddb5-4fa4-a97d-d965ccfc6d4b" outcome="Passed" testListId="8c84fa94-04c1-424b-9868-57a2d4851a1d" relativeResultsDirectory="f8b11b8c-2d4c-44cf-bb53-6f5607411014" />
    <UnitTestResult executionId="1a15b94c-3dd1-4c3a-bd7f-8e7ef22260b0" testId="efe895e2-2025-8414-0e5b-607ffa1a23fc" testName="BitigMail.Engine.Tests.ArchiveZipPayloadVerifierTests.UnsafeEntryPathIsRejected(name: &quot;raw\\one.eml&quot;)" computerName="MERCAN-PC" duration="00:00:00.0000822" startTime="2026-09-20T03:24:15.3574850+03:00" endTime="2026-09-20T03:24:15.3575150+03:00" testType="13cdc9d9-ddb5-4fa4-a97d-d965ccfc6d4b" outcome="Passed" testListId="8c84fa94-04c1-424b-9868-57a2d4851a1d" relativeResultsDirectory="1a15b94c-3dd1-4c3a-bd7f-8e7ef22260b0" />
    <UnitTestResult executionId="ff2a25de-89f5-4ad4-bc19-5f08c1485f7e" testId="93bbc945-b4ce-ccaa-47d5-0cb886743cce" testName="BitigMail.Engine.Tests.ArchiveZipPayloadVerifierTests.SameLengthTamperingCannotPassPublicationCheck" computerName="MERCAN-PC" duration="00:00:00.0016356" startTime="2026-09-20T03:24:15.3580018+03:00" endTime="2026-09-20T03:24:15.3580260+03:00" testType="13cdc9d9-ddb5-4fa4-a97d-d965ccfc6d4b" outcome="Passed" testListId="8c84fa94-04c1-424b-9868-57a2d4851a1d" relativeResultsDirectory="ff2a25de-89f5-4ad4-bc19-5f08c1485f7e" />
    <UnitTestResult executionId="9e50a6cd-791f-42a9-968c-f0ccf11651c7" testId="c3ebdfa9-255c-0738-ec06-16ee51aeeca5" testName="BitigMail.Engine.Tests.ArchiveZipPayloadVerifierTests.UnsafeEntryPathIsRejected(name: &quot;raw/a.eml.&quot;)" computerName="MERCAN-PC" duration="00:00:00.0000866" startTime="2026-09-20T03:24:15.3577134+03:00" endTime="2026-09-20T03:24:15.3577376+03:00" testType="13cdc9d9-ddb5-4fa4-a97d-d965ccfc6d4b" outcome="Passed" testListId="8c84fa94-04c1-424b-9868-57a2d4851a1d" relativeResultsDirectory="9e50a6cd-791f-42a9-968c-f0ccf11651c7" />
    <UnitTestResult executionId="ab578de4-9a97-4a11-9ae6-08712c7c16f2" testId="61cb92a7-649b-808c-76e7-b107d8bcebd1" testName="BitigMail.Engine.Tests.ArchiveZipPayloadVerifierTests.UnsafeEntryPathIsRejected(name: &quot;C:/outside.eml&quot;)" computerName="MERCAN-PC" duration="00:00:00.0001958" startTime="2026-09-20T03:24:15.3573830+03:00" endTime="2026-09-20T03:24:15.3574165+03:00" testType="13cdc9d9-ddb5-4fa4-a97d-d965ccfc6d4b" outcome="Passed" testListId="8c84fa94-04c1-424b-9868-57a2d4851a1d" relativeResultsDirectory="ab578de4-9a97-4a11-9ae6-08712c7c16f2" />
    <UnitTestResult executionId="13ce84ec-1e5f-4a06-abda-fff769b244ad" testId="63626a3d-c061-cc78-cf7e-5fe4fc779e1a" testName="BitigMail.Engine.Tests.ArchiveZipPayloadVerifierTests.UnsafeEntryPathIsRejected(name: &quot;raw/a.eml:stream&quot;)" computerName="MERCAN-PC" duration="00:00:00.0000840" startTime="2026-09-20T03:24:15.3577816+03:00" endTime="2026-09-20T03:24:15.3578154+03:00" testType="13cdc9d9-ddb5-4fa4-a97d-d965ccfc6d4b" outcome="Passed" testListId="8c84fa94-04c1-424b-9868-57a2d4851a1d" relativeResultsDirectory="13ce84ec-1e5f-4a06-abda-fff769b244ad" />
    <UnitTestResult executionId="25b5c7cf-2b00-4ceb-9b09-bcac2b593725" testId="d2c3fc21-ca79-0931-de1e-e1a9b7cc57a8" testName="BitigMail.Engine.Tests.ArchiveZipPayloadVerifierTests.LinksAndDirectoryPayloadsAreRejected(attributes: 2684354560)" computerName="MERCAN-PC" duration="00:00:00.0003098" startTime="2026-09-20T03:24:15.3365818+03:00" endTime="2026-09-20T03:24:15.3371738+03:00" testType="13cdc9d9-ddb5-4fa4-a97d-d965ccfc6d4b" outcome="Passed" testListId="8c84fa94-04c1-424b-9868-57a2d4851a1d" relativeResultsDirectory="25b5c7cf-2b00-4ceb-9b09-bcac2b593725" />
    <UnitTestResult executionId="24914615-f61a-48ad-b15f-95de96d948a9" testId="46e8c342-14d0-2d2d-16ab-247d96009391" testName="BitigMail.Engine.Tests.ArchiveZipPayloadVerifierTests.StreamsExactVerifiedBytesWithoutExtractingToFilesystem" computerName="MERCAN-PC" duration="00:00:00.0028415" startTime="2026-09-20T03:24:15.3377175+03:00" endTime="2026-09-20T03:24:15.3379253+03:00" testType="13cdc9d9-ddb5-4fa4-a97d-d965ccfc6d4b" outcome="Passed" testListId="8c84fa94-04c1-424b-9868-57a2d4851a1d" relativeResultsDirectory="24914615-f61a-48ad-b15f-95de96d948a9" />
    <UnitTestResult executionId="48c27b06-9482-4df3-876e-2f4e87d1f1c5" testId="b6bba33f-8273-2e35-1cfb-6a283fc3c739" testName="BitigMail.Engine.Tests.ArchiveZipDirectoryPreflightTests.EncryptedAndMultiDiskDirectoriesAreRejected" computerName="MERCAN-PC" duration="00:00:00.0003835" startTime="2026-09-20T03:24:15.3378103+03:00" endTime="2026-09-20T03:24:15.3378370+03:00" testType="13cdc9d9-ddb5-4fa4-a97d-d965ccfc6d4b" outcome="Passed" testListId="8c84fa94-04c1-424b-9868-57a2d4851a1d" relativeResultsDirectory="48c27b06-9482-4df3-876e-2f4e87d1f1c5" />
  </Results>
  <TestDefinitions>
    <UnitTest name="BitigMail.Engine.Tests.ArchiveZipPayloadVerifierTests.UnsafeEntryPathIsRejected(name: &quot;/absolute.eml&quot;)" storage="c:\users\eddiz\documents\chatgpt\mail manager\.codex-coordination\build\root039-audit\bin\bitigmail.engine.tests\release\bitigmail.engine.tests.dll" id="fc94e645-724e-3ee7-1438-f521af728e71">
      <Execution id="f42c5b7b-117a-40ed-8118-7eefa3592ccc" />
      <TestMethod codeBase="C:\Users\Eddiz\Documents\ChatGPT\Mail Manager\.codex-coordination\build\root039-audit\bin\BitigMail.Engine.Tests\release\BitigMail.Engine.Tests.dll" adapterTypeName="executor://xunit/VsTestRunner3/netcore/" className="BitigMail.Engine.Tests.ArchiveZipPayloadVerifierTests" name="UnsafeEntryPathIsRejected" />
    </UnitTest>
    <UnitTest name="BitigMail.Engine.Tests.ArchiveZipPayloadVerifierTests.UnsafeEntryPathIsRejected(name: &quot;raw/CON.eml&quot;)" storage="c:\users\eddiz\documents\chatgpt\mail manager\.codex-coordination\build\root039-audit\bin\bitigmail.engine.tests\release\bitigmail.engine.tests.dll" id="21620173-23b2-183e-4dcc-7c04345013d7">
      <Execution id="68fff59c-a9af-4eb2-ba9b-f3e4e73a52a9" />
      <TestMethod codeBase="C:\Users\Eddiz\Documents\ChatGPT\Mail Manager\.codex-coordination\build\root039-audit\bin\BitigMail.Engine.Tests\release\BitigMail.Engine.Tests.dll" adapterTypeName="executor://xunit/VsTestRunner3/netcore/" className="BitigMail.Engine.Tests.ArchiveZipPayloadVerifierTests" name="UnsafeEntryPathIsRejected" />
    </UnitTest>
    <UnitTest name="BitigMail.Engine.Tests.ArchiveZipPayloadVerifierTests.SameLengthTamperingCannotPassPublicationCheck" storage="c:\users\eddiz\documents\chatgpt\mail manager\.codex-coordination\build\root039-audit\bin\bitigmail.engine.tests\release\bitigmail.engine.tests.dll" id="93bbc945-b4ce-ccaa-47d5-0cb886743cce">
      <Execution id="ff2a25de-89f5-4ad4-bc19-5f08c1485f7e" />
      <TestMethod codeBase="C:\Users\Eddiz\Documents\ChatGPT\Mail Manager\.codex-coordination\build\root039-audit\bin\BitigMail.Engine.Tests\release\BitigMail.Engine.Tests.dll" adapterTypeName="executor://xunit/VsTestRunner3/netcore/" className="BitigMail.Engine.Tests.ArchiveZipPayloadVerifierTests" name="SameLengthTamperingCannotPassPublicationCheck" />
    </UnitTest>
    <UnitTest name="BitigMail.Engine.Tests.ArchiveZipPayloadVerifierTests.LinksAndDirectoryPayloadsAreRejected(attributes: 2684354560)" storage="c:\users\eddiz\documents\chatgpt\mail manager\.codex-coordination\build\root039-audit\bin\bitigmail.engine.tests\release\bitigmail.engine.tests.dll" id="d2c3fc21-ca79-0931-de1e-e1a9b7cc57a8">
      <Execution id="25b5c7cf-2b00-4ceb-9b09-bcac2b593725" />
      <TestMethod codeBase="C:\Users\Eddiz\Documents\ChatGPT\Mail Manager\.codex-coordination\build\root039-audit\bin\BitigMail.Engine.Tests\release\BitigMail.Engine.Tests.dll" adapterTypeName="executor://xunit/VsTestRunner3/netcore/" className="BitigMail.Engine.Tests.ArchiveZipPayloadVerifierTests" name="LinksAndDirectoryPayloadsAreRejected" />
    </UnitTest>
    <UnitTest name="BitigMail.Engine.Tests.ArchiveZipDirectoryPreflightTests.CancellationDoesNotMoveSource" storage="c:\users\eddiz\documents\chatgpt\mail manager\.codex-coordination\build\root039-audit\bin\bitigmail.engine.tests\release\bitigmail.engine.tests.dll" id="8fac9999-fbad-0754-b2f3-ad0c8dd1e677">
      <Execution id="fd1654e0-a66f-4792-ae3e-1cdc95041e69" />
      <TestMethod codeBase="C:\Users\Eddiz\Documents\ChatGPT\Mail Manager\.codex-coordination\build\root039-audit\bin\BitigMail.Engine.Tests\release\BitigMail.Engine.Tests.dll" adapterTypeName="executor://xunit/VsTestRunner3/netcore/" className="BitigMail.Engine.Tests.ArchiveZipDirectoryPreflightTests" name="CancellationDoesNotMoveSource" />
    </UnitTest>
    <UnitTest name="BitigMail.Engine.Tests.ArchiveZipPayloadVerifierTests.ExtraMissingWrongSizeAndCancelledContentFailClosed" storage="c:\users\eddiz\documents\chatgpt\mail manager\.codex-coordination\build\root039-audit\bin\bitigmail.engine.tests\release\bitigmail.engine.tests.dll" id="c31b8c0c-eddf-a0e1-b7b7-9043a89068ec">
      <Execution id="f8b11b8c-2d4c-44cf-bb53-6f5607411014" />
      <TestMethod codeBase="C:\Users\Eddiz\Documents\ChatGPT\Mail Manager\.codex-coordination\build\root039-audit\bin\BitigMail.Engine.Tests\release\BitigMail.Engine.Tests.dll" adapterTypeName="executor://xunit/VsTestRunner3/netcore/" className="BitigMail.Engine.Tests.ArchiveZipPayloadVerifierTests" name="ExtraMissingWrongSizeAndCancelledContentFailClosed" />
    </UnitTest>
    <UnitTest name="BitigMail.Engine.Tests.ArchiveZipDirectoryPreflightTests.EncryptedAndMultiDiskDirectoriesAreRejected" storage="c:\users\eddiz\documents\chatgpt\mail manager\.codex-coordination\build\root039-audit\bin\bitigmail.engine.tests\release\bitigmail.engine.tests.dll" id="b6bba33f-8273-2e35-1cfb-6a283fc3c739">
      <Execution id="48c27b06-9482-4df3-876e-2f4e87d1f1c5" />
      <TestMethod codeBase="C:\Users\Eddiz\Documents\ChatGPT\Mail Manager\.codex-coordination\build\root039-audit\bin\BitigMail.Engine.Tests\release\BitigMail.Engine.Tests.dll" adapterTypeName="executor://xunit/VsTestRunner3/netcore/" className="BitigMail.Engine.Tests.ArchiveZipDirectoryPreflightTests" name="EncryptedAndMultiDiskDirectoriesAreRejected" />
    </UnitTest>
    <UnitTest name="BitigMail.Engine.Tests.ArchiveZipDirectoryPreflightTests.OrdinaryAndZip64AreAdmittedBeforeZipArchiveAndPositionIsRestored" storage="c:\users\eddiz\documents\chatgpt\mail manager\.codex-coordination\build\root039-audit\bin\bitigmail.engine.tests\release\bitigmail.engine.tests.dll" id="986bee70-fa37-29b9-18fb-b6ab3893c712">
      <Execution id="4d2c39d3-8ec6-465f-a467-018ea40445db" />
      <TestMethod codeBase="C:\Users\Eddiz\Documents\ChatGPT\Mail Manager\.codex-coordination\build\root039-audit\bin\BitigMail.Engine.Tests\release\BitigMail.Engine.Tests.dll" adapterTypeName="executor://xunit/VsTestRunner3/netcore/" className="BitigMail.Engine.Tests.ArchiveZipDirectoryPreflightTests" name="OrdinaryAndZip64AreAdmittedBeforeZipArchiveAndPositionIsRestored" />
    </UnitTest>
    <UnitTest name="BitigMail.Engine.Tests.ArchiveZipPayloadVerifierTests.UnsafeEntryPathIsRejected(name: &quot;../outside.eml&quot;)" storage="c:\users\eddiz\documents\chatgpt\mail manager\.codex-coordination\build\root039-audit\bin\bitigmail.engine.tests\release\bitigmail.engine.tests.dll" id="f4e96b17-4b25-7f67-2c02-f0a8f7380aa1">
      <Execution id="46cff7fe-d46b-4c24-bb61-f8ac9e840de0" />
      <TestMethod codeBase="C:\Users\Eddiz\Documents\ChatGPT\Mail Manager\.codex-coordination\build\root039-audit\bin\BitigMail.Engine.Tests\release\BitigMail.Engine.Tests.dll" adapterTypeName="executor://xunit/VsTestRunner3/netcore/" className="BitigMail.Engine.Tests.ArchiveZipPayloadVerifierTests" name="UnsafeEntryPathIsRejected" />
    </UnitTest>
    <UnitTest name="BitigMail.Engine.Tests.ArchiveZipPayloadVerifierTests.CaseAndUnicodeNormalizedDuplicatesAreRejected" storage="c:\users\eddiz\documents\chatgpt\mail manager\.codex-coordination\build\root039-audit\bin\bitigmail.engine.tests\release\bitigmail.engine.tests.dll" id="958264ce-cf93-fa97-8611-5e03add76afd">
      <Execution id="562abc0f-5df0-4af9-a4be-95fbb3ece4c2" />
      <TestMethod codeBase="C:\Users\Eddiz\Documents\ChatGPT\Mail Manager\.codex-coordination\build\root039-audit\bin\BitigMail.Engine.Tests\release\BitigMail.Engine.Tests.dll" adapterTypeName="executor://xunit/VsTestRunner3/netcore/" className="BitigMail.Engine.Tests.ArchiveZipPayloadVerifierTests" name="CaseAndUnicodeNormalizedDuplicatesAreRejected" />
    </UnitTest>
    <UnitTest name="BitigMail.Engine.Tests.ArchiveZipDirectoryPreflightTests.OversizedZip64CountIsRejectedBeforeAllocation" storage="c:\users\eddiz\documents\chatgpt\mail manager\.codex-coordination\build\root039-audit\bin\bitigmail.engine.tests\release\bitigmail.engine.tests.dll" id="a2a1cb8a-df08-3b09-525d-585053c4c600">
      <Execution id="1ba562ae-24fa-4f24-9bd2-a963dc7f37fc" />
      <TestMethod codeBase="C:\Users\Eddiz\Documents\ChatGPT\Mail Manager\.codex-coordination\build\root039-audit\bin\BitigMail.Engine.Tests\release\BitigMail.Engine.Tests.dll" adapterTypeName="executor://xunit/VsTestRunner3/netcore/" className="BitigMail.Engine.Tests.ArchiveZipDirectoryPreflightTests" name="OversizedZip64CountIsRejectedBeforeAllocation" />
    </UnitTest>
    <UnitTest name="BitigMail.Engine.Tests.ArchiveZipPayloadVerifierTests.LinksAndDirectoryPayloadsAreRejected(attributes: 16)" storage="c:\users\eddiz\documents\chatgpt\mail manager\.codex-coordination\build\root039-audit\bin\bitigmail.engine.tests\release\bitigmail.engine.tests.dll" id="98d14e53-04eb-4454-4b4e-0a932bacc1cc">
      <Execution id="5f6c7d35-3669-47e5-935d-f201318d9771" />
      <TestMethod codeBase="C:\Users\Eddiz\Documents\ChatGPT\Mail Manager\.codex-coordination\build\root039-audit\bin\BitigMail.Engine.Tests\release\BitigMail.Engine.Tests.dll" adapterTypeName="executor://xunit/VsTestRunner3/netcore/" className="BitigMail.Engine.Tests.ArchiveZipPayloadVerifierTests" name="LinksAndDirectoryPayloadsAreRejected" />
    </UnitTest>
    <UnitTest name="BitigMail.Engine.Tests.ArchiveZipPayloadVerifierTests.StreamsExactVerifiedBytesWithoutExtractingToFilesystem" storage="c:\users\eddiz\documents\chatgpt\mail manager\.codex-coordination\build\root039-audit\bin\bitigmail.engine.tests\release\bitigmail.engine.tests.dll" id="46e8c342-14d0-2d2d-16ab-247d96009391">
      <Execution id="24914615-f61a-48ad-b15f-95de96d948a9" />
      <TestMethod codeBase="C:\Users\Eddiz\Documents\ChatGPT\Mail Manager\.codex-coordination\build\root039-audit\bin\BitigMail.Engine.Tests\release\BitigMail.Engine.Tests.dll" adapterTypeName="executor://xunit/VsTestRunner3/netcore/" className="BitigMail.Engine.Tests.ArchiveZipPayloadVerifierTests" name="StreamsExactVerifiedBytesWithoutExtractingToFilesystem" />
    </UnitTest>
    <UnitTest name="BitigMail.Engine.Tests.ArchiveZipDirectoryPreflightTests.TruncatedOrAppendedOrWrongCountDirectoryIsRejected" storage="c:\users\eddiz\documents\chatgpt\mail manager\.codex-coordination\build\root039-audit\bin\bitigmail.engine.tests\release\bitigmail.engine.tests.dll" id="dfc9286b-18a4-24ee-6782-27445031d5b1">
      <Execution id="122c7f54-d204-438d-82b9-50733537a780" />
      <TestMethod codeBase="C:\Users\Eddiz\Documents\ChatGPT\Mail Manager\.codex-coordination\build\root039-audit\bin\BitigMail.Engine.Tests\release\BitigMail.Engine.Tests.dll" adapterTypeName="executor://xunit/VsTestRunner3/netcore/" className="BitigMail.Engine.Tests.ArchiveZipDirectoryPreflightTests" name="TruncatedOrAppendedOrWrongCountDirectoryIsRejected" />
    </UnitTest>
    <UnitTest name="BitigMail.Engine.Tests.ArchiveZipPayloadVerifierTests.UnsafeEntryPathIsRejected(name: &quot;raw\\one.eml&quot;)" storage="c:\users\eddiz\documents\chatgpt\mail manager\.codex-coordination\build\root039-audit\bin\bitigmail.engine.tests\release\bitigmail.engine.tests.dll" id="efe895e2-2025-8414-0e5b-607ffa1a23fc">
      <Execution id="1a15b94c-3dd1-4c3a-bd7f-8e7ef22260b0" />
      <TestMethod codeBase="C:\Users\Eddiz\Documents\ChatGPT\Mail Manager\.codex-coordination\build\root039-audit\bin\BitigMail.Engine.Tests\release\BitigMail.Engine.Tests.dll" adapterTypeName="executor://xunit/VsTestRunner3/netcore/" className="BitigMail.Engine.Tests.ArchiveZipPayloadVerifierTests" name="UnsafeEntryPathIsRejected" />
    </UnitTest>
    <UnitTest name="BitigMail.Engine.Tests.ArchiveZipPayloadVerifierTests.UnsafeEntryPathIsRejected(name: &quot;C:/outside.eml&quot;)" storage="c:\users\eddiz\documents\chatgpt\mail manager\.codex-coordination\build\root039-audit\bin\bitigmail.engine.tests\release\bitigmail.engine.tests.dll" id="61cb92a7-649b-808c-76e7-b107d8bcebd1">
      <Execution id="ab578de4-9a97-4a11-9ae6-08712c7c16f2" />
      <TestMethod codeBase="C:\Users\Eddiz\Documents\ChatGPT\Mail Manager\.codex-coordination\build\root039-audit\bin\BitigMail.Engine.Tests\release\BitigMail.Engine.Tests.dll" adapterTypeName="executor://xunit/VsTestRunner3/netcore/" className="BitigMail.Engine.Tests.ArchiveZipPayloadVerifierTests" name="UnsafeEntryPathIsRejected" />
    </UnitTest>
    <UnitTest name="BitigMail.Engine.Tests.ArchiveZipPayloadVerifierTests.LinksAndDirectoryPayloadsAreRejected(attributes: 1024)" storage="c:\users\eddiz\documents\chatgpt\mail manager\.codex-coordination\build\root039-audit\bin\bitigmail.engine.tests\release\bitigmail.engine.tests.dll" id="a5cd3116-4e22-d703-5354-7468c176563d">
      <Execution id="5f77b527-694b-4ed8-b99d-4a88fb27a593" />
      <TestMethod codeBase="C:\Users\Eddiz\Documents\ChatGPT\Mail Manager\.codex-coordination\build\root039-audit\bin\BitigMail.Engine.Tests\release\BitigMail.Engine.Tests.dll" adapterTypeName="executor://xunit/VsTestRunner3/netcore/" className="BitigMail.Engine.Tests.ArchiveZipPayloadVerifierTests" name="LinksAndDirectoryPayloadsAreRejected" />
    </UnitTest>
    <UnitTest name="BitigMail.Engine.Tests.ArchiveZipPayloadVerifierTests.UnsafeEntryPathIsRejected(name: &quot;raw/a.eml.&quot;)" storage="c:\users\eddiz\documents\chatgpt\mail manager\.codex-coordination\build\root039-audit\bin\bitigmail.engine.tests\release\bitigmail.engine.tests.dll" id="c3ebdfa9-255c-0738-ec06-16ee51aeeca5">
      <Execution id="9e50a6cd-791f-42a9-968c-f0ccf11651c7" />
      <TestMethod codeBase="C:\Users\Eddiz\Documents\ChatGPT\Mail Manager\.codex-coordination\build\root039-audit\bin\BitigMail.Engine.Tests\release\BitigMail.Engine.Tests.dll" adapterTypeName="executor://xunit/VsTestRunner3/netcore/" className="BitigMail.Engine.Tests.ArchiveZipPayloadVerifierTests" name="UnsafeEntryPathIsRejected" />
    </UnitTest>
    <UnitTest name="BitigMail.Engine.Tests.ArchiveZipPayloadVerifierTests.UnsafeEntryPathIsRejected(name: &quot;raw/a.eml:stream&quot;)" storage="c:\users\eddiz\documents\chatgpt\mail manager\.codex-coordination\build\root039-audit\bin\bitigmail.engine.tests\release\bitigmail.engine.tests.dll" id="63626a3d-c061-cc78-cf7e-5fe4fc779e1a">
      <Execution id="13ce84ec-1e5f-4a06-abda-fff769b244ad" />
      <TestMethod codeBase="C:\Users\Eddiz\Documents\ChatGPT\Mail Manager\.codex-coordination\build\root039-audit\bin\BitigMail.Engine.Tests\release\BitigMail.Engine.Tests.dll" adapterTypeName="executor://xunit/VsTestRunner3/netcore/" className="BitigMail.Engine.Tests.ArchiveZipPayloadVerifierTests" name="UnsafeEntryPathIsRejected" />
    </UnitTest>
  </TestDefinitions>
  <TestEntries>
    <TestEntry testId="986bee70-fa37-29b9-18fb-b6ab3893c712" executionId="4d2c39d3-8ec6-465f-a467-018ea40445db" testListId="8c84fa94-04c1-424b-9868-57a2d4851a1d" />
    <TestEntry testId="8fac9999-fbad-0754-b2f3-ad0c8dd1e677" executionId="fd1654e0-a66f-4792-ae3e-1cdc95041e69" testListId="8c84fa94-04c1-424b-9868-57a2d4851a1d" />
    <TestEntry testId="98d14e53-04eb-4454-4b4e-0a932bacc1cc" executionId="5f6c7d35-3669-47e5-935d-f201318d9771" testListId="8c84fa94-04c1-424b-9868-57a2d4851a1d" />
    <TestEntry testId="a5cd3116-4e22-d703-5354-7468c176563d" executionId="5f77b527-694b-4ed8-b99d-4a88fb27a593" testListId="8c84fa94-04c1-424b-9868-57a2d4851a1d" />
    <TestEntry testId="958264ce-cf93-fa97-8611-5e03add76afd" executionId="562abc0f-5df0-4af9-a4be-95fbb3ece4c2" testListId="8c84fa94-04c1-424b-9868-57a2d4851a1d" />
    <TestEntry testId="f4e96b17-4b25-7f67-2c02-f0a8f7380aa1" executionId="46cff7fe-d46b-4c24-bb61-f8ac9e840de0" testListId="8c84fa94-04c1-424b-9868-57a2d4851a1d" />
    <TestEntry testId="a2a1cb8a-df08-3b09-525d-585053c4c600" executionId="1ba562ae-24fa-4f24-9bd2-a963dc7f37fc" testListId="8c84fa94-04c1-424b-9868-57a2d4851a1d" />
    <TestEntry testId="dfc9286b-18a4-24ee-6782-27445031d5b1" executionId="122c7f54-d204-438d-82b9-50733537a780" testListId="8c84fa94-04c1-424b-9868-57a2d4851a1d" />
    <TestEntry testId="21620173-23b2-183e-4dcc-7c04345013d7" executionId="68fff59c-a9af-4eb2-ba9b-f3e4e73a52a9" testListId="8c84fa94-04c1-424b-9868-57a2d4851a1d" />
    <TestEntry testId="fc94e645-724e-3ee7-1438-f521af728e71" executionId="f42c5b7b-117a-40ed-8118-7eefa3592ccc" testListId="8c84fa94-04c1-424b-9868-57a2d4851a1d" />
    <TestEntry testId="c31b8c0c-eddf-a0e1-b7b7-9043a89068ec" executionId="f8b11b8c-2d4c-44cf-bb53-6f5607411014" testListId="8c84fa94-04c1-424b-9868-57a2d4851a1d" />
    <TestEntry testId="efe895e2-2025-8414-0e5b-607ffa1a23fc" executionId="1a15b94c-3dd1-4c3a-bd7f-8e7ef22260b0" testListId="8c84fa94-04c1-424b-9868-57a2d4851a1d" />
    <TestEntry testId="93bbc945-b4ce-ccaa-47d5-0cb886743cce" executionId="ff2a25de-89f5-4ad4-bc19-5f08c1485f7e" testListId="8c84fa94-04c1-424b-9868-57a2d4851a1d" />
    <TestEntry testId="c3ebdfa9-255c-0738-ec06-16ee51aeeca5" executionId="9e50a6cd-791f-42a9-968c-f0ccf11651c7" testListId="8c84fa94-04c1-424b-9868-57a2d4851a1d" />
    <TestEntry testId="61cb92a7-649b-808c-76e7-b107d8bcebd1" executionId="ab578de4-9a97-4a11-9ae6-08712c7c16f2" testListId="8c84fa94-04c1-424b-9868-57a2d4851a1d" />
    <TestEntry testId="63626a3d-c061-cc78-cf7e-5fe4fc779e1a" executionId="13ce84ec-1e5f-4a06-abda-fff769b244ad" testListId="8c84fa94-04c1-424b-9868-57a2d4851a1d" />
    <TestEntry testId="d2c3fc21-ca79-0931-de1e-e1a9b7cc57a8" executionId="25b5c7cf-2b00-4ceb-9b09-bcac2b593725" testListId="8c84fa94-04c1-424b-9868-57a2d4851a1d" />
    <TestEntry testId="46e8c342-14d0-2d2d-16ab-247d96009391" executionId="24914615-f61a-48ad-b15f-95de96d948a9" testListId="8c84fa94-04c1-424b-9868-57a2d4851a1d" />
    <TestEntry testId="b6bba33f-8273-2e35-1cfb-6a283fc3c739" executionId="48c27b06-9482-4df3-876e-2f4e87d1f1c5" testListId="8c84fa94-04c1-424b-9868-57a2d4851a1d" />
  </TestEntries>
  <TestLists>
    <TestList name="Bir Listede Olmayan Sonuçlar" id="8c84fa94-04c1-424b-9868-57a2d4851a1d" />
    <TestList name="Yüklenen Tüm Sonuçlar" id="19431567-8539-422a-85d7-44ee4e166bda" />
  </TestLists>
  <ResultSummary outcome="Completed">
    <Counters total="19" executed="19" passed="19" failed="0" error="0" timeout="0" aborted="0" inconclusive="0" passedButRunAborted="0" notRunnable="0" notExecuted="0" disconnected="0" warning="0" completed="0" inProgress="0" pending="0" />
    <Output>
      <StdOut>[xUnit.net 00:00:00.00] xUnit.net VSTest Adapter v3.1.5+1b188a7b0a (64-bit .NET 8.0.31)&#xD;
[xUnit.net 00:00:00.08]   Discovering: BitigMail.Engine.Tests&#xD;
[xUnit.net 00:00:00.19]   Discovered:  BitigMail.Engine.Tests&#xD;
[xUnit.net 00:00:00.21]   Starting:    BitigMail.Engine.Tests&#xD;
[xUnit.net 00:00:00.27]   Finished:    BitigMail.Engine.Tests&#xD;
</StdOut>
    </Output>
  </ResultSummary>
</TestRun>