<?xml version="1.0" encoding="utf-8"?>
<TestRun id="a8c261ac-42f1-440c-b2a7-26401cf44996" name="Eddiz@MERCAN-PC 2026-09-20 03:00:43" runUser="MERCAN-PC\Eddiz" xmlns="http://microsoft.com/schemas/VisualStudio/TeamTest/2010">
  <Times creation="2026-09-20T03:00:43.5517635+03:00" queuing="2026-09-20T03:00:43.5517637+03:00" start="2026-09-20T03:00:42.9176022+03:00" finish="2026-09-20T03:00:44.8330141+03:00" />
  <TestSettings name="default" id="9d6061cf-7536-4a68-a582-5669dcebab4d">
    <Deployment runDeploymentRoot="Eddiz_MERCAN-PC_2026-09-20_03_00_43" />
  </TestSettings>
  <Results>
    <UnitTestResult executionId="8851405f-f7cd-4824-9503-52761718440b" testId="be9b3543-0bf6-648d-467a-6f8bc611ce45" testName="BitigMail.Engine.Tests.AuthenticatedSessionRegistryTests.CapacityIsBoundedAndExpiredSlotsAreReclaimed" computerName="MERCAN-PC" duration="00:00:00.0007471" startTime="2026-09-20T03:00:43.5251622+03:00" endTime="2026-09-20T03:00:43.5252136+03:00" testType="13cdc9d9-ddb5-4fa4-a97d-d965ccfc6d4b" outcome="Passed" testListId="8c84fa94-04c1-424b-9868-57a2d4851a1d" relativeResultsDirectory="8851405f-f7cd-4824-9503-52761718440b" />
    <UnitTestResult executionId="91a2732a-7cdd-47b4-8bbb-a7b96a3f7704" testId="4f140478-a49f-ecae-376b-41e9790e9acc" testName="BitigMail.Engine.Tests.IdentityCatalogBoundaryTests.NoopUpdateDoesNotInvalidateSessionAndOperatorCannotEditAccounts" computerName="MERCAN-PC" duration="00:00:00.0991331" startTime="2026-09-20T03:00:44.4926850+03:00" endTime="2026-09-20T03:00:44.5916889+03:00" testType="13cdc9d9-ddb5-4fa4-a97d-d965ccfc6d4b" outcome="Passed" testListId="8c84fa94-04c1-424b-9868-57a2d4851a1d" relativeResultsDirectory="91a2732a-7cdd-47b4-8bbb-a7b96a3f7704" />
    <UnitTestResult executionId="cd9e15da-0693-4a1f-8736-6d6151dcb88a" testId="f3c81146-7135-7ccb-5445-23af747cbe86" testName="BitigMail.Engine.Tests.FirstRunSetupProofTests.MalformedProofIsRejected(candidate: null)" computerName="MERCAN-PC" duration="00:00:00.0000816" startTime="2026-09-20T03:00:43.5258284+03:00" endTime="2026-09-20T03:00:43.5258568+03:00" testType="13cdc9d9-ddb5-4fa4-a97d-d965ccfc6d4b" outcome="Passed" testListId="8c84fa94-04c1-424b-9868-57a2d4851a1d" relativeResultsDirectory="cd9e15da-0693-4a1f-8736-6d6151dcb88a" />
    <UnitTestResult executionId="8af6b9db-162b-4f3a-9bbc-9b535f48eb6e" testId="5f2fc8fc-b8b9-773b-6779-dea4b0221244" testName="BitigMail.Engine.Tests.Task038IdentityCatalogTests.Session_uses_authoritative_security_version" computerName="MERCAN-PC" duration="00:00:00.1161328" startTime="2026-09-20T03:00:43.4874537+03:00" endTime="2026-09-20T03:00:43.6071168+03:00" testType="13cdc9d9-ddb5-4fa4-a97d-d965ccfc6d4b" outcome="Passed" testListId="8c84fa94-04c1-424b-9868-57a2d4851a1d" relativeResultsDirectory="8af6b9db-162b-4f3a-9bbc-9b535f48eb6e" />
    <UnitTestResult executionId="463828eb-771f-4253-8ff4-e88d3fec33a0" testId="aeffce67-a8b3-0531-102c-b2a5ebbad81b" testName="BitigMail.Engine.Tests.FirstRunSetupProofTests.MalformedProofIsRejected(candidate: &quot;abc&quot;)" computerName="MERCAN-PC" duration="00:00:00.0001010" startTime="2026-09-20T03:00:43.5257442+03:00" endTime="2026-09-20T03:00:43.5257791+03:00" testType="13cdc9d9-ddb5-4fa4-a97d-d965ccfc6d4b" outcome="Passed" testListId="8c84fa94-04c1-424b-9868-57a2d4851a1d" relativeResultsDirectory="463828eb-771f-4253-8ff4-e88d3fec33a0" />
    <UnitTestResult executionId="2c6ae972-0323-4808-b064-2e45047db3d2" testId="21e58501-b4ec-fd88-fdf2-cf1e0a196df0" testName="BitigMail.Engine.Tests.Task038IdentityCatalogTests.Bootstrap_hashes_password_and_authenticates_without_plaintext" computerName="MERCAN-PC" duration="00:00:00.1631199" startTime="2026-09-20T03:00:43.7243452+03:00" endTime="2026-09-20T03:00:43.8874315+03:00" testType="13cdc9d9-ddb5-4fa4-a97d-d965ccfc6d4b" outcome="Passed" testListId="8c84fa94-04c1-424b-9868-57a2d4851a1d" relativeResultsDirectory="2c6ae972-0323-4808-b064-2e45047db3d2" />
    <UnitTestResult executionId="5075dc4d-5de0-46cb-abd0-7ca6c18b0317" testId="878eb8bf-1136-e0e6-2caa-e59dd7ea2d7b" testName="BitigMail.Engine.Tests.AuthenticatedSessionRegistryTests.LogoutDuringCatalogReadCannotResurrectSession" computerName="MERCAN-PC" duration="00:00:00.0002898" startTime="2026-09-20T03:00:43.5255521+03:00" endTime="2026-09-20T03:00:43.5255795+03:00" testType="13cdc9d9-ddb5-4fa4-a97d-d965ccfc6d4b" outcome="Passed" testListId="8c84fa94-04c1-424b-9868-57a2d4851a1d" relativeResultsDirectory="5075dc4d-5de0-46cb-abd0-7ca6c18b0317" />
    <UnitTestResult executionId="6ca0d239-ec7d-491e-b509-c91afa3ed9e9" testId="46c9ad25-55fb-8026-cb97-3f87295e3278" testName="BitigMail.Engine.Tests.IdentityCatalogBoundaryTests.CorruptHashWithExcessiveWorkFactorIsRejectedBeforePasswordVerification" computerName="MERCAN-PC" duration="00:00:00.0617506" startTime="2026-09-20T03:00:44.1132640+03:00" endTime="2026-09-20T03:00:44.1744877+03:00" testType="13cdc9d9-ddb5-4fa4-a97d-d965ccfc6d4b" outcome="Passed" testListId="8c84fa94-04c1-424b-9868-57a2d4851a1d" relativeResultsDirectory="6ca0d239-ec7d-491e-b509-c91afa3ed9e9" />
    <UnitTestResult executionId="5e39a8a6-e60a-4904-8e1a-824ae3b5b14f" testId="7d6f2a9f-4a5f-e850-1780-cc6d2963e6b3" testName="BitigMail.Engine.Tests.IdentityCatalogBoundaryTests.LastAdministratorCannotBeDisabledOrDemoted" computerName="MERCAN-PC" duration="00:00:00.0568195" startTime="2026-09-20T03:00:43.8981376+03:00" endTime="2026-09-20T03:00:43.9549121+03:00" testType="13cdc9d9-ddb5-4fa4-a97d-d965ccfc6d4b" outcome="Passed" testListId="8c84fa94-04c1-424b-9868-57a2d4851a1d" relativeResultsDirectory="5e39a8a6-e60a-4904-8e1a-824ae3b5b14f" />
    <UnitTestResult executionId="aaba2df8-4b51-4667-aae3-0f7152bec561" testId="b1ab68b8-58c8-5297-bd63-bfaab3226e71" testName="BitigMail.Engine.Tests.IdentityCatalogBoundaryTests.ScopeRevocationAndDisableAreImmediatelyAuthoritativeAcrossInstances" computerName="MERCAN-PC" duration="00:00:00.1507354" startTime="2026-09-20T03:00:44.2698960+03:00" endTime="2026-09-20T03:00:44.4205649+03:00" testType="13cdc9d9-ddb5-4fa4-a97d-d965ccfc6d4b" outcome="Passed" testListId="8c84fa94-04c1-424b-9868-57a2d4851a1d" relativeResultsDirectory="aaba2df8-4b51-4667-aae3-0f7152bec561" />
    <UnitTestResult executionId="05f4b903-30aa-484d-9f48-0c0a342f3b7d" testId="baad1af8-4970-a8c3-7730-ae09671e33d9" testName="BitigMail.Engine.Tests.AuthenticatedSessionRegistryTests.IssuesUniquePrincipalBoundTokensAndRejectsModifiedToken" computerName="MERCAN-PC" duration="00:00:00.0092974" startTime="2026-09-20T03:00:43.5256468+03:00" endTime="2026-09-20T03:00:43.5268447+03:00" testType="13cdc9d9-ddb5-4fa4-a97d-d965ccfc6d4b" outcome="Passed" testListId="8c84fa94-04c1-424b-9868-57a2d4851a1d" relativeResultsDirectory="05f4b903-30aa-484d-9f48-0c0a342f3b7d" />
    <UnitTestResult executionId="85fcd6a4-3ae8-496b-a9c0-169440796091" testId="fc54adb6-e981-5a0a-ada2-c05bb065083b" testName="BitigMail.Engine.Tests.Task038IdentityCatalogTests.Admin_company_creation_and_scope_are_server_resolved" computerName="MERCAN-PC" duration="00:00:00.0708953" startTime="2026-09-20T03:00:43.8881028+03:00" endTime="2026-09-20T03:00:43.9583903+03:00" testType="13cdc9d9-ddb5-4fa4-a97d-d965ccfc6d4b" outcome="Passed" testListId="8c84fa94-04c1-424b-9868-57a2d4851a1d" relativeResultsDirectory="85fcd6a4-3ae8-496b-a9c0-169440796091" />
    <UnitTestResult executionId="2801d6bc-782c-4ecf-9c5c-96e919f12227" testId="b81222a5-1e69-195d-407e-ca01dfe2a8c1" testName="BitigMail.Engine.Tests.AuthenticatedSessionRegistryTests.ActiveSessionsStillExpireAtEightHours" computerName="MERCAN-PC" duration="00:00:00.0003897" startTime="2026-09-20T03:00:43.5054967+03:00" endTime="2026-09-20T03:00:43.5056827+03:00" testType="13cdc9d9-ddb5-4fa4-a97d-d965ccfc6d4b" outcome="Passed" testListId="8c84fa94-04c1-424b-9868-57a2d4851a1d" relativeResultsDirectory="2801d6bc-782c-4ecf-9c5c-96e919f12227" />
    <UnitTestResult executionId="3e3f04f6-3da7-4fa3-a4d5-727a06af0684" testId="6f5570ac-3089-6d1d-6807-0edd2b81eff5" testName="BitigMail.Engine.Tests.FirstRunSetupProofTests.ExpiryIsExactAndRestartCannotReuseOldProof" computerName="MERCAN-PC" duration="00:00:00.0002095" startTime="2026-09-20T03:00:43.5259909+03:00" endTime="2026-09-20T03:00:43.5260161+03:00" testType="13cdc9d9-ddb5-4fa4-a97d-d965ccfc6d4b" outcome="Passed" testListId="8c84fa94-04c1-424b-9868-57a2d4851a1d" relativeResultsDirectory="3e3f04f6-3da7-4fa3-a4d5-727a06af0684" />
    <UnitTestResult executionId="6c9012bd-983a-421e-b579-3ac42a658d9b" testId="4148fbbf-7af4-f332-7086-f86abdc1e07a" testName="BitigMail.Engine.Tests.AuthenticatedSessionRegistryTests.UserRevocationDoesNotRevokeAnotherUser" computerName="MERCAN-PC" duration="00:00:00.0004852" startTime="2026-09-20T03:00:43.5280809+03:00" endTime="2026-09-20T03:00:43.5281165+03:00" testType="13cdc9d9-ddb5-4fa4-a97d-d965ccfc6d4b" outcome="Passed" testListId="8c84fa94-04c1-424b-9868-57a2d4851a1d" relativeResultsDirectory="6c9012bd-983a-421e-b579-3ac42a658d9b" />
    <UnitTestResult executionId="9f335235-79e3-4b1d-93d8-4de730409b26" testId="6382ffaa-4146-5948-5639-51c49bd63ad1" testName="BitigMail.Engine.Tests.Task038IdentityCatalogTests.Bootstrap_proof_is_single_use_and_catalog_is_single_admin" computerName="MERCAN-PC" duration="00:00:00.1133539" startTime="2026-09-20T03:00:43.6109006+03:00" endTime="2026-09-20T03:00:43.7242143+03:00" testType="13cdc9d9-ddb5-4fa4-a97d-d965ccfc6d4b" outcome="Passed" testListId="8c84fa94-04c1-424b-9868-57a2d4851a1d" relativeResultsDirectory="9f335235-79e3-4b1d-93d8-4de730409b26" />
    <UnitTestResult executionId="beb84a01-0760-46f7-9543-2337eff6bf15" testId="664c5969-b214-9571-ae3d-b7f8d3d9e7e7" testName="BitigMail.Engine.Tests.AuthenticatedSessionRegistryTests.PerUserLimitIsEnforcedUnderConcurrentIssue" computerName="MERCAN-PC" duration="00:00:00.0056675" startTime="2026-09-20T03:00:43.5254394+03:00" endTime="2026-09-20T03:00:43.5254711+03:00" testType="13cdc9d9-ddb5-4fa4-a97d-d965ccfc6d4b" outcome="Passed" testListId="8c84fa94-04c1-424b-9868-57a2d4851a1d" relativeResultsDirectory="beb84a01-0760-46f7-9543-2337eff6bf15" />
    <UnitTestResult executionId="40c656a3-3d3c-4d81-be63-bdc888083c4e" testId="6e4769db-b95b-27f1-7ef1-b3c31a515def" testName="BitigMail.Engine.Tests.IdentityCatalogBoundaryTests.InvalidRoleDoesNotPersistUser" computerName="MERCAN-PC" duration="00:00:00.0950585" startTime="2026-09-20T03:00:44.1747538+03:00" endTime="2026-09-20T03:00:44.2696709+03:00" testType="13cdc9d9-ddb5-4fa4-a97d-d965ccfc6d4b" outcome="Passed" testListId="8c84fa94-04c1-424b-9868-57a2d4851a1d" relativeResultsDirectory="40c656a3-3d3c-4d81-be63-bdc888083c4e" />
    <UnitTestResult executionId="5b4eac2a-ed80-4b82-b103-7795f7fa1a17" testId="a096dad1-1579-9442-ed72-2edd789e38ef" testName="BitigMail.Engine.Tests.IdentityCatalogBoundaryTests.DuplicateJsonFieldCannotRedefineCatalogVersion" computerName="MERCAN-PC" duration="00:00:00.0717523" startTime="2026-09-20T03:00:44.4208036+03:00" endTime="2026-09-20T03:00:44.4924569+03:00" testType="13cdc9d9-ddb5-4fa4-a97d-d965ccfc6d4b" outcome="Passed" testListId="8c84fa94-04c1-424b-9868-57a2d4851a1d" relativeResultsDirectory="5b4eac2a-ed80-4b82-b103-7795f7fa1a17" />
    <UnitTestResult executionId="af84d276-659c-432e-939b-026e8338e415" testId="fd37ce72-fe10-53db-1681-60b07714918d" testName="BitigMail.Engine.Tests.AuthenticatedSessionRegistryTests.IdleExpiryIsExactAndActivityExtendsOnlyIdleDeadline" computerName="MERCAN-PC" duration="00:00:00.0042297" startTime="2026-09-20T03:00:43.4874833+03:00" endTime="2026-09-20T03:00:43.4993757+03:00" testType="13cdc9d9-ddb5-4fa4-a97d-d965ccfc6d4b" outcome="Passed" testListId="8c84fa94-04c1-424b-9868-57a2d4851a1d" relativeResultsDirectory="af84d276-659c-432e-939b-026e8338e415" />
    <UnitTestResult executionId="9d4f43d7-6092-4a61-b27b-c20e1b8340db" testId="5d3b4f4b-9b7b-7ad6-dc06-f1ec8690816a" testName="BitigMail.Engine.Tests.ProfileWriteLeaseTests.JunctionProfileDoesNotCreateLockOutsideRequestedDirectory" computerName="MERCAN-PC" duration="00:00:00.3428983" startTime="2026-09-20T03:00:44.1873841+03:00" endTime="2026-09-20T03:00:44.5304179+03:00" testType="13cdc9d9-ddb5-4fa4-a97d-d965ccfc6d4b" outcome="Passed" testListId="8c84fa94-04c1-424b-9868-57a2d4851a1d" relativeResultsDirectory="9d4f43d7-6092-4a61-b27b-c20e1b8340db" />
    <UnitTestResult executionId="571d09c1-21be-4bce-915d-206590e894e9" testId="4eb659b9-14be-5e3b-f8e2-90e3bb3bd6ae" testName="BitigMail.Engine.Tests.IdentityCatalogBoundaryTests.ReturnedGrantCollectionsCannotMutateAuthoritativeState" computerName="MERCAN-PC" duration="00:00:00.1305922" startTime="2026-09-20T03:00:43.7676051+03:00" endTime="2026-09-20T03:00:43.8979942+03:00" testType="13cdc9d9-ddb5-4fa4-a97d-d965ccfc6d4b" outcome="Passed" testListId="8c84fa94-04c1-424b-9868-57a2d4851a1d" relativeResultsDirectory="571d09c1-21be-4bce-915d-206590e894e9" />
    <UnitTestResult executionId="b48addad-8f4c-45c3-aad9-7af7a3a00051" testId="24bcba9f-6040-1df3-547e-ecf06079b5f1" testName="BitigMail.Engine.Tests.Task038IdentityCatalogTests.Corrupt_catalog_fails_closed" computerName="MERCAN-PC" duration="00:00:00.0037621" startTime="2026-09-20T03:00:43.6072811+03:00" endTime="2026-09-20T03:00:43.6107731+03:00" testType="13cdc9d9-ddb5-4fa4-a97d-d965ccfc6d4b" outcome="Passed" testListId="8c84fa94-04c1-424b-9868-57a2d4851a1d" relativeResultsDirectory="b48addad-8f4c-45c3-aad9-7af7a3a00051" />
    <UnitTestResult executionId="d43b8eef-2f83-4e49-890e-d610f3b5ee4c" testId="6e15d2f1-7222-531d-bbc8-ee22ea982833" testName="BitigMail.Engine.Tests.FirstRunSetupProofTests.InvalidProofDoesNotConsumeTheValidProof" computerName="MERCAN-PC" duration="00:00:00.0001195" startTime="2026-09-20T03:00:43.5054670+03:00" endTime="2026-09-20T03:00:43.5055531+03:00" testType="13cdc9d9-ddb5-4fa4-a97d-d965ccfc6d4b" outcome="Passed" testListId="8c84fa94-04c1-424b-9868-57a2d4851a1d" relativeResultsDirectory="d43b8eef-2f83-4e49-890e-d610f3b5ee4c" />
    <UnitTestResult executionId="a0c5a76f-e337-4eca-948c-943ac5613f29" testId="54a5e4e3-d256-9426-b5c2-26b736a33c5e" testName="BitigMail.Engine.Tests.IdentityCatalogBoundaryTests.InvalidSchemaFailsClosed(key: &quot;companies&quot;, replacement: &quot;null&quot;)" computerName="MERCAN-PC" duration="00:00:00.0537004" startTime="2026-09-20T03:00:44.0078957+03:00" endTime="2026-09-20T03:00:44.0615742+03:00" testType="13cdc9d9-ddb5-4fa4-a97d-d965ccfc6d4b" outcome="Passed" testListId="8c84fa94-04c1-424b-9868-57a2d4851a1d" relativeResultsDirectory="a0c5a76f-e337-4eca-948c-943ac5613f29" />
    <UnitTestResult executionId="79b3a840-1ff7-4d94-94a2-e5ca6615c951" testId="9d41abc8-8935-4550-2dab-c0fc51a3bb74" testName="BitigMail.Engine.Tests.IdentityCatalogBoundaryTests.PasswordChangeInvalidatesSessionAndOldPassword" computerName="MERCAN-PC" duration="00:00:00.2765431" startTime="2026-09-20T03:00:43.4864402+03:00" endTime="2026-09-20T03:00:43.7673518+03:00" testType="13cdc9d9-ddb5-4fa4-a97d-d965ccfc6d4b" outcome="Passed" testListId="8c84fa94-04c1-424b-9868-57a2d4851a1d" relativeResultsDirectory="79b3a840-1ff7-4d94-94a2-e5ca6615c951" />
    <UnitTestResult executionId="1f78b5a8-d26f-4807-a1bb-8c0bb28426f4" testId="aedd765f-f1a2-dc8c-c622-ac5eefe747bc" testName="BitigMail.Engine.Tests.ProfileWriteLeaseTests.SeparateWindowsProcessCannotBeBypassed" computerName="MERCAN-PC" duration="00:00:00.3357041" startTime="2026-09-20T03:00:43.4874691+03:00" endTime="2026-09-20T03:00:43.8285522+03:00" testType="13cdc9d9-ddb5-4fa4-a97d-d965ccfc6d4b" outcome="Passed" testListId="8c84fa94-04c1-424b-9868-57a2d4851a1d" relativeResultsDirectory="1f78b5a8-d26f-4807-a1bb-8c0bb28426f4" />
    <UnitTestResult executionId="97736990-845f-49a8-ae5c-beb1cf504892" testId="dcb7edd2-a792-37e1-2a9f-35e58323d62c" testName="BitigMail.Engine.Tests.IdentityCatalogBoundaryTests.InvalidSchemaFailsClosed(key: &quot;users&quot;, replacement: &quot;null&quot;)" computerName="MERCAN-PC" duration="00:00:00.0528114" startTime="2026-09-20T03:00:43.9550637+03:00" endTime="2026-09-20T03:00:44.0077903+03:00" testType="13cdc9d9-ddb5-4fa4-a97d-d965ccfc6d4b" outcome="Passed" testListId="8c84fa94-04c1-424b-9868-57a2d4851a1d" relativeResultsDirectory="97736990-845f-49a8-ae5c-beb1cf504892" />
    <UnitTestResult executionId="0f699260-3a66-4e9a-aaae-110f502bd6d8" testId="0ff58fdb-4195-3584-2295-2e070625c01f" testName="BitigMail.Engine.Tests.ProfileWriteLeaseTests.ExclusiveLeaseTimesOutAndReleaseAllowsNextWriter" computerName="MERCAN-PC" duration="00:00:00.0923995" startTime="2026-09-20T03:00:43.9071222+03:00" endTime="2026-09-20T03:00:43.9998105+03:00" testType="13cdc9d9-ddb5-4fa4-a97d-d965ccfc6d4b" outcome="Passed" testListId="8c84fa94-04c1-424b-9868-57a2d4851a1d" relativeResultsDirectory="0f699260-3a66-4e9a-aaae-110f502bd6d8" />
    <UnitTestResult executionId="a69cfe87-fd1c-4613-9d5a-6aaf057a7124" testId="449f8e7d-8bbf-1ba3-4356-99d99520abfa" testName="BitigMail.Engine.Tests.ProfileWriteLeaseTests.ConcurrentFirstAdminCheckAndPublishHasOneWinner" computerName="MERCAN-PC" duration="00:00:00.1830907" startTime="2026-09-20T03:00:43.9999669+03:00" endTime="2026-09-20T03:00:44.1871155+03:00" testType="13cdc9d9-ddb5-4fa4-a97d-d965ccfc6d4b" outcome="Passed" testListId="8c84fa94-04c1-424b-9868-57a2d4851a1d" relativeResultsDirectory="a69cfe87-fd1c-4613-9d5a-6aaf057a7124" />
    <UnitTestResult executionId="aa5a8254-307c-43d3-9e6d-62deb422ea39" testId="19717d0f-c4f7-e05d-1b8c-4fc6f9c110f9" testName="BitigMail.Engine.Tests.IdentityCatalogBoundaryTests.ConcurrentCatalogInstancesCannotLoseCompanyWrites" computerName="MERCAN-PC" duration="00:00:00.0848418" startTime="2026-09-20T03:00:44.7006397+03:00" endTime="2026-09-20T03:00:44.7854121+03:00" testType="13cdc9d9-ddb5-4fa4-a97d-d965ccfc6d4b" outcome="Passed" testListId="8c84fa94-04c1-424b-9868-57a2d4851a1d" relativeResultsDirectory="aa5a8254-307c-43d3-9e6d-62deb422ea39" />
    <UnitTestResult executionId="5e191009-7829-4c26-b9e8-8bb8abb782cc" testId="b254158b-e1e3-7546-ca77-c252bdbb98f1" testName="BitigMail.Engine.Tests.FirstRunSetupProofTests.MalformedProofIsRejected(candidate: &quot;&quot;)" computerName="MERCAN-PC" duration="00:00:00.0000054" startTime="2026-09-20T03:00:43.5259032+03:00" endTime="2026-09-20T03:00:43.5259281+03:00" testType="13cdc9d9-ddb5-4fa4-a97d-d965ccfc6d4b" outcome="Passed" testListId="8c84fa94-04c1-424b-9868-57a2d4851a1d" relativeResultsDirectory="5e191009-7829-4c26-b9e8-8bb8abb782cc" />
    <UnitTestResult executionId="42666647-2d4f-4c94-9e67-84ae04c2755f" testId="152ee0a2-94a7-e26b-9add-4e825b630092" testName="BitigMail.Engine.Tests.AuthenticatedSessionRegistryTests.SecurityVersionChangeOrDeletedUserRevokesSessions" computerName="MERCAN-PC" duration="00:00:00.0002582" startTime="2026-09-20T03:00:43.5057581+03:00" endTime="2026-09-20T03:00:43.5057860+03:00" testType="13cdc9d9-ddb5-4fa4-a97d-d965ccfc6d4b" outcome="Passed" testListId="8c84fa94-04c1-424b-9868-57a2d4851a1d" relativeResultsDirectory="42666647-2d4f-4c94-9e67-84ae04c2755f" />
    <UnitTestResult executionId="7921c414-1c24-44e9-9f96-1833aeacc278" testId="c261dfe4-a80b-2e95-96bc-f8152a659502" testName="BitigMail.Engine.Tests.FirstRunSetupProofTests.ValidProofHasExactlyOneWinnerAcrossConcurrentRequests" computerName="MERCAN-PC" duration="00:00:00.0127744" startTime="2026-09-20T03:00:43.5056522+03:00" endTime="2026-09-20T03:00:43.5256756+03:00" testType="13cdc9d9-ddb5-4fa4-a97d-d965ccfc6d4b" outcome="Passed" testListId="8c84fa94-04c1-424b-9868-57a2d4851a1d" relativeResultsDirectory="7921c414-1c24-44e9-9f96-1833aeacc278" />
    <UnitTestResult executionId="54d7a60c-d450-44bb-b3ba-8512bc2ead86" testId="2b0638af-96de-3dc8-e196-aed2f3103cbe" testName="BitigMail.Engine.Tests.IdentityCatalogBoundaryTests.SameCompanyDoesNotExposeUngrantedProject" computerName="MERCAN-PC" duration="00:00:00.1086392" startTime="2026-09-20T03:00:44.5918972+03:00" endTime="2026-09-20T03:00:44.7004487+03:00" testType="13cdc9d9-ddb5-4fa4-a97d-d965ccfc6d4b" outcome="Passed" testListId="8c84fa94-04c1-424b-9868-57a2d4851a1d" relativeResultsDirectory="54d7a60c-d450-44bb-b3ba-8512bc2ead86" />
    <UnitTestResult executionId="0f68b1c5-0c47-488c-a359-607bb4ca0d42" testId="16d1a8f8-165c-f00c-f426-604d5d7e9464" testName="BitigMail.Engine.Tests.IdentityCatalogBoundaryTests.InvalidSchemaFailsClosed(key: &quot;version&quot;, replacement: &quot;99&quot;)" computerName="MERCAN-PC" duration="00:00:00.0509660" startTime="2026-09-20T03:00:44.0616954+03:00" endTime="2026-09-20T03:00:44.1126181+03:00" testType="13cdc9d9-ddb5-4fa4-a97d-d965ccfc6d4b" outcome="Passed" testListId="8c84fa94-04c1-424b-9868-57a2d4851a1d" relativeResultsDirectory="0f68b1c5-0c47-488c-a359-607bb4ca0d42" />
    <UnitTestResult executionId="bab2f9f4-4c36-45ac-bca1-8fdba275986c" testId="69503222-58e6-db85-1164-4f02c57ae132" testName="BitigMail.Engine.Tests.FirstRunSetupProofTests.NativeInputIsSnapshottedAndDisposalRevokes" computerName="MERCAN-PC" duration="00:00:00.0041329" startTime="2026-09-20T03:00:43.4874201+03:00" endTime="2026-09-20T03:00:43.4966489+03:00" testType="13cdc9d9-ddb5-4fa4-a97d-d965ccfc6d4b" outcome="Passed" testListId="8c84fa94-04c1-424b-9868-57a2d4851a1d" relativeResultsDirectory="bab2f9f4-4c36-45ac-bca1-8fdba275986c" />
    <UnitTestResult executionId="aaadb529-b327-4c04-b89c-2d45cf33c312" testId="6cae3a47-23f2-9273-7587-be834f89ccfa" testName="BitigMail.Engine.Tests.ProfileWriteLeaseTests.CancellationDoesNotStealCurrentLease" computerName="MERCAN-PC" duration="00:00:00.0771850" startTime="2026-09-20T03:00:43.8295151+03:00" endTime="2026-09-20T03:00:43.9069953+03:00" testType="13cdc9d9-ddb5-4fa4-a97d-d965ccfc6d4b" outcome="Passed" testListId="8c84fa94-04c1-424b-9868-57a2d4851a1d" relativeResultsDirectory="aaadb529-b327-4c04-b89c-2d45cf33c312" />
  </Results>
  <TestDefinitions>
    <UnitTest name="BitigMail.Engine.Tests.AuthenticatedSessionRegistryTests.CapacityIsBoundedAndExpiredSlotsAreReclaimed" storage="c:\users\eddiz\documents\chatgpt\mail manager\.codex-coordination\build\root038-catalog\bin\bitigmail.engine.tests\release\bitigmail.engine.tests.dll" id="be9b3543-0bf6-648d-467a-6f8bc611ce45">
      <Execution id="8851405f-f7cd-4824-9503-52761718440b" />
      <TestMethod codeBase="C:\Users\Eddiz\Documents\ChatGPT\Mail Manager\.codex-coordination\build\root038-catalog\bin\BitigMail.Engine.Tests\release\BitigMail.Engine.Tests.dll" adapterTypeName="executor://xunit/VsTestRunner3/netcore/" className="BitigMail.Engine.Tests.AuthenticatedSessionRegistryTests" name="CapacityIsBoundedAndExpiredSlotsAreReclaimed" />
    </UnitTest>
    <UnitTest name="BitigMail.Engine.Tests.ProfileWriteLeaseTests.ConcurrentFirstAdminCheckAndPublishHasOneWinner" storage="c:\users\eddiz\documents\chatgpt\mail manager\.codex-coordination\build\root038-catalog\bin\bitigmail.engine.tests\release\bitigmail.engine.tests.dll" id="449f8e7d-8bbf-1ba3-4356-99d99520abfa">
      <Execution id="a69cfe87-fd1c-4613-9d5a-6aaf057a7124" />
      <TestMethod codeBase="C:\Users\Eddiz\Documents\ChatGPT\Mail Manager\.codex-coordination\build\root038-catalog\bin\BitigMail.Engine.Tests\release\BitigMail.Engine.Tests.dll" adapterTypeName="executor://xunit/VsTestRunner3/netcore/" className="BitigMail.Engine.Tests.ProfileWriteLeaseTests" name="ConcurrentFirstAdminCheckAndPublishHasOneWinner" />
    </UnitTest>
    <UnitTest name="BitigMail.Engine.Tests.FirstRunSetupProofTests.InvalidProofDoesNotConsumeTheValidProof" storage="c:\users\eddiz\documents\chatgpt\mail manager\.codex-coordination\build\root038-catalog\bin\bitigmail.engine.tests\release\bitigmail.engine.tests.dll" id="6e15d2f1-7222-531d-bbc8-ee22ea982833">
      <Execution id="d43b8eef-2f83-4e49-890e-d610f3b5ee4c" />
      <TestMethod codeBase="C:\Users\Eddiz\Documents\ChatGPT\Mail Manager\.codex-coordination\build\root038-catalog\bin\BitigMail.Engine.Tests\release\BitigMail.Engine.Tests.dll" adapterTypeName="executor://xunit/VsTestRunner3/netcore/" className="BitigMail.Engine.Tests.FirstRunSetupProofTests" name="InvalidProofDoesNotConsumeTheValidProof" />
    </UnitTest>
    <UnitTest name="BitigMail.Engine.Tests.IdentityCatalogBoundaryTests.ScopeRevocationAndDisableAreImmediatelyAuthoritativeAcrossInstances" storage="c:\users\eddiz\documents\chatgpt\mail manager\.codex-coordination\build\root038-catalog\bin\bitigmail.engine.tests\release\bitigmail.engine.tests.dll" id="b1ab68b8-58c8-5297-bd63-bfaab3226e71">
      <Execution id="aaba2df8-4b51-4667-aae3-0f7152bec561" />
      <TestMethod codeBase="C:\Users\Eddiz\Documents\ChatGPT\Mail Manager\.codex-coordination\build\root038-catalog\bin\BitigMail.Engine.Tests\release\BitigMail.Engine.Tests.dll" adapterTypeName="executor://xunit/VsTestRunner3/netcore/" className="BitigMail.Engine.Tests.IdentityCatalogBoundaryTests" name="ScopeRevocationAndDisableAreImmediatelyAuthoritativeAcrossInstances" />
    </UnitTest>
    <UnitTest name="BitigMail.Engine.Tests.IdentityCatalogBoundaryTests.SameCompanyDoesNotExposeUngrantedProject" storage="c:\users\eddiz\documents\chatgpt\mail manager\.codex-coordination\build\root038-catalog\bin\bitigmail.engine.tests\release\bitigmail.engine.tests.dll" id="2b0638af-96de-3dc8-e196-aed2f3103cbe">
      <Execution id="54d7a60c-d450-44bb-b3ba-8512bc2ead86" />
      <TestMethod codeBase="C:\Users\Eddiz\Documents\ChatGPT\Mail Manager\.codex-coordination\build\root038-catalog\bin\BitigMail.Engine.Tests\release\BitigMail.Engine.Tests.dll" adapterTypeName="executor://xunit/VsTestRunner3/netcore/" className="BitigMail.Engine.Tests.IdentityCatalogBoundaryTests" name="SameCompanyDoesNotExposeUngrantedProject" />
    </UnitTest>
    <UnitTest name="BitigMail.Engine.Tests.AuthenticatedSessionRegistryTests.ActiveSessionsStillExpireAtEightHours" storage="c:\users\eddiz\documents\chatgpt\mail manager\.codex-coordination\build\root038-catalog\bin\bitigmail.engine.tests\release\bitigmail.engine.tests.dll" id="b81222a5-1e69-195d-407e-ca01dfe2a8c1">
      <Execution id="2801d6bc-782c-4ecf-9c5c-96e919f12227" />
      <TestMethod codeBase="C:\Users\Eddiz\Documents\ChatGPT\Mail Manager\.codex-coordination\build\root038-catalog\bin\BitigMail.Engine.Tests\release\BitigMail.Engine.Tests.dll" adapterTypeName="executor://xunit/VsTestRunner3/netcore/" className="BitigMail.Engine.Tests.AuthenticatedSessionRegistryTests" name="ActiveSessionsStillExpireAtEightHours" />
    </UnitTest>
    <UnitTest name="BitigMail.Engine.Tests.FirstRunSetupProofTests.MalformedProofIsRejected(candidate: &quot;abc&quot;)" storage="c:\users\eddiz\documents\chatgpt\mail manager\.codex-coordination\build\root038-catalog\bin\bitigmail.engine.tests\release\bitigmail.engine.tests.dll" id="aeffce67-a8b3-0531-102c-b2a5ebbad81b">
      <Execution id="463828eb-771f-4253-8ff4-e88d3fec33a0" />
      <TestMethod codeBase="C:\Users\Eddiz\Documents\ChatGPT\Mail Manager\.codex-coordination\build\root038-catalog\bin\BitigMail.Engine.Tests\release\BitigMail.Engine.Tests.dll" adapterTypeName="executor://xunit/VsTestRunner3/netcore/" className="BitigMail.Engine.Tests.FirstRunSetupProofTests" name="MalformedProofIsRejected" />
    </UnitTest>
    <UnitTest name="BitigMail.Engine.Tests.AuthenticatedSessionRegistryTests.IdleExpiryIsExactAndActivityExtendsOnlyIdleDeadline" storage="c:\users\eddiz\documents\chatgpt\mail manager\.codex-coordination\build\root038-catalog\bin\bitigmail.engine.tests\release\bitigmail.engine.tests.dll" id="fd37ce72-fe10-53db-1681-60b07714918d">
      <Execution id="af84d276-659c-432e-939b-026e8338e415" />
      <TestMethod codeBase="C:\Users\Eddiz\Documents\ChatGPT\Mail Manager\.codex-coordination\build\root038-catalog\bin\BitigMail.Engine.Tests\release\BitigMail.Engine.Tests.dll" adapterTypeName="executor://xunit/VsTestRunner3/netcore/" className="BitigMail.Engine.Tests.AuthenticatedSessionRegistryTests" name="IdleExpiryIsExactAndActivityExtendsOnlyIdleDeadline" />
    </UnitTest>
    <UnitTest name="BitigMail.Engine.Tests.ProfileWriteLeaseTests.SeparateWindowsProcessCannotBeBypassed" storage="c:\users\eddiz\documents\chatgpt\mail manager\.codex-coordination\build\root038-catalog\bin\bitigmail.engine.tests\release\bitigmail.engine.tests.dll" id="aedd765f-f1a2-dc8c-c622-ac5eefe747bc">
      <Execution id="1f78b5a8-d26f-4807-a1bb-8c0bb28426f4" />
      <TestMethod codeBase="C:\Users\Eddiz\Documents\ChatGPT\Mail Manager\.codex-coordination\build\root038-catalog\bin\BitigMail.Engine.Tests\release\BitigMail.Engine.Tests.dll" adapterTypeName="executor://xunit/VsTestRunner3/netcore/" className="BitigMail.Engine.Tests.ProfileWriteLeaseTests" name="SeparateWindowsProcessCannotBeBypassed" />
    </UnitTest>
    <UnitTest name="BitigMail.Engine.Tests.IdentityCatalogBoundaryTests.InvalidSchemaFailsClosed(key: &quot;users&quot;, replacement: &quot;null&quot;)" storage="c:\users\eddiz\documents\chatgpt\mail manager\.codex-coordination\build\root038-catalog\bin\bitigmail.engine.tests\release\bitigmail.engine.tests.dll" id="dcb7edd2-a792-37e1-2a9f-35e58323d62c">
      <Execution id="97736990-845f-49a8-ae5c-beb1cf504892" />
      <TestMethod codeBase="C:\Users\Eddiz\Documents\ChatGPT\Mail Manager\.codex-coordination\build\root038-catalog\bin\BitigMail.Engine.Tests\release\BitigMail.Engine.Tests.dll" adapterTypeName="executor://xunit/VsTestRunner3/netcore/" className="BitigMail.Engine.Tests.IdentityCatalogBoundaryTests" name="InvalidSchemaFailsClosed" />
    </UnitTest>
    <UnitTest name="BitigMail.Engine.Tests.IdentityCatalogBoundaryTests.ReturnedGrantCollectionsCannotMutateAuthoritativeState" storage="c:\users\eddiz\documents\chatgpt\mail manager\.codex-coordination\build\root038-catalog\bin\bitigmail.engine.tests\release\bitigmail.engine.tests.dll" id="4eb659b9-14be-5e3b-f8e2-90e3bb3bd6ae">
      <Execution id="571d09c1-21be-4bce-915d-206590e894e9" />
      <TestMethod codeBase="C:\Users\Eddiz\Documents\ChatGPT\Mail Manager\.codex-coordination\build\root038-catalog\bin\BitigMail.Engine.Tests\release\BitigMail.Engine.Tests.dll" adapterTypeName="executor://xunit/VsTestRunner3/netcore/" className="BitigMail.Engine.Tests.IdentityCatalogBoundaryTests" name="ReturnedGrantCollectionsCannotMutateAuthoritativeState" />
    </UnitTest>
    <UnitTest name="BitigMail.Engine.Tests.IdentityCatalogBoundaryTests.NoopUpdateDoesNotInvalidateSessionAndOperatorCannotEditAccounts" storage="c:\users\eddiz\documents\chatgpt\mail manager\.codex-coordination\build\root038-catalog\bin\bitigmail.engine.tests\release\bitigmail.engine.tests.dll" id="4f140478-a49f-ecae-376b-41e9790e9acc">
      <Execution id="91a2732a-7cdd-47b4-8bbb-a7b96a3f7704" />
      <TestMethod codeBase="C:\Users\Eddiz\Documents\ChatGPT\Mail Manager\.codex-coordination\build\root038-catalog\bin\BitigMail.Engine.Tests\release\BitigMail.Engine.Tests.dll" adapterTypeName="executor://xunit/VsTestRunner3/netcore/" className="BitigMail.Engine.Tests.IdentityCatalogBoundaryTests" name="NoopUpdateDoesNotInvalidateSessionAndOperatorCannotEditAccounts" />
    </UnitTest>
    <UnitTest name="BitigMail.Engine.Tests.AuthenticatedSessionRegistryTests.PerUserLimitIsEnforcedUnderConcurrentIssue" storage="c:\users\eddiz\documents\chatgpt\mail manager\.codex-coordination\build\root038-catalog\bin\bitigmail.engine.tests\release\bitigmail.engine.tests.dll" id="664c5969-b214-9571-ae3d-b7f8d3d9e7e7">
      <Execution id="beb84a01-0760-46f7-9543-2337eff6bf15" />
      <TestMethod codeBase="C:\Users\Eddiz\Documents\ChatGPT\Mail Manager\.codex-coordination\build\root038-catalog\bin\BitigMail.Engine.Tests\release\BitigMail.Engine.Tests.dll" adapterTypeName="executor://xunit/VsTestRunner3/netcore/" className="BitigMail.Engine.Tests.AuthenticatedSessionRegistryTests" name="PerUserLimitIsEnforcedUnderConcurrentIssue" />
    </UnitTest>
    <UnitTest name="BitigMail.Engine.Tests.ProfileWriteLeaseTests.JunctionProfileDoesNotCreateLockOutsideRequestedDirectory" storage="c:\users\eddiz\documents\chatgpt\mail manager\.codex-coordination\build\root038-catalog\bin\bitigmail.engine.tests\release\bitigmail.engine.tests.dll" id="5d3b4f4b-9b7b-7ad6-dc06-f1ec8690816a">
      <Execution id="9d4f43d7-6092-4a61-b27b-c20e1b8340db" />
      <TestMethod codeBase="C:\Users\Eddiz\Documents\ChatGPT\Mail Manager\.codex-coordination\build\root038-catalog\bin\BitigMail.Engine.Tests\release\BitigMail.Engine.Tests.dll" adapterTypeName="executor://xunit/VsTestRunner3/netcore/" className="BitigMail.Engine.Tests.ProfileWriteLeaseTests" name="JunctionProfileDoesNotCreateLockOutsideRequestedDirectory" />
    </UnitTest>
    <UnitTest name="BitigMail.Engine.Tests.AuthenticatedSessionRegistryTests.LogoutDuringCatalogReadCannotResurrectSession" storage="c:\users\eddiz\documents\chatgpt\mail manager\.codex-coordination\build\root038-catalog\bin\bitigmail.engine.tests\release\bitigmail.engine.tests.dll" id="878eb8bf-1136-e0e6-2caa-e59dd7ea2d7b">
      <Execution id="5075dc4d-5de0-46cb-abd0-7ca6c18b0317" />
      <TestMethod codeBase="C:\Users\Eddiz\Documents\ChatGPT\Mail Manager\.codex-coordination\build\root038-catalog\bin\BitigMail.Engine.Tests\release\BitigMail.Engine.Tests.dll" adapterTypeName="executor://xunit/VsTestRunner3/netcore/" className="BitigMail.Engine.Tests.AuthenticatedSessionRegistryTests" name="LogoutDuringCatalogReadCannotResurrectSession" />
    </UnitTest>
    <UnitTest name="BitigMail.Engine.Tests.Task038IdentityCatalogTests.Bootstrap_proof_is_single_use_and_catalog_is_single_admin" storage="c:\users\eddiz\documents\chatgpt\mail manager\.codex-coordination\build\root038-catalog\bin\bitigmail.engine.tests\release\bitigmail.engine.tests.dll" id="6382ffaa-4146-5948-5639-51c49bd63ad1">
      <Execution id="9f335235-79e3-4b1d-93d8-4de730409b26" />
      <TestMethod codeBase="C:\Users\Eddiz\Documents\ChatGPT\Mail Manager\.codex-coordination\build\root038-catalog\bin\BitigMail.Engine.Tests\release\BitigMail.Engine.Tests.dll" adapterTypeName="executor://xunit/VsTestRunner3/netcore/" className="BitigMail.Engine.Tests.Task038IdentityCatalogTests" name="Bootstrap_proof_is_single_use_and_catalog_is_single_admin" />
    </UnitTest>
    <UnitTest name="BitigMail.Engine.Tests.FirstRunSetupProofTests.MalformedProofIsRejected(candidate: null)" storage="c:\users\eddiz\documents\chatgpt\mail manager\.codex-coordination\build\root038-catalog\bin\bitigmail.engine.tests\release\bitigmail.engine.tests.dll" id="f3c81146-7135-7ccb-5445-23af747cbe86">
      <Execution id="cd9e15da-0693-4a1f-8736-6d6151dcb88a" />
      <TestMethod codeBase="C:\Users\Eddiz\Documents\ChatGPT\Mail Manager\.codex-coordination\build\root038-catalog\bin\BitigMail.Engine.Tests\release\BitigMail.Engine.Tests.dll" adapterTypeName="executor://xunit/VsTestRunner3/netcore/" className="BitigMail.Engine.Tests.FirstRunSetupProofTests" name="MalformedProofIsRejected" />
    </UnitTest>
    <UnitTest name="BitigMail.Engine.Tests.AuthenticatedSessionRegistryTests.IssuesUniquePrincipalBoundTokensAndRejectsModifiedToken" storage="c:\users\eddiz\documents\chatgpt\mail manager\.codex-coordination\build\root038-catalog\bin\bitigmail.engine.tests\release\bitigmail.engine.tests.dll" id="baad1af8-4970-a8c3-7730-ae09671e33d9">
      <Execution id="05f4b903-30aa-484d-9f48-0c0a342f3b7d" />
      <TestMethod codeBase="C:\Users\Eddiz\Documents\ChatGPT\Mail Manager\.codex-coordination\build\root038-catalog\bin\BitigMail.Engine.Tests\release\BitigMail.Engine.Tests.dll" adapterTypeName="executor://xunit/VsTestRunner3/netcore/" className="BitigMail.Engine.Tests.AuthenticatedSessionRegistryTests" name="IssuesUniquePrincipalBoundTokensAndRejectsModifiedToken" />
    </UnitTest>
    <UnitTest name="BitigMail.Engine.Tests.FirstRunSetupProofTests.ExpiryIsExactAndRestartCannotReuseOldProof" storage="c:\users\eddiz\documents\chatgpt\mail manager\.codex-coordination\build\root038-catalog\bin\bitigmail.engine.tests\release\bitigmail.engine.tests.dll" id="6f5570ac-3089-6d1d-6807-0edd2b81eff5">
      <Execution id="3e3f04f6-3da7-4fa3-a4d5-727a06af0684" />
      <TestMethod codeBase="C:\Users\Eddiz\Documents\ChatGPT\Mail Manager\.codex-coordination\build\root038-catalog\bin\BitigMail.Engine.Tests\release\BitigMail.Engine.Tests.dll" adapterTypeName="executor://xunit/VsTestRunner3/netcore/" className="BitigMail.Engine.Tests.FirstRunSetupProofTests" name="ExpiryIsExactAndRestartCannotReuseOldProof" />
    </UnitTest>
    <UnitTest name="BitigMail.Engine.Tests.FirstRunSetupProofTests.MalformedProofIsRejected(candidate: &quot;&quot;)" storage="c:\users\eddiz\documents\chatgpt\mail manager\.codex-coordination\build\root038-catalog\bin\bitigmail.engine.tests\release\bitigmail.engine.tests.dll" id="b254158b-e1e3-7546-ca77-c252bdbb98f1">
      <Execution id="5e191009-7829-4c26-b9e8-8bb8abb782cc" />
      <TestMethod codeBase="C:\Users\Eddiz\Documents\ChatGPT\Mail Manager\.codex-coordination\build\root038-catalog\bin\BitigMail.Engine.Tests\release\BitigMail.Engine.Tests.dll" adapterTypeName="executor://xunit/VsTestRunner3/netcore/" className="BitigMail.Engine.Tests.FirstRunSetupProofTests" name="MalformedProofIsRejected" />
    </UnitTest>
    <UnitTest name="BitigMail.Engine.Tests.Task038IdentityCatalogTests.Admin_company_creation_and_scope_are_server_resolved" storage="c:\users\eddiz\documents\chatgpt\mail manager\.codex-coordination\build\root038-catalog\bin\bitigmail.engine.tests\release\bitigmail.engine.tests.dll" id="fc54adb6-e981-5a0a-ada2-c05bb065083b">
      <Execution id="85fcd6a4-3ae8-496b-a9c0-169440796091" />
      <TestMethod codeBase="C:\Users\Eddiz\Documents\ChatGPT\Mail Manager\.codex-coordination\build\root038-catalog\bin\BitigMail.Engine.Tests\release\BitigMail.Engine.Tests.dll" adapterTypeName="executor://xunit/VsTestRunner3/netcore/" className="BitigMail.Engine.Tests.Task038IdentityCatalogTests" name="Admin_company_creation_and_scope_are_server_resolved" />
    </UnitTest>
    <UnitTest name="BitigMail.Engine.Tests.IdentityCatalogBoundaryTests.InvalidRoleDoesNotPersistUser" storage="c:\users\eddiz\documents\chatgpt\mail manager\.codex-coordination\build\root038-catalog\bin\bitigmail.engine.tests\release\bitigmail.engine.tests.dll" id="6e4769db-b95b-27f1-7ef1-b3c31a515def">
      <Execution id="40c656a3-3d3c-4d81-be63-bdc888083c4e" />
      <TestMethod codeBase="C:\Users\Eddiz\Documents\ChatGPT\Mail Manager\.codex-coordination\build\root038-catalog\bin\BitigMail.Engine.Tests\release\BitigMail.Engine.Tests.dll" adapterTypeName="executor://xunit/VsTestRunner3/netcore/" className="BitigMail.Engine.Tests.IdentityCatalogBoundaryTests" name="InvalidRoleDoesNotPersistUser" />
    </UnitTest>
    <UnitTest name="BitigMail.Engine.Tests.FirstRunSetupProofTests.NativeInputIsSnapshottedAndDisposalRevokes" storage="c:\users\eddiz\documents\chatgpt\mail manager\.codex-coordination\build\root038-catalog\bin\bitigmail.engine.tests\release\bitigmail.engine.tests.dll" id="69503222-58e6-db85-1164-4f02c57ae132">
      <Execution id="bab2f9f4-4c36-45ac-bca1-8fdba275986c" />
      <TestMethod codeBase="C:\Users\Eddiz\Documents\ChatGPT\Mail Manager\.codex-coordination\build\root038-catalog\bin\BitigMail.Engine.Tests\release\BitigMail.Engine.Tests.dll" adapterTypeName="executor://xunit/VsTestRunner3/netcore/" className="BitigMail.Engine.Tests.FirstRunSetupProofTests" name="NativeInputIsSnapshottedAndDisposalRevokes" />
    </UnitTest>
    <UnitTest name="BitigMail.Engine.Tests.IdentityCatalogBoundaryTests.LastAdministratorCannotBeDisabledOrDemoted" storage="c:\users\eddiz\documents\chatgpt\mail manager\.codex-coordination\build\root038-catalog\bin\bitigmail.engine.tests\release\bitigmail.engine.tests.dll" id="7d6f2a9f-4a5f-e850-1780-cc6d2963e6b3">
      <Execution id="5e39a8a6-e60a-4904-8e1a-824ae3b5b14f" />
      <TestMethod codeBase="C:\Users\Eddiz\Documents\ChatGPT\Mail Manager\.codex-coordination\build\root038-catalog\bin\BitigMail.Engine.Tests\release\BitigMail.Engine.Tests.dll" adapterTypeName="executor://xunit/VsTestRunner3/netcore/" className="BitigMail.Engine.Tests.IdentityCatalogBoundaryTests" name="LastAdministratorCannotBeDisabledOrDemoted" />
    </UnitTest>
    <UnitTest name="BitigMail.Engine.Tests.IdentityCatalogBoundaryTests.InvalidSchemaFailsClosed(key: &quot;companies&quot;, replacement: &quot;null&quot;)" storage="c:\users\eddiz\documents\chatgpt\mail manager\.codex-coordination\build\root038-catalog\bin\bitigmail.engine.tests\release\bitigmail.engine.tests.dll" id="54a5e4e3-d256-9426-b5c2-26b736a33c5e">
      <Execution id="a0c5a76f-e337-4eca-948c-943ac5613f29" />
      <TestMethod codeBase="C:\Users\Eddiz\Documents\ChatGPT\Mail Manager\.codex-coordination\build\root038-catalog\bin\BitigMail.Engine.Tests\release\BitigMail.Engine.Tests.dll" adapterTypeName="executor://xunit/VsTestRunner3/netcore/" className="BitigMail.Engine.Tests.IdentityCatalogBoundaryTests" name="InvalidSchemaFailsClosed" />
    </UnitTest>
    <UnitTest name="BitigMail.Engine.Tests.IdentityCatalogBoundaryTests.InvalidSchemaFailsClosed(key: &quot;version&quot;, replacement: &quot;99&quot;)" storage="c:\users\eddiz\documents\chatgpt\mail manager\.codex-coordination\build\root038-catalog\bin\bitigmail.engine.tests\release\bitigmail.engine.tests.dll" id="16d1a8f8-165c-f00c-f426-604d5d7e9464">
      <Execution id="0f68b1c5-0c47-488c-a359-607bb4ca0d42" />
      <TestMethod codeBase="C:\Users\Eddiz\Documents\ChatGPT\Mail Manager\.codex-coordination\build\root038-catalog\bin\BitigMail.Engine.Tests\release\BitigMail.Engine.Tests.dll" adapterTypeName="executor://xunit/VsTestRunner3/netcore/" className="BitigMail.Engine.Tests.IdentityCatalogBoundaryTests" name="InvalidSchemaFailsClosed" />
    </UnitTest>
    <UnitTest name="BitigMail.Engine.Tests.Task038IdentityCatalogTests.Bootstrap_hashes_password_and_authenticates_without_plaintext" storage="c:\users\eddiz\documents\chatgpt\mail manager\.codex-coordination\build\root038-catalog\bin\bitigmail.engine.tests\release\bitigmail.engine.tests.dll" id="21e58501-b4ec-fd88-fdf2-cf1e0a196df0">
      <Execution id="2c6ae972-0323-4808-b064-2e45047db3d2" />
      <TestMethod codeBase="C:\Users\Eddiz\Documents\ChatGPT\Mail Manager\.codex-coordination\build\root038-catalog\bin\BitigMail.Engine.Tests\release\BitigMail.Engine.Tests.dll" adapterTypeName="executor://xunit/VsTestRunner3/netcore/" className="BitigMail.Engine.Tests.Task038IdentityCatalogTests" name="Bootstrap_hashes_password_and_authenticates_without_plaintext" />
    </UnitTest>
    <UnitTest name="BitigMail.Engine.Tests.IdentityCatalogBoundaryTests.CorruptHashWithExcessiveWorkFactorIsRejectedBeforePasswordVerification" storage="c:\users\eddiz\documents\chatgpt\mail manager\.codex-coordination\build\root038-catalog\bin\bitigmail.engine.tests\release\bitigmail.engine.tests.dll" id="46c9ad25-55fb-8026-cb97-3f87295e3278">
      <Execution id="6ca0d239-ec7d-491e-b509-c91afa3ed9e9" />
      <TestMethod codeBase="C:\Users\Eddiz\Documents\ChatGPT\Mail Manager\.codex-coordination\build\root038-catalog\bin\BitigMail.Engine.Tests\release\BitigMail.Engine.Tests.dll" adapterTypeName="executor://xunit/VsTestRunner3/netcore/" className="BitigMail.Engine.Tests.IdentityCatalogBoundaryTests" name="CorruptHashWithExcessiveWorkFactorIsRejectedBeforePasswordVerification" />
    </UnitTest>
    <UnitTest name="BitigMail.Engine.Tests.IdentityCatalogBoundaryTests.ConcurrentCatalogInstancesCannotLoseCompanyWrites" storage="c:\users\eddiz\documents\chatgpt\mail manager\.codex-coordination\build\root038-catalog\bin\bitigmail.engine.tests\release\bitigmail.engine.tests.dll" id="19717d0f-c4f7-e05d-1b8c-4fc6f9c110f9">
      <Execution id="aa5a8254-307c-43d3-9e6d-62deb422ea39" />
      <TestMethod codeBase="C:\Users\Eddiz\Documents\ChatGPT\Mail Manager\.codex-coordination\build\root038-catalog\bin\BitigMail.Engine.Tests\release\BitigMail.Engine.Tests.dll" adapterTypeName="executor://xunit/VsTestRunner3/netcore/" className="BitigMail.Engine.Tests.IdentityCatalogBoundaryTests" name="ConcurrentCatalogInstancesCannotLoseCompanyWrites" />
    </UnitTest>
    <UnitTest name="BitigMail.Engine.Tests.ProfileWriteLeaseTests.CancellationDoesNotStealCurrentLease" storage="c:\users\eddiz\documents\chatgpt\mail manager\.codex-coordination\build\root038-catalog\bin\bitigmail.engine.tests\release\bitigmail.engine.tests.dll" id="6cae3a47-23f2-9273-7587-be834f89ccfa">
      <Execution id="aaadb529-b327-4c04-b89c-2d45cf33c312" />
      <TestMethod codeBase="C:\Users\Eddiz\Documents\ChatGPT\Mail Manager\.codex-coordination\build\root038-catalog\bin\BitigMail.Engine.Tests\release\BitigMail.Engine.Tests.dll" adapterTypeName="executor://xunit/VsTestRunner3/netcore/" className="BitigMail.Engine.Tests.ProfileWriteLeaseTests" name="CancellationDoesNotStealCurrentLease" />
    </UnitTest>
    <UnitTest name="BitigMail.Engine.Tests.FirstRunSetupProofTests.ValidProofHasExactlyOneWinnerAcrossConcurrentRequests" storage="c:\users\eddiz\documents\chatgpt\mail manager\.codex-coordination\build\root038-catalog\bin\bitigmail.engine.tests\release\bitigmail.engine.tests.dll" id="c261dfe4-a80b-2e95-96bc-f8152a659502">
      <Execution id="7921c414-1c24-44e9-9f96-1833aeacc278" />
      <TestMethod codeBase="C:\Users\Eddiz\Documents\ChatGPT\Mail Manager\.codex-coordination\build\root038-catalog\bin\BitigMail.Engine.Tests\release\BitigMail.Engine.Tests.dll" adapterTypeName="executor://xunit/VsTestRunner3/netcore/" className="BitigMail.Engine.Tests.FirstRunSetupProofTests" name="ValidProofHasExactlyOneWinnerAcrossConcurrentRequests" />
    </UnitTest>
    <UnitTest name="BitigMail.Engine.Tests.IdentityCatalogBoundaryTests.PasswordChangeInvalidatesSessionAndOldPassword" storage="c:\users\eddiz\documents\chatgpt\mail manager\.codex-coordination\build\root038-catalog\bin\bitigmail.engine.tests\release\bitigmail.engine.tests.dll" id="9d41abc8-8935-4550-2dab-c0fc51a3bb74">
      <Execution id="79b3a840-1ff7-4d94-94a2-e5ca6615c951" />
      <TestMethod codeBase="C:\Users\Eddiz\Documents\ChatGPT\Mail Manager\.codex-coordination\build\root038-catalog\bin\BitigMail.Engine.Tests\release\BitigMail.Engine.Tests.dll" adapterTypeName="executor://xunit/VsTestRunner3/netcore/" className="BitigMail.Engine.Tests.IdentityCatalogBoundaryTests" name="PasswordChangeInvalidatesSessionAndOldPassword" />
    </UnitTest>
    <UnitTest name="BitigMail.Engine.Tests.ProfileWriteLeaseTests.ExclusiveLeaseTimesOutAndReleaseAllowsNextWriter" storage="c:\users\eddiz\documents\chatgpt\mail manager\.codex-coordination\build\root038-catalog\bin\bitigmail.engine.tests\release\bitigmail.engine.tests.dll" id="0ff58fdb-4195-3584-2295-2e070625c01f">
      <Execution id="0f699260-3a66-4e9a-aaae-110f502bd6d8" />
      <TestMethod codeBase="C:\Users\Eddiz\Documents\ChatGPT\Mail Manager\.codex-coordination\build\root038-catalog\bin\BitigMail.Engine.Tests\release\BitigMail.Engine.Tests.dll" adapterTypeName="executor://xunit/VsTestRunner3/netcore/" className="BitigMail.Engine.Tests.ProfileWriteLeaseTests" name="ExclusiveLeaseTimesOutAndReleaseAllowsNextWriter" />
    </UnitTest>
    <UnitTest name="BitigMail.Engine.Tests.Task038IdentityCatalogTests.Session_uses_authoritative_security_version" storage="c:\users\eddiz\documents\chatgpt\mail manager\.codex-coordination\build\root038-catalog\bin\bitigmail.engine.tests\release\bitigmail.engine.tests.dll" id="5f2fc8fc-b8b9-773b-6779-dea4b0221244">
      <Execution id="8af6b9db-162b-4f3a-9bbc-9b535f48eb6e" />
      <TestMethod codeBase="C:\Users\Eddiz\Documents\ChatGPT\Mail Manager\.codex-coordination\build\root038-catalog\bin\BitigMail.Engine.Tests\release\BitigMail.Engine.Tests.dll" adapterTypeName="executor://xunit/VsTestRunner3/netcore/" className="BitigMail.Engine.Tests.Task038IdentityCatalogTests" name="Session_uses_authoritative_security_version" />
    </UnitTest>
    <UnitTest name="BitigMail.Engine.Tests.Task038IdentityCatalogTests.Corrupt_catalog_fails_closed" storage="c:\users\eddiz\documents\chatgpt\mail manager\.codex-coordination\build\root038-catalog\bin\bitigmail.engine.tests\release\bitigmail.engine.tests.dll" id="24bcba9f-6040-1df3-547e-ecf06079b5f1">
      <Execution id="b48addad-8f4c-45c3-aad9-7af7a3a00051" />
      <TestMethod codeBase="C:\Users\Eddiz\Documents\ChatGPT\Mail Manager\.codex-coordination\build\root038-catalog\bin\BitigMail.Engine.Tests\release\BitigMail.Engine.Tests.dll" adapterTypeName="executor://xunit/VsTestRunner3/netcore/" className="BitigMail.Engine.Tests.Task038IdentityCatalogTests" name="Corrupt_catalog_fails_closed" />
    </UnitTest>
    <UnitTest name="BitigMail.Engine.Tests.IdentityCatalogBoundaryTests.DuplicateJsonFieldCannotRedefineCatalogVersion" storage="c:\users\eddiz\documents\chatgpt\mail manager\.codex-coordination\build\root038-catalog\bin\bitigmail.engine.tests\release\bitigmail.engine.tests.dll" id="a096dad1-1579-9442-ed72-2edd789e38ef">
      <Execution id="5b4eac2a-ed80-4b82-b103-7795f7fa1a17" />
      <TestMethod codeBase="C:\Users\Eddiz\Documents\ChatGPT\Mail Manager\.codex-coordination\build\root038-catalog\bin\BitigMail.Engine.Tests\release\BitigMail.Engine.Tests.dll" adapterTypeName="executor://xunit/VsTestRunner3/netcore/" className="BitigMail.Engine.Tests.IdentityCatalogBoundaryTests" name="DuplicateJsonFieldCannotRedefineCatalogVersion" />
    </UnitTest>
    <UnitTest name="BitigMail.Engine.Tests.AuthenticatedSessionRegistryTests.SecurityVersionChangeOrDeletedUserRevokesSessions" storage="c:\users\eddiz\documents\chatgpt\mail manager\.codex-coordination\build\root038-catalog\bin\bitigmail.engine.tests\release\bitigmail.engine.tests.dll" id="152ee0a2-94a7-e26b-9add-4e825b630092">
      <Execution id="42666647-2d4f-4c94-9e67-84ae04c2755f" />
      <TestMethod codeBase="C:\Users\Eddiz\Documents\ChatGPT\Mail Manager\.codex-coordination\build\root038-catalog\bin\BitigMail.Engine.Tests\release\BitigMail.Engine.Tests.dll" adapterTypeName="executor://xunit/VsTestRunner3/netcore/" className="BitigMail.Engine.Tests.AuthenticatedSessionRegistryTests" name="SecurityVersionChangeOrDeletedUserRevokesSessions" />
    </UnitTest>
    <UnitTest name="BitigMail.Engine.Tests.AuthenticatedSessionRegistryTests.UserRevocationDoesNotRevokeAnotherUser" storage="c:\users\eddiz\documents\chatgpt\mail manager\.codex-coordination\build\root038-catalog\bin\bitigmail.engine.tests\release\bitigmail.engine.tests.dll" id="4148fbbf-7af4-f332-7086-f86abdc1e07a">
      <Execution id="6c9012bd-983a-421e-b579-3ac42a658d9b" />
      <TestMethod codeBase="C:\Users\Eddiz\Documents\ChatGPT\Mail Manager\.codex-coordination\build\root038-catalog\bin\BitigMail.Engine.Tests\release\BitigMail.Engine.Tests.dll" adapterTypeName="executor://xunit/VsTestRunner3/netcore/" className="BitigMail.Engine.Tests.AuthenticatedSessionRegistryTests" name="UserRevocationDoesNotRevokeAnotherUser" />
    </UnitTest>
  </TestDefinitions>
  <TestEntries>
    <TestEntry testId="be9b3543-0bf6-648d-467a-6f8bc611ce45" executionId="8851405f-f7cd-4824-9503-52761718440b" testListId="8c84fa94-04c1-424b-9868-57a2d4851a1d" />
    <TestEntry testId="4f140478-a49f-ecae-376b-41e9790e9acc" executionId="91a2732a-7cdd-47b4-8bbb-a7b96a3f7704" testListId="8c84fa94-04c1-424b-9868-57a2d4851a1d" />
    <TestEntry testId="f3c81146-7135-7ccb-5445-23af747cbe86" executionId="cd9e15da-0693-4a1f-8736-6d6151dcb88a" testListId="8c84fa94-04c1-424b-9868-57a2d4851a1d" />
    <TestEntry testId="5f2fc8fc-b8b9-773b-6779-dea4b0221244" executionId="8af6b9db-162b-4f3a-9bbc-9b535f48eb6e" testListId="8c84fa94-04c1-424b-9868-57a2d4851a1d" />
    <TestEntry testId="aeffce67-a8b3-0531-102c-b2a5ebbad81b" executionId="463828eb-771f-4253-8ff4-e88d3fec33a0" testListId="8c84fa94-04c1-424b-9868-57a2d4851a1d" />
    <TestEntry testId="21e58501-b4ec-fd88-fdf2-cf1e0a196df0" executionId="2c6ae972-0323-4808-b064-2e45047db3d2" testListId="8c84fa94-04c1-424b-9868-57a2d4851a1d" />
    <TestEntry testId="878eb8bf-1136-e0e6-2caa-e59dd7ea2d7b" executionId="5075dc4d-5de0-46cb-abd0-7ca6c18b0317" testListId="8c84fa94-04c1-424b-9868-57a2d4851a1d" />
    <TestEntry testId="46c9ad25-55fb-8026-cb97-3f87295e3278" executionId="6ca0d239-ec7d-491e-b509-c91afa3ed9e9" testListId="8c84fa94-04c1-424b-9868-57a2d4851a1d" />
    <TestEntry testId="7d6f2a9f-4a5f-e850-1780-cc6d2963e6b3" executionId="5e39a8a6-e60a-4904-8e1a-824ae3b5b14f" testListId="8c84fa94-04c1-424b-9868-57a2d4851a1d" />
    <TestEntry testId="b1ab68b8-58c8-5297-bd63-bfaab3226e71" executionId="aaba2df8-4b51-4667-aae3-0f7152bec561" testListId="8c84fa94-04c1-424b-9868-57a2d4851a1d" />
    <TestEntry testId="baad1af8-4970-a8c3-7730-ae09671e33d9" executionId="05f4b903-30aa-484d-9f48-0c0a342f3b7d" testListId="8c84fa94-04c1-424b-9868-57a2d4851a1d" />
    <TestEntry testId="fc54adb6-e981-5a0a-ada2-c05bb065083b" executionId="85fcd6a4-3ae8-496b-a9c0-169440796091" testListId="8c84fa94-04c1-424b-9868-57a2d4851a1d" />
    <TestEntry testId="b81222a5-1e69-195d-407e-ca01dfe2a8c1" executionId="2801d6bc-782c-4ecf-9c5c-96e919f12227" testListId="8c84fa94-04c1-424b-9868-57a2d4851a1d" />
    <TestEntry testId="6f5570ac-3089-6d1d-6807-0edd2b81eff5" executionId="3e3f04f6-3da7-4fa3-a4d5-727a06af0684" testListId="8c84fa94-04c1-424b-9868-57a2d4851a1d" />
    <TestEntry testId="4148fbbf-7af4-f332-7086-f86abdc1e07a" executionId="6c9012bd-983a-421e-b579-3ac42a658d9b" testListId="8c84fa94-04c1-424b-9868-57a2d4851a1d" />
    <TestEntry testId="6382ffaa-4146-5948-5639-51c49bd63ad1" executionId="9f335235-79e3-4b1d-93d8-4de730409b26" testListId="8c84fa94-04c1-424b-9868-57a2d4851a1d" />
    <TestEntry testId="664c5969-b214-9571-ae3d-b7f8d3d9e7e7" executionId="beb84a01-0760-46f7-9543-2337eff6bf15" testListId="8c84fa94-04c1-424b-9868-57a2d4851a1d" />
    <TestEntry testId="6e4769db-b95b-27f1-7ef1-b3c31a515def" executionId="40c656a3-3d3c-4d81-be63-bdc888083c4e" testListId="8c84fa94-04c1-424b-9868-57a2d4851a1d" />
    <TestEntry testId="a096dad1-1579-9442-ed72-2edd789e38ef" executionId="5b4eac2a-ed80-4b82-b103-7795f7fa1a17" testListId="8c84fa94-04c1-424b-9868-57a2d4851a1d" />
    <TestEntry testId="fd37ce72-fe10-53db-1681-60b07714918d" executionId="af84d276-659c-432e-939b-026e8338e415" testListId="8c84fa94-04c1-424b-9868-57a2d4851a1d" />
    <TestEntry testId="5d3b4f4b-9b7b-7ad6-dc06-f1ec8690816a" executionId="9d4f43d7-6092-4a61-b27b-c20e1b8340db" testListId="8c84fa94-04c1-424b-9868-57a2d4851a1d" />
    <TestEntry testId="4eb659b9-14be-5e3b-f8e2-90e3bb3bd6ae" executionId="571d09c1-21be-4bce-915d-206590e894e9" testListId="8c84fa94-04c1-424b-9868-57a2d4851a1d" />
    <TestEntry testId="24bcba9f-6040-1df3-547e-ecf06079b5f1" executionId="b48addad-8f4c-45c3-aad9-7af7a3a00051" testListId="8c84fa94-04c1-424b-9868-57a2d4851a1d" />
    <TestEntry testId="6e15d2f1-7222-531d-bbc8-ee22ea982833" executionId="d43b8eef-2f83-4e49-890e-d610f3b5ee4c" testListId="8c84fa94-04c1-424b-9868-57a2d4851a1d" />
    <TestEntry testId="54a5e4e3-d256-9426-b5c2-26b736a33c5e" executionId="a0c5a76f-e337-4eca-948c-943ac5613f29" testListId="8c84fa94-04c1-424b-9868-57a2d4851a1d" />
    <TestEntry testId="9d41abc8-8935-4550-2dab-c0fc51a3bb74" executionId="79b3a840-1ff7-4d94-94a2-e5ca6615c951" testListId="8c84fa94-04c1-424b-9868-57a2d4851a1d" />
    <TestEntry testId="aedd765f-f1a2-dc8c-c622-ac5eefe747bc" executionId="1f78b5a8-d26f-4807-a1bb-8c0bb28426f4" testListId="8c84fa94-04c1-424b-9868-57a2d4851a1d" />
    <TestEntry testId="dcb7edd2-a792-37e1-2a9f-35e58323d62c" executionId="97736990-845f-49a8-ae5c-beb1cf504892" testListId="8c84fa94-04c1-424b-9868-57a2d4851a1d" />
    <TestEntry testId="0ff58fdb-4195-3584-2295-2e070625c01f" executionId="0f699260-3a66-4e9a-aaae-110f502bd6d8" testListId="8c84fa94-04c1-424b-9868-57a2d4851a1d" />
    <TestEntry testId="449f8e7d-8bbf-1ba3-4356-99d99520abfa" executionId="a69cfe87-fd1c-4613-9d5a-6aaf057a7124" testListId="8c84fa94-04c1-424b-9868-57a2d4851a1d" />
    <TestEntry testId="19717d0f-c4f7-e05d-1b8c-4fc6f9c110f9" executionId="aa5a8254-307c-43d3-9e6d-62deb422ea39" testListId="8c84fa94-04c1-424b-9868-57a2d4851a1d" />
    <TestEntry testId="b254158b-e1e3-7546-ca77-c252bdbb98f1" executionId="5e191009-7829-4c26-b9e8-8bb8abb782cc" testListId="8c84fa94-04c1-424b-9868-57a2d4851a1d" />
    <TestEntry testId="152ee0a2-94a7-e26b-9add-4e825b630092" executionId="42666647-2d4f-4c94-9e67-84ae04c2755f" testListId="8c84fa94-04c1-424b-9868-57a2d4851a1d" />
    <TestEntry testId="c261dfe4-a80b-2e95-96bc-f8152a659502" executionId="7921c414-1c24-44e9-9f96-1833aeacc278" testListId="8c84fa94-04c1-424b-9868-57a2d4851a1d" />
    <TestEntry testId="2b0638af-96de-3dc8-e196-aed2f3103cbe" executionId="54d7a60c-d450-44bb-b3ba-8512bc2ead86" testListId="8c84fa94-04c1-424b-9868-57a2d4851a1d" />
    <TestEntry testId="16d1a8f8-165c-f00c-f426-604d5d7e9464" executionId="0f68b1c5-0c47-488c-a359-607bb4ca0d42" testListId="8c84fa94-04c1-424b-9868-57a2d4851a1d" />
    <TestEntry testId="69503222-58e6-db85-1164-4f02c57ae132" executionId="bab2f9f4-4c36-45ac-bca1-8fdba275986c" testListId="8c84fa94-04c1-424b-9868-57a2d4851a1d" />
    <TestEntry testId="6cae3a47-23f2-9273-7587-be834f89ccfa" executionId="aaadb529-b327-4c04-b89c-2d45cf33c312" testListId="8c84fa94-04c1-424b-9868-57a2d4851a1d" />
  </TestEntries>
  <TestLists>
    <TestList name="Bir Listede Olmayan Sonuçlar" id="8c84fa94-04c1-424b-9868-57a2d4851a1d" />
    <TestList name="Yüklenen Tüm Sonuçlar" id="19431567-8539-422a-85d7-44ee4e166bda" />
  </TestLists>
  <ResultSummary outcome="Completed">
    <Counters total="38" executed="38" passed="38" failed="0" error="0" timeout="0" aborted="0" inconclusive="0" passedButRunAborted="0" notRunnable="0" notExecuted="0" disconnected="0" warning="0" completed="0" inProgress="0" pending="0" />
    <Output>
      <StdOut>[xUnit.net 00:00:00.00] xUnit.net VSTest Adapter v3.1.5+1b188a7b0a (64-bit .NET 8.0.31)&#xD;
[xUnit.net 00:00:00.07]   Discovering: BitigMail.Engine.Tests&#xD;
[xUnit.net 00:00:00.18]   Discovered:  BitigMail.Engine.Tests&#xD;
[xUnit.net 00:00:00.21]   Starting:    BitigMail.Engine.Tests&#xD;
[xUnit.net 00:00:01.52]   Finished:    BitigMail.Engine.Tests&#xD;
</StdOut>
    </Output>
  </ResultSummary>
</TestRun>