<?xml version="1.0" encoding="utf-8"?>
<TestRun id="1c4c2a4b-ee68-4adb-b1e6-a268e4278b75" name="Eddiz@MERCAN-PC 2026-09-20 03:15:57" runUser="MERCAN-PC\Eddiz" xmlns="http://microsoft.com/schemas/VisualStudio/TeamTest/2010">
  <Times creation="2026-09-20T03:15:57.0856151+03:00" queuing="2026-09-20T03:15:57.0856152+03:00" start="2026-09-20T03:15:56.4075042+03:00" finish="2026-09-20T03:15:57.9464139+03:00" />
  <TestSettings name="default" id="23e0eecc-8211-437e-af03-abb6860c7df8">
    <Deployment runDeploymentRoot="Eddiz_MERCAN-PC_2026-09-20_03_15_57" />
  </TestSettings>
  <Results>
    <UnitTestResult executionId="1ca87184-ec7f-47cd-853b-e24c1575c0db" testId="33193e1e-4aab-5523-8877-fbbd28a3602c" testName="BitigMail.Engine.Tests.GoogleOAuthTests.FakeLifecyclePublishesProtectedGoogleAccountWithoutSecretDto" computerName="MERCAN-PC" duration="00:00:00.0584288" startTime="2026-09-20T03:15:56.9791365+03:00" endTime="2026-09-20T03:15:57.0409288+03:00" testType="13cdc9d9-ddb5-4fa4-a97d-d965ccfc6d4b" outcome="Passed" testListId="8c84fa94-04c1-424b-9868-57a2d4851a1d" relativeResultsDirectory="1ca87184-ec7f-47cd-853b-e24c1575c0db" />
    <UnitTestResult executionId="670bceb9-79e2-42e3-9849-1e1f06a95c0b" testId="e3175fc7-c61b-028f-2926-72e0a34b0c53" testName="BitigMail.Engine.Tests.GoogleOAuthTests.StateWrapperCreatesFreshStateRejectsMismatchAndHonorsCancellation" computerName="MERCAN-PC" duration="00:00:00.0135123" startTime="2026-09-20T03:15:57.0414726+03:00" endTime="2026-09-20T03:15:57.0611230+03:00" testType="13cdc9d9-ddb5-4fa4-a97d-d965ccfc6d4b" outcome="Passed" testListId="8c84fa94-04c1-424b-9868-57a2d4851a1d" relativeResultsDirectory="670bceb9-79e2-42e3-9849-1e1f06a95c0b" />
    <UnitTestResult executionId="9ff7ad29-0a96-4ec4-a476-494a271cea78" testId="ffa45cb2-755e-74b8-ec16-479b58de7dc5" testName="BitigMail.Engine.Tests.MicrosoftOAuthTests.OperationManager_LifecycleAndBoundedCapacity" computerName="MERCAN-PC" duration="00:00:00.0039112" startTime="2026-09-20T03:15:57.1082690+03:00" endTime="2026-09-20T03:15:57.1123843+03:00" testType="13cdc9d9-ddb5-4fa4-a97d-d965ccfc6d4b" outcome="Passed" testListId="8c84fa94-04c1-424b-9868-57a2d4851a1d" relativeResultsDirectory="9ff7ad29-0a96-4ec4-a476-494a271cea78" />
    <UnitTestResult executionId="3b561082-4a30-48ab-b75e-8b2571bd76bf" testId="7d628178-969b-eebc-06f0-ac913e1a7903" testName="BitigMail.Engine.Tests.OAuthOperationAuthorizationTests.ProductionCannotStartWithoutAuthenticatedSession(google: True)" computerName="MERCAN-PC" duration="00:00:00.1070056" startTime="2026-09-20T03:15:57.3499121+03:00" endTime="2026-09-20T03:15:57.4568681+03:00" testType="13cdc9d9-ddb5-4fa4-a97d-d965ccfc6d4b" outcome="Passed" testListId="8c84fa94-04c1-424b-9868-57a2d4851a1d" relativeResultsDirectory="3b561082-4a30-48ab-b75e-8b2571bd76bf" />
    <UnitTestResult executionId="a14d5e8d-a735-46d6-8138-f9b9a8fc028e" testId="1f12deea-de08-d60a-b3b8-8dff82cabe2e" testName="BitigMail.Engine.Tests.GoogleOAuthTests.OfficialSdkBuildsS256PkceAndExposesCancellableLoopbackReceiver" computerName="MERCAN-PC" duration="00:00:00.0062014" startTime="2026-09-20T03:15:57.0896540+03:00" endTime="2026-09-20T03:15:57.0957882+03:00" testType="13cdc9d9-ddb5-4fa4-a97d-d965ccfc6d4b" outcome="Passed" testListId="8c84fa94-04c1-424b-9868-57a2d4851a1d" relativeResultsDirectory="a14d5e8d-a735-46d6-8138-f9b9a8fc028e" />
    <UnitTestResult executionId="8f207f9e-775f-4b70-be6e-c07c06337d55" testId="525412ca-fead-f8e1-9d12-74ff7f226566" testName="BitigMail.Engine.Tests.MicrosoftOAuthTests.PersonalOutlook_Reconnect_PreservesConsumersTenant" computerName="MERCAN-PC" duration="00:00:00.0392010" startTime="2026-09-20T03:15:56.9989384+03:00" endTime="2026-09-20T03:15:57.0331283+03:00" testType="13cdc9d9-ddb5-4fa4-a97d-d965ccfc6d4b" outcome="Passed" testListId="8c84fa94-04c1-424b-9868-57a2d4851a1d" relativeResultsDirectory="8f207f9e-775f-4b70-be6e-c07c06337d55" />
    <UnitTestResult executionId="761e77ca-552e-491b-a551-b24585d1ee35" testId="042471b7-a901-b871-44b5-23e0ea475791" testName="BitigMail.Engine.Tests.GoogleOAuthTests.ResolverUsesTypedGoogleOAuthAndRejectsWrongEndpoint" computerName="MERCAN-PC" duration="00:00:00.0034594" startTime="2026-09-20T03:15:57.0857943+03:00" endTime="2026-09-20T03:15:57.0892031+03:00" testType="13cdc9d9-ddb5-4fa4-a97d-d965ccfc6d4b" outcome="Passed" testListId="8c84fa94-04c1-424b-9868-57a2d4851a1d" relativeResultsDirectory="761e77ca-552e-491b-a551-b24585d1ee35" />
    <UnitTestResult executionId="5eab6368-7cc5-4d18-82b6-5568098f09d3" testId="2a0d35d9-37ca-d653-af94-4f26da4fb00b" testName="BitigMail.Engine.Tests.MicrosoftOAuthTests.PersonalOutlook_RejectsBroadOrInvalidAuthorities(invalidAuthority: &quot;Consumers&quot;)" computerName="MERCAN-PC" duration="00:00:00.0006916" startTime="2026-09-20T03:15:57.0408944+03:00" endTime="2026-09-20T03:15:57.0415021+03:00" testType="13cdc9d9-ddb5-4fa4-a97d-d965ccfc6d4b" outcome="Passed" testListId="8c84fa94-04c1-424b-9868-57a2d4851a1d" relativeResultsDirectory="5eab6368-7cc5-4d18-82b6-5568098f09d3" />
    <UnitTestResult executionId="8cdb3397-516f-409b-86b8-823783eb3b4e" testId="0699b7ad-f896-ca56-70f2-c536d5883734" testName="BitigMail.Engine.Tests.OAuthOperationAuthorizationTests.LogoutBeforeProviderCompletionCannotPersistAccount(google: False)" computerName="MERCAN-PC" duration="00:00:00.1085223" startTime="2026-09-20T03:15:57.1354629+03:00" endTime="2026-09-20T03:15:57.2442496+03:00" testType="13cdc9d9-ddb5-4fa4-a97d-d965ccfc6d4b" outcome="Passed" testListId="8c84fa94-04c1-424b-9868-57a2d4851a1d" relativeResultsDirectory="8cdb3397-516f-409b-86b8-823783eb3b4e" />
    <UnitTestResult executionId="9de0edda-5524-4438-981b-ca6601d39598" testId="ce2a6728-d6a4-e348-8c07-eef4b8396276" testName="BitigMail.Engine.Tests.MicrosoftOAuthTests.PersonalOutlook_RejectsBroadOrInvalidAuthorities(invalidAuthority: &quot; consumers&quot;)" computerName="MERCAN-PC" duration="00:00:00.0006838" startTime="2026-09-20T03:15:57.0607285+03:00" endTime="2026-09-20T03:15:57.0607580+03:00" testType="13cdc9d9-ddb5-4fa4-a97d-d965ccfc6d4b" outcome="Passed" testListId="8c84fa94-04c1-424b-9868-57a2d4851a1d" relativeResultsDirectory="9de0edda-5524-4438-981b-ca6601d39598" />
    <UnitTestResult executionId="e8f4ea3c-bd5b-4cbc-b694-109f9db37355" testId="0651d148-eb4b-fa36-1b8e-5304b0c04a73" testName="BitigMail.Engine.Tests.GoogleOAuthTests.PolicyAcceptsOnlyExactGooglePkceLoopbackUrl" computerName="MERCAN-PC" duration="00:00:00.0004274" startTime="2026-09-20T03:15:57.0410048+03:00" endTime="2026-09-20T03:15:57.0413804+03:00" testType="13cdc9d9-ddb5-4fa4-a97d-d965ccfc6d4b" outcome="Passed" testListId="8c84fa94-04c1-424b-9868-57a2d4851a1d" relativeResultsDirectory="e8f4ea3c-bd5b-4cbc-b694-109f9db37355" />
    <UnitTestResult executionId="4c4fc166-bdab-4862-b838-48391c8c0f16" testId="8a5b766a-863e-2bac-b3a9-5d39f9ded631" testName="BitigMail.Engine.Tests.MicrosoftOAuthTests.CredentialTypes_RedactSecretsInToString" computerName="MERCAN-PC" duration="00:00:00.0002272" startTime="2026-09-20T03:15:57.1165916+03:00" endTime="2026-09-20T03:15:57.1167473+03:00" testType="13cdc9d9-ddb5-4fa4-a97d-d965ccfc6d4b" outcome="Passed" testListId="8c84fa94-04c1-424b-9868-57a2d4851a1d" relativeResultsDirectory="4c4fc166-bdab-4862-b838-48391c8c0f16" />
    <UnitTestResult executionId="5a040cc8-00ec-40b0-bb1f-008fe950737a" testId="521d2f0d-dae1-89aa-96a2-c26a5e22886c" testName="BitigMail.Engine.Tests.MicrosoftOAuthTests.PersonalOutlook_StartOperation_PersistsConsumersTenant_AndAuthenticatesSuccessfully" computerName="MERCAN-PC" duration="00:00:00.0037738" startTime="2026-09-20T03:15:57.1124873+03:00" endTime="2026-09-20T03:15:57.1164821+03:00" testType="13cdc9d9-ddb5-4fa4-a97d-d965ccfc6d4b" outcome="Passed" testListId="8c84fa94-04c1-424b-9868-57a2d4851a1d" relativeResultsDirectory="5a040cc8-00ec-40b0-bb1f-008fe950737a" />
    <UnitTestResult executionId="b3403ab0-3446-4adf-a59a-9634819c16b3" testId="fe9fd23b-03f1-3db7-583b-c4fca94cd76f" testName="BitigMail.Engine.Tests.OAuthOperationAuthorizationTests.ProductionCannotStartWithoutAuthenticatedSession(google: False)" computerName="MERCAN-PC" duration="00:00:00.1054306" startTime="2026-09-20T03:15:57.2444001+03:00" endTime="2026-09-20T03:15:57.3497855+03:00" testType="13cdc9d9-ddb5-4fa4-a97d-d965ccfc6d4b" outcome="Passed" testListId="8c84fa94-04c1-424b-9868-57a2d4851a1d" relativeResultsDirectory="b3403ab0-3446-4adf-a59a-9634819c16b3" />
    <UnitTestResult executionId="ef538060-37d9-45ef-8aab-4bd98b6c24ea" testId="97e20332-cc3a-140a-7079-fe7c870e2153" testName="BitigMail.Engine.Tests.OAuthOperationAuthorizationTests.SecurityVersionChangeBeforeCommitCannotPersistAccount(google: True)" computerName="MERCAN-PC" duration="00:00:00.1138532" startTime="2026-09-20T03:15:57.4570326+03:00" endTime="2026-09-20T03:15:57.5710447+03:00" testType="13cdc9d9-ddb5-4fa4-a97d-d965ccfc6d4b" outcome="Passed" testListId="8c84fa94-04c1-424b-9868-57a2d4851a1d" relativeResultsDirectory="ef538060-37d9-45ef-8aab-4bd98b6c24ea" />
    <UnitTestResult executionId="7e0308bf-6181-4e5c-9210-188d08d9587e" testId="6a0abcfd-e5a6-4555-6511-18d8150dcd24" testName="BitigMail.Engine.Tests.MicrosoftOAuthTests.PersonalOutlook_SilentResolution_ValidatesExpectedTenantId" computerName="MERCAN-PC" duration="00:00:00.0068366" startTime="2026-09-20T03:15:57.0338954+03:00" endTime="2026-09-20T03:15:57.0407702+03:00" testType="13cdc9d9-ddb5-4fa4-a97d-d965ccfc6d4b" outcome="Passed" testListId="8c84fa94-04c1-424b-9868-57a2d4851a1d" relativeResultsDirectory="7e0308bf-6181-4e5c-9210-188d08d9587e" />
    <UnitTestResult executionId="1735a026-0078-4ed0-8af1-9de43f9cce4d" testId="a7901185-e8e9-c8f8-d917-f38b7e0f4a90" testName="BitigMail.Engine.Tests.MicrosoftOAuthTests.OperationManager_WrongScope_ThrowsOrRejects" computerName="MERCAN-PC" duration="00:00:00.0082708" startTime="2026-09-20T03:15:56.9791082+03:00" endTime="2026-09-20T03:15:56.9920451+03:00" testType="13cdc9d9-ddb5-4fa4-a97d-d965ccfc6d4b" outcome="Passed" testListId="8c84fa94-04c1-424b-9868-57a2d4851a1d" relativeResultsDirectory="1735a026-0078-4ed0-8af1-9de43f9cce4d" />
    <UnitTestResult executionId="410ce26c-eb10-4c5d-aabe-10e7a409059d" testId="f5a0820b-e7ee-f09f-ec2d-58f618212684" testName="BitigMail.Engine.Tests.MicrosoftOAuthTests.PersonalOutlook_RejectsBroadOrInvalidAuthorities(invalidAuthority: &quot;consumers/&quot;)" computerName="MERCAN-PC" duration="00:00:00.0005767" startTime="2026-09-20T03:15:57.0608155+03:00" endTime="2026-09-20T03:15:57.0608411+03:00" testType="13cdc9d9-ddb5-4fa4-a97d-d965ccfc6d4b" outcome="Passed" testListId="8c84fa94-04c1-424b-9868-57a2d4851a1d" relativeResultsDirectory="410ce26c-eb10-4c5d-aabe-10e7a409059d" />
    <UnitTestResult executionId="02b2706f-0252-4441-a252-cf23ca029686" testId="c4aba809-d5b1-3f2b-a991-195b4b70f99e" testName="BitigMail.Engine.Tests.MicrosoftOAuthTests.SameIdentityReconnect_PreservesMetadataVersion_ForFrozenTransferResume" computerName="MERCAN-PC" duration="00:00:00.0085058" startTime="2026-09-20T03:15:57.0609926+03:00" endTime="2026-09-20T03:15:57.0610190+03:00" testType="13cdc9d9-ddb5-4fa4-a97d-d965ccfc6d4b" outcome="Passed" testListId="8c84fa94-04c1-424b-9868-57a2d4851a1d" relativeResultsDirectory="02b2706f-0252-4441-a252-cf23ca029686" />
    <UnitTestResult executionId="b1650066-4e3e-498c-bb08-da81fefeeada" testId="66c311f1-0443-e0a6-bfda-1676a5f1ac80" testName="BitigMail.Engine.Tests.OAuthOperationAuthorizationTests.SecurityVersionChangeBeforeCommitCannotPersistAccount(google: False)" computerName="MERCAN-PC" duration="00:00:00.1126645" startTime="2026-09-20T03:15:57.5711631+03:00" endTime="2026-09-20T03:15:57.6840284+03:00" testType="13cdc9d9-ddb5-4fa4-a97d-d965ccfc6d4b" outcome="Passed" testListId="8c84fa94-04c1-424b-9868-57a2d4851a1d" relativeResultsDirectory="b1650066-4e3e-498c-bb08-da81fefeeada" />
    <UnitTestResult executionId="ad468051-1b1f-4b7c-88dd-17ea52f135b8" testId="c1f11ca8-aa77-cc59-0d2f-ea77d8e70bd8" testName="BitigMail.Engine.Tests.OAuthOperationAuthorizationTests.OtherUserAndSameUserNewSessionCannotReadOrCancelOperation(google: True)" computerName="MERCAN-PC" duration="00:00:00.1080371" startTime="2026-09-20T03:15:57.7898709+03:00" endTime="2026-09-20T03:15:57.8984523+03:00" testType="13cdc9d9-ddb5-4fa4-a97d-d965ccfc6d4b" outcome="Passed" testListId="8c84fa94-04c1-424b-9868-57a2d4851a1d" relativeResultsDirectory="ad468051-1b1f-4b7c-88dd-17ea52f135b8" />
    <UnitTestResult executionId="c978b44b-8a57-42e5-9107-7424b651a0eb" testId="f682faa6-e673-a59b-78c8-8e6aaf11aae6" testName="BitigMail.Engine.Tests.MicrosoftOAuthTests.OAuthAccount_RejectsGetInternalAccountWithPassword" computerName="MERCAN-PC" duration="00:00:00.0029937" startTime="2026-09-20T03:15:57.0610958+03:00" endTime="2026-09-20T03:15:57.0612222+03:00" testType="13cdc9d9-ddb5-4fa4-a97d-d965ccfc6d4b" outcome="Passed" testListId="8c84fa94-04c1-424b-9868-57a2d4851a1d" relativeResultsDirectory="c978b44b-8a57-42e5-9107-7424b651a0eb" />
    <UnitTestResult executionId="10e6cde8-875c-496e-829b-b06f7789f58f" testId="8aae3831-7b71-3c83-b41f-88f4a4b34159" testName="BitigMail.Engine.Tests.MicrosoftOAuthTests.OperationManager_CancelIsIdempotent_AndCannotBeUndone" computerName="MERCAN-PC" duration="00:00:00.0008799" startTime="2026-09-20T03:15:57.0612882+03:00" endTime="2026-09-20T03:15:57.0613133+03:00" testType="13cdc9d9-ddb5-4fa4-a97d-d965ccfc6d4b" outcome="Passed" testListId="8c84fa94-04c1-424b-9868-57a2d4851a1d" relativeResultsDirectory="10e6cde8-875c-496e-829b-b06f7789f58f" />
    <UnitTestResult executionId="3d1d8947-2282-4cd0-a2e1-a12716e6083a" testId="b1a4e86e-72c8-179e-b9e9-8e26ed920303" testName="BitigMail.Engine.Tests.MicrosoftOAuthTests.PersonalOutlook_RejectsBroadOrInvalidAuthorities(invalidAuthority: &quot;common&quot;)" computerName="MERCAN-PC" duration="00:00:00.0005705" startTime="2026-09-20T03:15:57.0415533+03:00" endTime="2026-09-20T03:15:57.0420996+03:00" testType="13cdc9d9-ddb5-4fa4-a97d-d965ccfc6d4b" outcome="Passed" testListId="8c84fa94-04c1-424b-9868-57a2d4851a1d" relativeResultsDirectory="3d1d8947-2282-4cd0-a2e1-a12716e6083a" />
    <UnitTestResult executionId="b1591312-32c7-4b4f-b85d-b44ed368c0d9" testId="1919c197-e3fb-2977-6269-54f05f00ee2a" testName="BitigMail.Engine.Tests.GoogleOAuthTests.CancelledDelayedProviderCannotPublishAccount" computerName="MERCAN-PC" duration="00:00:00.0034967" startTime="2026-09-20T03:15:57.0611950+03:00" endTime="2026-09-20T03:15:57.0624608+03:00" testType="13cdc9d9-ddb5-4fa4-a97d-d965ccfc6d4b" outcome="Passed" testListId="8c84fa94-04c1-424b-9868-57a2d4851a1d" relativeResultsDirectory="b1591312-32c7-4b4f-b85d-b44ed368c0d9" />
    <UnitTestResult executionId="d23d6bca-544c-4ce4-8d72-4a98cd1ab500" testId="2b41ffbc-8a19-ca20-cb83-7eaee9eb59db" testName="BitigMail.Engine.Tests.OAuthOperationAuthorizationTests.LogoutBeforeProviderCompletionCannotPersistAccount(google: True)" computerName="MERCAN-PC" duration="00:00:00.1528643" startTime="2026-09-20T03:15:56.9782642+03:00" endTime="2026-09-20T03:15:57.1353785+03:00" testType="13cdc9d9-ddb5-4fa4-a97d-d965ccfc6d4b" outcome="Passed" testListId="8c84fa94-04c1-424b-9868-57a2d4851a1d" relativeResultsDirectory="d23d6bca-544c-4ce4-8d72-4a98cd1ab500" />
    <UnitTestResult executionId="2b06cddb-db9e-475f-a87f-b6cd64a06a31" testId="5fffc774-b11f-754d-0ca7-5b8a2d0a05ba" testName="BitigMail.Engine.Tests.OAuthOperationAuthorizationTests.OtherUserAndSameUserNewSessionCannotReadOrCancelOperation(google: False)" computerName="MERCAN-PC" duration="00:00:00.1053956" startTime="2026-09-20T03:15:57.6841602+03:00" endTime="2026-09-20T03:15:57.7897546+03:00" testType="13cdc9d9-ddb5-4fa4-a97d-d965ccfc6d4b" outcome="Passed" testListId="8c84fa94-04c1-424b-9868-57a2d4851a1d" relativeResultsDirectory="2b06cddb-db9e-475f-a87f-b6cd64a06a31" />
    <UnitTestResult executionId="a12fc596-d1d7-4dce-8e0c-381db5a799d1" testId="89a854c4-8cdc-6d1e-5eb2-10db92326c78" testName="BitigMail.Engine.Tests.GoogleOAuthTests.IdentityRequiresVerifiedMatchingMailboxAndStableSubject" computerName="MERCAN-PC" duration="00:00:00.0002737" startTime="2026-09-20T03:15:57.0893225+03:00" endTime="2026-09-20T03:15:57.0895398+03:00" testType="13cdc9d9-ddb5-4fa4-a97d-d965ccfc6d4b" outcome="Passed" testListId="8c84fa94-04c1-424b-9868-57a2d4851a1d" relativeResultsDirectory="a12fc596-d1d7-4dce-8e0c-381db5a799d1" />
    <UnitTestResult executionId="3a58ea27-7544-4c4c-ac1b-b8e7f629f89d" testId="5ab5f760-c0f0-0503-56f7-e66a39001984" testName="BitigMail.Engine.Tests.MicrosoftOAuthTests.OperationManager_RejectsExceedingBounded32Capacity" computerName="MERCAN-PC" duration="00:00:00.0511579" startTime="2026-09-20T03:15:57.0624251+03:00" endTime="2026-09-20T03:15:57.1081661+03:00" testType="13cdc9d9-ddb5-4fa4-a97d-d965ccfc6d4b" outcome="Passed" testListId="8c84fa94-04c1-424b-9868-57a2d4851a1d" relativeResultsDirectory="3a58ea27-7544-4c4c-ac1b-b8e7f629f89d" />
    <UnitTestResult executionId="81ecd78a-569d-4a73-ac3f-95c4565464bf" testId="f6640123-707f-4fdd-3209-88ec566fa748" testName="BitigMail.Engine.Tests.MicrosoftOAuthTests.PersonalOutlook_RejectsBroadOrInvalidAuthorities(invalidAuthority: &quot;&quot;)" computerName="MERCAN-PC" duration="00:00:00.0004731" startTime="2026-09-20T03:15:57.0608908+03:00" endTime="2026-09-20T03:15:57.0609176+03:00" testType="13cdc9d9-ddb5-4fa4-a97d-d965ccfc6d4b" outcome="Passed" testListId="8c84fa94-04c1-424b-9868-57a2d4851a1d" relativeResultsDirectory="81ecd78a-569d-4a73-ac3f-95c4565464bf" />
    <UnitTestResult executionId="e967a14c-08c8-42da-89e4-44185efbef69" testId="0db9edea-2156-f7aa-00a3-a7857e924c09" testName="BitigMail.Engine.Tests.MicrosoftOAuthTests.PersonalOutlook_RejectsBroadOrInvalidAuthorities(invalidAuthority: &quot;organizations&quot;)" computerName="MERCAN-PC" duration="00:00:00.0004678" startTime="2026-09-20T03:15:57.0604987+03:00" endTime="2026-09-20T03:15:57.0605455+03:00" testType="13cdc9d9-ddb5-4fa4-a97d-d965ccfc6d4b" outcome="Passed" testListId="8c84fa94-04c1-424b-9868-57a2d4851a1d" relativeResultsDirectory="e967a14c-08c8-42da-89e4-44185efbef69" />
    <UnitTestResult executionId="44757bba-2157-4bcb-98a0-d4b40afd610b" testId="c4e87aee-9af2-5e70-fbbb-f4834f94146c" testName="BitigMail.Engine.Tests.GoogleOAuthTests.PersistenceFailureNeverPublishesConnectedOrSecret" computerName="MERCAN-PC" duration="00:00:00.0264368" startTime="2026-09-20T03:15:57.0625476+03:00" endTime="2026-09-20T03:15:57.0856657+03:00" testType="13cdc9d9-ddb5-4fa4-a97d-d965ccfc6d4b" outcome="Passed" testListId="8c84fa94-04c1-424b-9868-57a2d4851a1d" relativeResultsDirectory="44757bba-2157-4bcb-98a0-d4b40afd610b" />
    <UnitTestResult executionId="32f129fa-177a-49e8-a39e-a468132ac146" testId="30916ffd-9e28-dfd5-1cd1-84edbe074a18" testName="BitigMail.Engine.Tests.MicrosoftOAuthTests.LegacyPasswordPath_RemainsFullyFunctional" computerName="MERCAN-PC" duration="00:00:00.0049718" startTime="2026-09-20T03:15:57.1174760+03:00" endTime="2026-09-20T03:15:57.1217766+03:00" testType="13cdc9d9-ddb5-4fa4-a97d-d965ccfc6d4b" outcome="Passed" testListId="8c84fa94-04c1-424b-9868-57a2d4851a1d" relativeResultsDirectory="32f129fa-177a-49e8-a39e-a468132ac146" />
  </Results>
  <TestDefinitions>
    <UnitTest name="BitigMail.Engine.Tests.OAuthOperationAuthorizationTests.OtherUserAndSameUserNewSessionCannotReadOrCancelOperation(google: True)" storage="c:\users\eddiz\documents\chatgpt\mail manager\.codex-coordination\build\root038-catalog\bin\bitigmail.engine.tests\release\bitigmail.engine.tests.dll" id="c1f11ca8-aa77-cc59-0d2f-ea77d8e70bd8">
      <Execution id="ad468051-1b1f-4b7c-88dd-17ea52f135b8" />
      <TestMethod codeBase="C:\Users\Eddiz\Documents\ChatGPT\Mail Manager\.codex-coordination\build\root038-catalog\bin\BitigMail.Engine.Tests\release\BitigMail.Engine.Tests.dll" adapterTypeName="executor://xunit/VsTestRunner3/netcore/" className="BitigMail.Engine.Tests.OAuthOperationAuthorizationTests" name="OtherUserAndSameUserNewSessionCannotReadOrCancelOperation" />
    </UnitTest>
    <UnitTest name="BitigMail.Engine.Tests.MicrosoftOAuthTests.OperationManager_RejectsExceedingBounded32Capacity" storage="c:\users\eddiz\documents\chatgpt\mail manager\.codex-coordination\build\root038-catalog\bin\bitigmail.engine.tests\release\bitigmail.engine.tests.dll" id="5ab5f760-c0f0-0503-56f7-e66a39001984">
      <Execution id="3a58ea27-7544-4c4c-ac1b-b8e7f629f89d" />
      <TestMethod codeBase="C:\Users\Eddiz\Documents\ChatGPT\Mail Manager\.codex-coordination\build\root038-catalog\bin\BitigMail.Engine.Tests\release\BitigMail.Engine.Tests.dll" adapterTypeName="executor://xunit/VsTestRunner3/netcore/" className="BitigMail.Engine.Tests.MicrosoftOAuthTests" name="OperationManager_RejectsExceedingBounded32Capacity" />
    </UnitTest>
    <UnitTest name="BitigMail.Engine.Tests.MicrosoftOAuthTests.PersonalOutlook_RejectsBroadOrInvalidAuthorities(invalidAuthority: &quot;common&quot;)" storage="c:\users\eddiz\documents\chatgpt\mail manager\.codex-coordination\build\root038-catalog\bin\bitigmail.engine.tests\release\bitigmail.engine.tests.dll" id="b1a4e86e-72c8-179e-b9e9-8e26ed920303">
      <Execution id="3d1d8947-2282-4cd0-a2e1-a12716e6083a" />
      <TestMethod codeBase="C:\Users\Eddiz\Documents\ChatGPT\Mail Manager\.codex-coordination\build\root038-catalog\bin\BitigMail.Engine.Tests\release\BitigMail.Engine.Tests.dll" adapterTypeName="executor://xunit/VsTestRunner3/netcore/" className="BitigMail.Engine.Tests.MicrosoftOAuthTests" name="PersonalOutlook_RejectsBroadOrInvalidAuthorities" />
    </UnitTest>
    <UnitTest name="BitigMail.Engine.Tests.GoogleOAuthTests.ResolverUsesTypedGoogleOAuthAndRejectsWrongEndpoint" storage="c:\users\eddiz\documents\chatgpt\mail manager\.codex-coordination\build\root038-catalog\bin\bitigmail.engine.tests\release\bitigmail.engine.tests.dll" id="042471b7-a901-b871-44b5-23e0ea475791">
      <Execution id="761e77ca-552e-491b-a551-b24585d1ee35" />
      <TestMethod codeBase="C:\Users\Eddiz\Documents\ChatGPT\Mail Manager\.codex-coordination\build\root038-catalog\bin\BitigMail.Engine.Tests\release\BitigMail.Engine.Tests.dll" adapterTypeName="executor://xunit/VsTestRunner3/netcore/" className="BitigMail.Engine.Tests.GoogleOAuthTests" name="ResolverUsesTypedGoogleOAuthAndRejectsWrongEndpoint" />
    </UnitTest>
    <UnitTest name="BitigMail.Engine.Tests.GoogleOAuthTests.PolicyAcceptsOnlyExactGooglePkceLoopbackUrl" storage="c:\users\eddiz\documents\chatgpt\mail manager\.codex-coordination\build\root038-catalog\bin\bitigmail.engine.tests\release\bitigmail.engine.tests.dll" id="0651d148-eb4b-fa36-1b8e-5304b0c04a73">
      <Execution id="e8f4ea3c-bd5b-4cbc-b694-109f9db37355" />
      <TestMethod codeBase="C:\Users\Eddiz\Documents\ChatGPT\Mail Manager\.codex-coordination\build\root038-catalog\bin\BitigMail.Engine.Tests\release\BitigMail.Engine.Tests.dll" adapterTypeName="executor://xunit/VsTestRunner3/netcore/" className="BitigMail.Engine.Tests.GoogleOAuthTests" name="PolicyAcceptsOnlyExactGooglePkceLoopbackUrl" />
    </UnitTest>
    <UnitTest name="BitigMail.Engine.Tests.MicrosoftOAuthTests.PersonalOutlook_RejectsBroadOrInvalidAuthorities(invalidAuthority: &quot;&quot;)" storage="c:\users\eddiz\documents\chatgpt\mail manager\.codex-coordination\build\root038-catalog\bin\bitigmail.engine.tests\release\bitigmail.engine.tests.dll" id="f6640123-707f-4fdd-3209-88ec566fa748">
      <Execution id="81ecd78a-569d-4a73-ac3f-95c4565464bf" />
      <TestMethod codeBase="C:\Users\Eddiz\Documents\ChatGPT\Mail Manager\.codex-coordination\build\root038-catalog\bin\BitigMail.Engine.Tests\release\BitigMail.Engine.Tests.dll" adapterTypeName="executor://xunit/VsTestRunner3/netcore/" className="BitigMail.Engine.Tests.MicrosoftOAuthTests" name="PersonalOutlook_RejectsBroadOrInvalidAuthorities" />
    </UnitTest>
    <UnitTest name="BitigMail.Engine.Tests.MicrosoftOAuthTests.OperationManager_CancelIsIdempotent_AndCannotBeUndone" storage="c:\users\eddiz\documents\chatgpt\mail manager\.codex-coordination\build\root038-catalog\bin\bitigmail.engine.tests\release\bitigmail.engine.tests.dll" id="8aae3831-7b71-3c83-b41f-88f4a4b34159">
      <Execution id="10e6cde8-875c-496e-829b-b06f7789f58f" />
      <TestMethod codeBase="C:\Users\Eddiz\Documents\ChatGPT\Mail Manager\.codex-coordination\build\root038-catalog\bin\BitigMail.Engine.Tests\release\BitigMail.Engine.Tests.dll" adapterTypeName="executor://xunit/VsTestRunner3/netcore/" className="BitigMail.Engine.Tests.MicrosoftOAuthTests" name="OperationManager_CancelIsIdempotent_AndCannotBeUndone" />
    </UnitTest>
    <UnitTest name="BitigMail.Engine.Tests.OAuthOperationAuthorizationTests.LogoutBeforeProviderCompletionCannotPersistAccount(google: True)" storage="c:\users\eddiz\documents\chatgpt\mail manager\.codex-coordination\build\root038-catalog\bin\bitigmail.engine.tests\release\bitigmail.engine.tests.dll" id="2b41ffbc-8a19-ca20-cb83-7eaee9eb59db">
      <Execution id="d23d6bca-544c-4ce4-8d72-4a98cd1ab500" />
      <TestMethod codeBase="C:\Users\Eddiz\Documents\ChatGPT\Mail Manager\.codex-coordination\build\root038-catalog\bin\BitigMail.Engine.Tests\release\BitigMail.Engine.Tests.dll" adapterTypeName="executor://xunit/VsTestRunner3/netcore/" className="BitigMail.Engine.Tests.OAuthOperationAuthorizationTests" name="LogoutBeforeProviderCompletionCannotPersistAccount" />
    </UnitTest>
    <UnitTest name="BitigMail.Engine.Tests.OAuthOperationAuthorizationTests.ProductionCannotStartWithoutAuthenticatedSession(google: False)" storage="c:\users\eddiz\documents\chatgpt\mail manager\.codex-coordination\build\root038-catalog\bin\bitigmail.engine.tests\release\bitigmail.engine.tests.dll" id="fe9fd23b-03f1-3db7-583b-c4fca94cd76f">
      <Execution id="b3403ab0-3446-4adf-a59a-9634819c16b3" />
      <TestMethod codeBase="C:\Users\Eddiz\Documents\ChatGPT\Mail Manager\.codex-coordination\build\root038-catalog\bin\BitigMail.Engine.Tests\release\BitigMail.Engine.Tests.dll" adapterTypeName="executor://xunit/VsTestRunner3/netcore/" className="BitigMail.Engine.Tests.OAuthOperationAuthorizationTests" name="ProductionCannotStartWithoutAuthenticatedSession" />
    </UnitTest>
    <UnitTest name="BitigMail.Engine.Tests.MicrosoftOAuthTests.OperationManager_WrongScope_ThrowsOrRejects" storage="c:\users\eddiz\documents\chatgpt\mail manager\.codex-coordination\build\root038-catalog\bin\bitigmail.engine.tests\release\bitigmail.engine.tests.dll" id="a7901185-e8e9-c8f8-d917-f38b7e0f4a90">
      <Execution id="1735a026-0078-4ed0-8af1-9de43f9cce4d" />
      <TestMethod codeBase="C:\Users\Eddiz\Documents\ChatGPT\Mail Manager\.codex-coordination\build\root038-catalog\bin\BitigMail.Engine.Tests\release\BitigMail.Engine.Tests.dll" adapterTypeName="executor://xunit/VsTestRunner3/netcore/" className="BitigMail.Engine.Tests.MicrosoftOAuthTests" name="OperationManager_WrongScope_ThrowsOrRejects" />
    </UnitTest>
    <UnitTest name="BitigMail.Engine.Tests.GoogleOAuthTests.StateWrapperCreatesFreshStateRejectsMismatchAndHonorsCancellation" storage="c:\users\eddiz\documents\chatgpt\mail manager\.codex-coordination\build\root038-catalog\bin\bitigmail.engine.tests\release\bitigmail.engine.tests.dll" id="e3175fc7-c61b-028f-2926-72e0a34b0c53">
      <Execution id="670bceb9-79e2-42e3-9849-1e1f06a95c0b" />
      <TestMethod codeBase="C:\Users\Eddiz\Documents\ChatGPT\Mail Manager\.codex-coordination\build\root038-catalog\bin\BitigMail.Engine.Tests\release\BitigMail.Engine.Tests.dll" adapterTypeName="executor://xunit/VsTestRunner3/netcore/" className="BitigMail.Engine.Tests.GoogleOAuthTests" name="StateWrapperCreatesFreshStateRejectsMismatchAndHonorsCancellation" />
    </UnitTest>
    <UnitTest name="BitigMail.Engine.Tests.OAuthOperationAuthorizationTests.LogoutBeforeProviderCompletionCannotPersistAccount(google: False)" storage="c:\users\eddiz\documents\chatgpt\mail manager\.codex-coordination\build\root038-catalog\bin\bitigmail.engine.tests\release\bitigmail.engine.tests.dll" id="0699b7ad-f896-ca56-70f2-c536d5883734">
      <Execution id="8cdb3397-516f-409b-86b8-823783eb3b4e" />
      <TestMethod codeBase="C:\Users\Eddiz\Documents\ChatGPT\Mail Manager\.codex-coordination\build\root038-catalog\bin\BitigMail.Engine.Tests\release\BitigMail.Engine.Tests.dll" adapterTypeName="executor://xunit/VsTestRunner3/netcore/" className="BitigMail.Engine.Tests.OAuthOperationAuthorizationTests" name="LogoutBeforeProviderCompletionCannotPersistAccount" />
    </UnitTest>
    <UnitTest name="BitigMail.Engine.Tests.MicrosoftOAuthTests.PersonalOutlook_RejectsBroadOrInvalidAuthorities(invalidAuthority: &quot; consumers&quot;)" storage="c:\users\eddiz\documents\chatgpt\mail manager\.codex-coordination\build\root038-catalog\bin\bitigmail.engine.tests\release\bitigmail.engine.tests.dll" id="ce2a6728-d6a4-e348-8c07-eef4b8396276">
      <Execution id="9de0edda-5524-4438-981b-ca6601d39598" />
      <TestMethod codeBase="C:\Users\Eddiz\Documents\ChatGPT\Mail Manager\.codex-coordination\build\root038-catalog\bin\BitigMail.Engine.Tests\release\BitigMail.Engine.Tests.dll" adapterTypeName="executor://xunit/VsTestRunner3/netcore/" className="BitigMail.Engine.Tests.MicrosoftOAuthTests" name="PersonalOutlook_RejectsBroadOrInvalidAuthorities" />
    </UnitTest>
    <UnitTest name="BitigMail.Engine.Tests.MicrosoftOAuthTests.PersonalOutlook_RejectsBroadOrInvalidAuthorities(invalidAuthority: &quot;consumers/&quot;)" storage="c:\users\eddiz\documents\chatgpt\mail manager\.codex-coordination\build\root038-catalog\bin\bitigmail.engine.tests\release\bitigmail.engine.tests.dll" id="f5a0820b-e7ee-f09f-ec2d-58f618212684">
      <Execution id="410ce26c-eb10-4c5d-aabe-10e7a409059d" />
      <TestMethod codeBase="C:\Users\Eddiz\Documents\ChatGPT\Mail Manager\.codex-coordination\build\root038-catalog\bin\BitigMail.Engine.Tests\release\BitigMail.Engine.Tests.dll" adapterTypeName="executor://xunit/VsTestRunner3/netcore/" className="BitigMail.Engine.Tests.MicrosoftOAuthTests" name="PersonalOutlook_RejectsBroadOrInvalidAuthorities" />
    </UnitTest>
    <UnitTest name="BitigMail.Engine.Tests.OAuthOperationAuthorizationTests.SecurityVersionChangeBeforeCommitCannotPersistAccount(google: False)" storage="c:\users\eddiz\documents\chatgpt\mail manager\.codex-coordination\build\root038-catalog\bin\bitigmail.engine.tests\release\bitigmail.engine.tests.dll" id="66c311f1-0443-e0a6-bfda-1676a5f1ac80">
      <Execution id="b1650066-4e3e-498c-bb08-da81fefeeada" />
      <TestMethod codeBase="C:\Users\Eddiz\Documents\ChatGPT\Mail Manager\.codex-coordination\build\root038-catalog\bin\BitigMail.Engine.Tests\release\BitigMail.Engine.Tests.dll" adapterTypeName="executor://xunit/VsTestRunner3/netcore/" className="BitigMail.Engine.Tests.OAuthOperationAuthorizationTests" name="SecurityVersionChangeBeforeCommitCannotPersistAccount" />
    </UnitTest>
    <UnitTest name="BitigMail.Engine.Tests.MicrosoftOAuthTests.PersonalOutlook_StartOperation_PersistsConsumersTenant_AndAuthenticatesSuccessfully" storage="c:\users\eddiz\documents\chatgpt\mail manager\.codex-coordination\build\root038-catalog\bin\bitigmail.engine.tests\release\bitigmail.engine.tests.dll" id="521d2f0d-dae1-89aa-96a2-c26a5e22886c">
      <Execution id="5a040cc8-00ec-40b0-bb1f-008fe950737a" />
      <TestMethod codeBase="C:\Users\Eddiz\Documents\ChatGPT\Mail Manager\.codex-coordination\build\root038-catalog\bin\BitigMail.Engine.Tests\release\BitigMail.Engine.Tests.dll" adapterTypeName="executor://xunit/VsTestRunner3/netcore/" className="BitigMail.Engine.Tests.MicrosoftOAuthTests" name="PersonalOutlook_StartOperation_PersistsConsumersTenant_AndAuthenticatesSuccessfully" />
    </UnitTest>
    <UnitTest name="BitigMail.Engine.Tests.MicrosoftOAuthTests.SameIdentityReconnect_PreservesMetadataVersion_ForFrozenTransferResume" storage="c:\users\eddiz\documents\chatgpt\mail manager\.codex-coordination\build\root038-catalog\bin\bitigmail.engine.tests\release\bitigmail.engine.tests.dll" id="c4aba809-d5b1-3f2b-a991-195b4b70f99e">
      <Execution id="02b2706f-0252-4441-a252-cf23ca029686" />
      <TestMethod codeBase="C:\Users\Eddiz\Documents\ChatGPT\Mail Manager\.codex-coordination\build\root038-catalog\bin\BitigMail.Engine.Tests\release\BitigMail.Engine.Tests.dll" adapterTypeName="executor://xunit/VsTestRunner3/netcore/" className="BitigMail.Engine.Tests.MicrosoftOAuthTests" name="SameIdentityReconnect_PreservesMetadataVersion_ForFrozenTransferResume" />
    </UnitTest>
    <UnitTest name="BitigMail.Engine.Tests.GoogleOAuthTests.FakeLifecyclePublishesProtectedGoogleAccountWithoutSecretDto" storage="c:\users\eddiz\documents\chatgpt\mail manager\.codex-coordination\build\root038-catalog\bin\bitigmail.engine.tests\release\bitigmail.engine.tests.dll" id="33193e1e-4aab-5523-8877-fbbd28a3602c">
      <Execution id="1ca87184-ec7f-47cd-853b-e24c1575c0db" />
      <TestMethod codeBase="C:\Users\Eddiz\Documents\ChatGPT\Mail Manager\.codex-coordination\build\root038-catalog\bin\BitigMail.Engine.Tests\release\BitigMail.Engine.Tests.dll" adapterTypeName="executor://xunit/VsTestRunner3/netcore/" className="BitigMail.Engine.Tests.GoogleOAuthTests" name="FakeLifecyclePublishesProtectedGoogleAccountWithoutSecretDto" />
    </UnitTest>
    <UnitTest name="BitigMail.Engine.Tests.MicrosoftOAuthTests.LegacyPasswordPath_RemainsFullyFunctional" storage="c:\users\eddiz\documents\chatgpt\mail manager\.codex-coordination\build\root038-catalog\bin\bitigmail.engine.tests\release\bitigmail.engine.tests.dll" id="30916ffd-9e28-dfd5-1cd1-84edbe074a18">
      <Execution id="32f129fa-177a-49e8-a39e-a468132ac146" />
      <TestMethod codeBase="C:\Users\Eddiz\Documents\ChatGPT\Mail Manager\.codex-coordination\build\root038-catalog\bin\BitigMail.Engine.Tests\release\BitigMail.Engine.Tests.dll" adapterTypeName="executor://xunit/VsTestRunner3/netcore/" className="BitigMail.Engine.Tests.MicrosoftOAuthTests" name="LegacyPasswordPath_RemainsFullyFunctional" />
    </UnitTest>
    <UnitTest name="BitigMail.Engine.Tests.GoogleOAuthTests.PersistenceFailureNeverPublishesConnectedOrSecret" storage="c:\users\eddiz\documents\chatgpt\mail manager\.codex-coordination\build\root038-catalog\bin\bitigmail.engine.tests\release\bitigmail.engine.tests.dll" id="c4e87aee-9af2-5e70-fbbb-f4834f94146c">
      <Execution id="44757bba-2157-4bcb-98a0-d4b40afd610b" />
      <TestMethod codeBase="C:\Users\Eddiz\Documents\ChatGPT\Mail Manager\.codex-coordination\build\root038-catalog\bin\BitigMail.Engine.Tests\release\BitigMail.Engine.Tests.dll" adapterTypeName="executor://xunit/VsTestRunner3/netcore/" className="BitigMail.Engine.Tests.GoogleOAuthTests" name="PersistenceFailureNeverPublishesConnectedOrSecret" />
    </UnitTest>
    <UnitTest name="BitigMail.Engine.Tests.GoogleOAuthTests.IdentityRequiresVerifiedMatchingMailboxAndStableSubject" storage="c:\users\eddiz\documents\chatgpt\mail manager\.codex-coordination\build\root038-catalog\bin\bitigmail.engine.tests\release\bitigmail.engine.tests.dll" id="89a854c4-8cdc-6d1e-5eb2-10db92326c78">
      <Execution id="a12fc596-d1d7-4dce-8e0c-381db5a799d1" />
      <TestMethod codeBase="C:\Users\Eddiz\Documents\ChatGPT\Mail Manager\.codex-coordination\build\root038-catalog\bin\BitigMail.Engine.Tests\release\BitigMail.Engine.Tests.dll" adapterTypeName="executor://xunit/VsTestRunner3/netcore/" className="BitigMail.Engine.Tests.GoogleOAuthTests" name="IdentityRequiresVerifiedMatchingMailboxAndStableSubject" />
    </UnitTest>
    <UnitTest name="BitigMail.Engine.Tests.MicrosoftOAuthTests.PersonalOutlook_Reconnect_PreservesConsumersTenant" storage="c:\users\eddiz\documents\chatgpt\mail manager\.codex-coordination\build\root038-catalog\bin\bitigmail.engine.tests\release\bitigmail.engine.tests.dll" id="525412ca-fead-f8e1-9d12-74ff7f226566">
      <Execution id="8f207f9e-775f-4b70-be6e-c07c06337d55" />
      <TestMethod codeBase="C:\Users\Eddiz\Documents\ChatGPT\Mail Manager\.codex-coordination\build\root038-catalog\bin\BitigMail.Engine.Tests\release\BitigMail.Engine.Tests.dll" adapterTypeName="executor://xunit/VsTestRunner3/netcore/" className="BitigMail.Engine.Tests.MicrosoftOAuthTests" name="PersonalOutlook_Reconnect_PreservesConsumersTenant" />
    </UnitTest>
    <UnitTest name="BitigMail.Engine.Tests.GoogleOAuthTests.CancelledDelayedProviderCannotPublishAccount" storage="c:\users\eddiz\documents\chatgpt\mail manager\.codex-coordination\build\root038-catalog\bin\bitigmail.engine.tests\release\bitigmail.engine.tests.dll" id="1919c197-e3fb-2977-6269-54f05f00ee2a">
      <Execution id="b1591312-32c7-4b4f-b85d-b44ed368c0d9" />
      <TestMethod codeBase="C:\Users\Eddiz\Documents\ChatGPT\Mail Manager\.codex-coordination\build\root038-catalog\bin\BitigMail.Engine.Tests\release\BitigMail.Engine.Tests.dll" adapterTypeName="executor://xunit/VsTestRunner3/netcore/" className="BitigMail.Engine.Tests.GoogleOAuthTests" name="CancelledDelayedProviderCannotPublishAccount" />
    </UnitTest>
    <UnitTest name="BitigMail.Engine.Tests.MicrosoftOAuthTests.OAuthAccount_RejectsGetInternalAccountWithPassword" storage="c:\users\eddiz\documents\chatgpt\mail manager\.codex-coordination\build\root038-catalog\bin\bitigmail.engine.tests\release\bitigmail.engine.tests.dll" id="f682faa6-e673-a59b-78c8-8e6aaf11aae6">
      <Execution id="c978b44b-8a57-42e5-9107-7424b651a0eb" />
      <TestMethod codeBase="C:\Users\Eddiz\Documents\ChatGPT\Mail Manager\.codex-coordination\build\root038-catalog\bin\BitigMail.Engine.Tests\release\BitigMail.Engine.Tests.dll" adapterTypeName="executor://xunit/VsTestRunner3/netcore/" className="BitigMail.Engine.Tests.MicrosoftOAuthTests" name="OAuthAccount_RejectsGetInternalAccountWithPassword" />
    </UnitTest>
    <UnitTest name="BitigMail.Engine.Tests.MicrosoftOAuthTests.CredentialTypes_RedactSecretsInToString" storage="c:\users\eddiz\documents\chatgpt\mail manager\.codex-coordination\build\root038-catalog\bin\bitigmail.engine.tests\release\bitigmail.engine.tests.dll" id="8a5b766a-863e-2bac-b3a9-5d39f9ded631">
      <Execution id="4c4fc166-bdab-4862-b838-48391c8c0f16" />
      <TestMethod codeBase="C:\Users\Eddiz\Documents\ChatGPT\Mail Manager\.codex-coordination\build\root038-catalog\bin\BitigMail.Engine.Tests\release\BitigMail.Engine.Tests.dll" adapterTypeName="executor://xunit/VsTestRunner3/netcore/" className="BitigMail.Engine.Tests.MicrosoftOAuthTests" name="CredentialTypes_RedactSecretsInToString" />
    </UnitTest>
    <UnitTest name="BitigMail.Engine.Tests.MicrosoftOAuthTests.PersonalOutlook_RejectsBroadOrInvalidAuthorities(invalidAuthority: &quot;Consumers&quot;)" storage="c:\users\eddiz\documents\chatgpt\mail manager\.codex-coordination\build\root038-catalog\bin\bitigmail.engine.tests\release\bitigmail.engine.tests.dll" id="2a0d35d9-37ca-d653-af94-4f26da4fb00b">
      <Execution id="5eab6368-7cc5-4d18-82b6-5568098f09d3" />
      <TestMethod codeBase="C:\Users\Eddiz\Documents\ChatGPT\Mail Manager\.codex-coordination\build\root038-catalog\bin\BitigMail.Engine.Tests\release\BitigMail.Engine.Tests.dll" adapterTypeName="executor://xunit/VsTestRunner3/netcore/" className="BitigMail.Engine.Tests.MicrosoftOAuthTests" name="PersonalOutlook_RejectsBroadOrInvalidAuthorities" />
    </UnitTest>
    <UnitTest name="BitigMail.Engine.Tests.OAuthOperationAuthorizationTests.ProductionCannotStartWithoutAuthenticatedSession(google: True)" storage="c:\users\eddiz\documents\chatgpt\mail manager\.codex-coordination\build\root038-catalog\bin\bitigmail.engine.tests\release\bitigmail.engine.tests.dll" id="7d628178-969b-eebc-06f0-ac913e1a7903">
      <Execution id="3b561082-4a30-48ab-b75e-8b2571bd76bf" />
      <TestMethod codeBase="C:\Users\Eddiz\Documents\ChatGPT\Mail Manager\.codex-coordination\build\root038-catalog\bin\BitigMail.Engine.Tests\release\BitigMail.Engine.Tests.dll" adapterTypeName="executor://xunit/VsTestRunner3/netcore/" className="BitigMail.Engine.Tests.OAuthOperationAuthorizationTests" name="ProductionCannotStartWithoutAuthenticatedSession" />
    </UnitTest>
    <UnitTest name="BitigMail.Engine.Tests.MicrosoftOAuthTests.PersonalOutlook_SilentResolution_ValidatesExpectedTenantId" storage="c:\users\eddiz\documents\chatgpt\mail manager\.codex-coordination\build\root038-catalog\bin\bitigmail.engine.tests\release\bitigmail.engine.tests.dll" id="6a0abcfd-e5a6-4555-6511-18d8150dcd24">
      <Execution id="7e0308bf-6181-4e5c-9210-188d08d9587e" />
      <TestMethod codeBase="C:\Users\Eddiz\Documents\ChatGPT\Mail Manager\.codex-coordination\build\root038-catalog\bin\BitigMail.Engine.Tests\release\BitigMail.Engine.Tests.dll" adapterTypeName="executor://xunit/VsTestRunner3/netcore/" className="BitigMail.Engine.Tests.MicrosoftOAuthTests" name="PersonalOutlook_SilentResolution_ValidatesExpectedTenantId" />
    </UnitTest>
    <UnitTest name="BitigMail.Engine.Tests.GoogleOAuthTests.OfficialSdkBuildsS256PkceAndExposesCancellableLoopbackReceiver" storage="c:\users\eddiz\documents\chatgpt\mail manager\.codex-coordination\build\root038-catalog\bin\bitigmail.engine.tests\release\bitigmail.engine.tests.dll" id="1f12deea-de08-d60a-b3b8-8dff82cabe2e">
      <Execution id="a14d5e8d-a735-46d6-8138-f9b9a8fc028e" />
      <TestMethod codeBase="C:\Users\Eddiz\Documents\ChatGPT\Mail Manager\.codex-coordination\build\root038-catalog\bin\BitigMail.Engine.Tests\release\BitigMail.Engine.Tests.dll" adapterTypeName="executor://xunit/VsTestRunner3/netcore/" className="BitigMail.Engine.Tests.GoogleOAuthTests" name="OfficialSdkBuildsS256PkceAndExposesCancellableLoopbackReceiver" />
    </UnitTest>
    <UnitTest name="BitigMail.Engine.Tests.MicrosoftOAuthTests.OperationManager_LifecycleAndBoundedCapacity" storage="c:\users\eddiz\documents\chatgpt\mail manager\.codex-coordination\build\root038-catalog\bin\bitigmail.engine.tests\release\bitigmail.engine.tests.dll" id="ffa45cb2-755e-74b8-ec16-479b58de7dc5">
      <Execution id="9ff7ad29-0a96-4ec4-a476-494a271cea78" />
      <TestMethod codeBase="C:\Users\Eddiz\Documents\ChatGPT\Mail Manager\.codex-coordination\build\root038-catalog\bin\BitigMail.Engine.Tests\release\BitigMail.Engine.Tests.dll" adapterTypeName="executor://xunit/VsTestRunner3/netcore/" className="BitigMail.Engine.Tests.MicrosoftOAuthTests" name="OperationManager_LifecycleAndBoundedCapacity" />
    </UnitTest>
    <UnitTest name="BitigMail.Engine.Tests.MicrosoftOAuthTests.PersonalOutlook_RejectsBroadOrInvalidAuthorities(invalidAuthority: &quot;organizations&quot;)" storage="c:\users\eddiz\documents\chatgpt\mail manager\.codex-coordination\build\root038-catalog\bin\bitigmail.engine.tests\release\bitigmail.engine.tests.dll" id="0db9edea-2156-f7aa-00a3-a7857e924c09">
      <Execution id="e967a14c-08c8-42da-89e4-44185efbef69" />
      <TestMethod codeBase="C:\Users\Eddiz\Documents\ChatGPT\Mail Manager\.codex-coordination\build\root038-catalog\bin\BitigMail.Engine.Tests\release\BitigMail.Engine.Tests.dll" adapterTypeName="executor://xunit/VsTestRunner3/netcore/" className="BitigMail.Engine.Tests.MicrosoftOAuthTests" name="PersonalOutlook_RejectsBroadOrInvalidAuthorities" />
    </UnitTest>
    <UnitTest name="BitigMail.Engine.Tests.OAuthOperationAuthorizationTests.SecurityVersionChangeBeforeCommitCannotPersistAccount(google: True)" storage="c:\users\eddiz\documents\chatgpt\mail manager\.codex-coordination\build\root038-catalog\bin\bitigmail.engine.tests\release\bitigmail.engine.tests.dll" id="97e20332-cc3a-140a-7079-fe7c870e2153">
      <Execution id="ef538060-37d9-45ef-8aab-4bd98b6c24ea" />
      <TestMethod codeBase="C:\Users\Eddiz\Documents\ChatGPT\Mail Manager\.codex-coordination\build\root038-catalog\bin\BitigMail.Engine.Tests\release\BitigMail.Engine.Tests.dll" adapterTypeName="executor://xunit/VsTestRunner3/netcore/" className="BitigMail.Engine.Tests.OAuthOperationAuthorizationTests" name="SecurityVersionChangeBeforeCommitCannotPersistAccount" />
    </UnitTest>
    <UnitTest name="BitigMail.Engine.Tests.OAuthOperationAuthorizationTests.OtherUserAndSameUserNewSessionCannotReadOrCancelOperation(google: False)" storage="c:\users\eddiz\documents\chatgpt\mail manager\.codex-coordination\build\root038-catalog\bin\bitigmail.engine.tests\release\bitigmail.engine.tests.dll" id="5fffc774-b11f-754d-0ca7-5b8a2d0a05ba">
      <Execution id="2b06cddb-db9e-475f-a87f-b6cd64a06a31" />
      <TestMethod codeBase="C:\Users\Eddiz\Documents\ChatGPT\Mail Manager\.codex-coordination\build\root038-catalog\bin\BitigMail.Engine.Tests\release\BitigMail.Engine.Tests.dll" adapterTypeName="executor://xunit/VsTestRunner3/netcore/" className="BitigMail.Engine.Tests.OAuthOperationAuthorizationTests" name="OtherUserAndSameUserNewSessionCannotReadOrCancelOperation" />
    </UnitTest>
  </TestDefinitions>
  <TestEntries>
    <TestEntry testId="33193e1e-4aab-5523-8877-fbbd28a3602c" executionId="1ca87184-ec7f-47cd-853b-e24c1575c0db" testListId="8c84fa94-04c1-424b-9868-57a2d4851a1d" />
    <TestEntry testId="e3175fc7-c61b-028f-2926-72e0a34b0c53" executionId="670bceb9-79e2-42e3-9849-1e1f06a95c0b" testListId="8c84fa94-04c1-424b-9868-57a2d4851a1d" />
    <TestEntry testId="ffa45cb2-755e-74b8-ec16-479b58de7dc5" executionId="9ff7ad29-0a96-4ec4-a476-494a271cea78" testListId="8c84fa94-04c1-424b-9868-57a2d4851a1d" />
    <TestEntry testId="7d628178-969b-eebc-06f0-ac913e1a7903" executionId="3b561082-4a30-48ab-b75e-8b2571bd76bf" testListId="8c84fa94-04c1-424b-9868-57a2d4851a1d" />
    <TestEntry testId="1f12deea-de08-d60a-b3b8-8dff82cabe2e" executionId="a14d5e8d-a735-46d6-8138-f9b9a8fc028e" testListId="8c84fa94-04c1-424b-9868-57a2d4851a1d" />
    <TestEntry testId="525412ca-fead-f8e1-9d12-74ff7f226566" executionId="8f207f9e-775f-4b70-be6e-c07c06337d55" testListId="8c84fa94-04c1-424b-9868-57a2d4851a1d" />
    <TestEntry testId="042471b7-a901-b871-44b5-23e0ea475791" executionId="761e77ca-552e-491b-a551-b24585d1ee35" testListId="8c84fa94-04c1-424b-9868-57a2d4851a1d" />
    <TestEntry testId="2a0d35d9-37ca-d653-af94-4f26da4fb00b" executionId="5eab6368-7cc5-4d18-82b6-5568098f09d3" testListId="8c84fa94-04c1-424b-9868-57a2d4851a1d" />
    <TestEntry testId="0699b7ad-f896-ca56-70f2-c536d5883734" executionId="8cdb3397-516f-409b-86b8-823783eb3b4e" testListId="8c84fa94-04c1-424b-9868-57a2d4851a1d" />
    <TestEntry testId="ce2a6728-d6a4-e348-8c07-eef4b8396276" executionId="9de0edda-5524-4438-981b-ca6601d39598" testListId="8c84fa94-04c1-424b-9868-57a2d4851a1d" />
    <TestEntry testId="0651d148-eb4b-fa36-1b8e-5304b0c04a73" executionId="e8f4ea3c-bd5b-4cbc-b694-109f9db37355" testListId="8c84fa94-04c1-424b-9868-57a2d4851a1d" />
    <TestEntry testId="8a5b766a-863e-2bac-b3a9-5d39f9ded631" executionId="4c4fc166-bdab-4862-b838-48391c8c0f16" testListId="8c84fa94-04c1-424b-9868-57a2d4851a1d" />
    <TestEntry testId="521d2f0d-dae1-89aa-96a2-c26a5e22886c" executionId="5a040cc8-00ec-40b0-bb1f-008fe950737a" testListId="8c84fa94-04c1-424b-9868-57a2d4851a1d" />
    <TestEntry testId="fe9fd23b-03f1-3db7-583b-c4fca94cd76f" executionId="b3403ab0-3446-4adf-a59a-9634819c16b3" testListId="8c84fa94-04c1-424b-9868-57a2d4851a1d" />
    <TestEntry testId="97e20332-cc3a-140a-7079-fe7c870e2153" executionId="ef538060-37d9-45ef-8aab-4bd98b6c24ea" testListId="8c84fa94-04c1-424b-9868-57a2d4851a1d" />
    <TestEntry testId="6a0abcfd-e5a6-4555-6511-18d8150dcd24" executionId="7e0308bf-6181-4e5c-9210-188d08d9587e" testListId="8c84fa94-04c1-424b-9868-57a2d4851a1d" />
    <TestEntry testId="a7901185-e8e9-c8f8-d917-f38b7e0f4a90" executionId="1735a026-0078-4ed0-8af1-9de43f9cce4d" testListId="8c84fa94-04c1-424b-9868-57a2d4851a1d" />
    <TestEntry testId="f5a0820b-e7ee-f09f-ec2d-58f618212684" executionId="410ce26c-eb10-4c5d-aabe-10e7a409059d" testListId="8c84fa94-04c1-424b-9868-57a2d4851a1d" />
    <TestEntry testId="c4aba809-d5b1-3f2b-a991-195b4b70f99e" executionId="02b2706f-0252-4441-a252-cf23ca029686" testListId="8c84fa94-04c1-424b-9868-57a2d4851a1d" />
    <TestEntry testId="66c311f1-0443-e0a6-bfda-1676a5f1ac80" executionId="b1650066-4e3e-498c-bb08-da81fefeeada" testListId="8c84fa94-04c1-424b-9868-57a2d4851a1d" />
    <TestEntry testId="c1f11ca8-aa77-cc59-0d2f-ea77d8e70bd8" executionId="ad468051-1b1f-4b7c-88dd-17ea52f135b8" testListId="8c84fa94-04c1-424b-9868-57a2d4851a1d" />
    <TestEntry testId="f682faa6-e673-a59b-78c8-8e6aaf11aae6" executionId="c978b44b-8a57-42e5-9107-7424b651a0eb" testListId="8c84fa94-04c1-424b-9868-57a2d4851a1d" />
    <TestEntry testId="8aae3831-7b71-3c83-b41f-88f4a4b34159" executionId="10e6cde8-875c-496e-829b-b06f7789f58f" testListId="8c84fa94-04c1-424b-9868-57a2d4851a1d" />
    <TestEntry testId="b1a4e86e-72c8-179e-b9e9-8e26ed920303" executionId="3d1d8947-2282-4cd0-a2e1-a12716e6083a" testListId="8c84fa94-04c1-424b-9868-57a2d4851a1d" />
    <TestEntry testId="1919c197-e3fb-2977-6269-54f05f00ee2a" executionId="b1591312-32c7-4b4f-b85d-b44ed368c0d9" testListId="8c84fa94-04c1-424b-9868-57a2d4851a1d" />
    <TestEntry testId="2b41ffbc-8a19-ca20-cb83-7eaee9eb59db" executionId="d23d6bca-544c-4ce4-8d72-4a98cd1ab500" testListId="8c84fa94-04c1-424b-9868-57a2d4851a1d" />
    <TestEntry testId="5fffc774-b11f-754d-0ca7-5b8a2d0a05ba" executionId="2b06cddb-db9e-475f-a87f-b6cd64a06a31" testListId="8c84fa94-04c1-424b-9868-57a2d4851a1d" />
    <TestEntry testId="89a854c4-8cdc-6d1e-5eb2-10db92326c78" executionId="a12fc596-d1d7-4dce-8e0c-381db5a799d1" testListId="8c84fa94-04c1-424b-9868-57a2d4851a1d" />
    <TestEntry testId="5ab5f760-c0f0-0503-56f7-e66a39001984" executionId="3a58ea27-7544-4c4c-ac1b-b8e7f629f89d" testListId="8c84fa94-04c1-424b-9868-57a2d4851a1d" />
    <TestEntry testId="f6640123-707f-4fdd-3209-88ec566fa748" executionId="81ecd78a-569d-4a73-ac3f-95c4565464bf" testListId="8c84fa94-04c1-424b-9868-57a2d4851a1d" />
    <TestEntry testId="0db9edea-2156-f7aa-00a3-a7857e924c09" executionId="e967a14c-08c8-42da-89e4-44185efbef69" testListId="8c84fa94-04c1-424b-9868-57a2d4851a1d" />
    <TestEntry testId="c4e87aee-9af2-5e70-fbbb-f4834f94146c" executionId="44757bba-2157-4bcb-98a0-d4b40afd610b" testListId="8c84fa94-04c1-424b-9868-57a2d4851a1d" />
    <TestEntry testId="30916ffd-9e28-dfd5-1cd1-84edbe074a18" executionId="32f129fa-177a-49e8-a39e-a468132ac146" testListId="8c84fa94-04c1-424b-9868-57a2d4851a1d" />
  </TestEntries>
  <TestLists>
    <TestList name="Bir Listede Olmayan Sonuçlar" id="8c84fa94-04c1-424b-9868-57a2d4851a1d" />
    <TestList name="Yüklenen Tüm Sonuçlar" id="19431567-8539-422a-85d7-44ee4e166bda" />
  </TestLists>
  <ResultSummary outcome="Completed">
    <Counters total="33" executed="33" passed="33" failed="0" error="0" timeout="0" aborted="0" inconclusive="0" passedButRunAborted="0" notRunnable="0" notExecuted="0" disconnected="0" warning="0" completed="0" inProgress="0" pending="0" />
    <Output>
      <StdOut>[xUnit.net 00:00:00.00] xUnit.net VSTest Adapter v3.1.5+1b188a7b0a (64-bit .NET 8.0.31)&#xD;
[xUnit.net 00:00:00.07]   Discovering: BitigMail.Engine.Tests&#xD;
[xUnit.net 00:00:00.19]   Discovered:  BitigMail.Engine.Tests&#xD;
[xUnit.net 00:00:00.21]   Starting:    BitigMail.Engine.Tests&#xD;
[xUnit.net 00:00:01.15]   Finished:    BitigMail.Engine.Tests&#xD;
</StdOut>
    </Output>
  </ResultSummary>
</TestRun>