<?xml version="1.0" encoding="utf-8"?>
<TestRun id="807f561b-2165-4ee8-a413-146204ac1d9e" name="Eddiz@MERCAN-PC 2026-09-20 01:59:10" runUser="MERCAN-PC\Eddiz" xmlns="http://microsoft.com/schemas/VisualStudio/TeamTest/2010">
  <Times creation="2026-09-20T01:59:10.5032655+03:00" queuing="2026-09-20T01:59:10.5032657+03:00" start="2026-09-20T01:59:09.4623022+03:00" finish="2026-09-20T01:59:10.5420300+03:00" />
  <TestSettings name="default" id="946d9466-c3a7-4460-b905-5de827517878">
    <Deployment runDeploymentRoot="Eddiz_MERCAN-PC_2026-09-20_01_59_10" />
  </TestSettings>
  <Results>
    <UnitTestResult executionId="551076d4-57ac-4e6c-8ce0-ea321e31d758" testId="f3027a1d-8e89-5dd5-cdff-e58c68bba4f3" testName="BitigMail.Engine.Tests.PackageManifestReaderTests.AmbiguousOrIncompleteInputRejected(oldValue: &quot;\&quot;RelativePath\&quot;:\&quot;app.exe\&quot;&quot;, replacement: &quot;\&quot;RelativePath\&quot;:null&quot;)" computerName="MERCAN-PC" duration="00:00:00.0002749" startTime="2026-09-20T01:59:10.4506556+03:00" endTime="2026-09-20T01:59:10.4508746+03:00" testType="13cdc9d9-ddb5-4fa4-a97d-d965ccfc6d4b" outcome="Passed" testListId="8c84fa94-04c1-424b-9868-57a2d4851a1d" relativeResultsDirectory="551076d4-57ac-4e6c-8ce0-ea321e31d758" />
    <UnitTestResult executionId="5a3fe58d-46dc-4c58-ba09-e806724ad2de" testId="a0b6440d-e28e-db8a-164f-824350bd889d" testName="BitigMail.Engine.Tests.PackageManifestReaderTests.AmbiguousOrIncompleteInputRejected(oldValue: &quot;\&quot;Length\&quot;:3&quot;, replacement: &quot;\&quot;Length\&quot;:3,\&quot;Length\&quot;:4&quot;)" computerName="MERCAN-PC" duration="00:00:00.0000563" startTime="2026-09-20T01:59:10.4505583+03:00" endTime="2026-09-20T01:59:10.4505924+03:00" testType="13cdc9d9-ddb5-4fa4-a97d-d965ccfc6d4b" outcome="Passed" testListId="8c84fa94-04c1-424b-9868-57a2d4851a1d" relativeResultsDirectory="5a3fe58d-46dc-4c58-ba09-e806724ad2de" />
    <UnitTestResult executionId="6916f5ef-f179-4c37-af74-20034bb0b942" testId="912bd987-4f5c-8810-abdd-b36642509656" testName="BitigMail.Engine.Tests.PackageManifestReaderTests.NullFileAndTrailingDataRejected" computerName="MERCAN-PC" duration="00:00:00.0010258" startTime="2026-09-20T01:59:10.4769271+03:00" endTime="2026-09-20T01:59:10.4769569+03:00" testType="13cdc9d9-ddb5-4fa4-a97d-d965ccfc6d4b" outcome="Passed" testListId="8c84fa94-04c1-424b-9868-57a2d4851a1d" relativeResultsDirectory="6916f5ef-f179-4c37-af74-20034bb0b942" />
    <UnitTestResult executionId="62e60a8a-8ddc-4bae-8f36-9851d270552b" testId="aa014942-c456-2d78-63f5-44fa3b7f497b" testName="BitigMail.Engine.Tests.PackageManifestReaderTests.NonseekableOversizeInputStopsAtBound" computerName="MERCAN-PC" duration="00:00:00.0278051" startTime="2026-09-20T01:59:10.4770348+03:00" endTime="2026-09-20T01:59:10.4860590+03:00" testType="13cdc9d9-ddb5-4fa4-a97d-d965ccfc6d4b" outcome="Passed" testListId="8c84fa94-04c1-424b-9868-57a2d4851a1d" relativeResultsDirectory="62e60a8a-8ddc-4bae-8f36-9851d270552b" />
    <UnitTestResult executionId="d43d239b-8dcc-46ef-b71f-a08bdb968bdb" testId="3304ae2c-a32a-2067-e474-5d81855c650a" testName="BitigMail.Engine.Tests.PackageManifestReaderTests.CancellationStopsBeforeParsing" computerName="MERCAN-PC" duration="00:00:00.0011123" startTime="2026-09-20T01:59:10.4767917+03:00" endTime="2026-09-20T01:59:10.4768256+03:00" testType="13cdc9d9-ddb5-4fa4-a97d-d965ccfc6d4b" outcome="Passed" testListId="8c84fa94-04c1-424b-9868-57a2d4851a1d" relativeResultsDirectory="d43d239b-8dcc-46ef-b71f-a08bdb968bdb" />
    <UnitTestResult executionId="557e8226-2246-438a-bf9a-eb4dbd7213b7" testId="2e7fb410-c71b-358f-4110-1eb009746882" testName="BitigMail.Engine.Tests.PackageManifestReaderTests.AmbiguousOrIncompleteInputRejected(oldValue: &quot;\&quot;Length\&quot;:3&quot;, replacement: &quot;\&quot;Length\&quot;:3,\&quot;ExecutableApproved\&quot;:true&quot;)" computerName="MERCAN-PC" duration="00:00:00.0085597" startTime="2026-09-20T01:59:10.4148145+03:00" endTime="2026-09-20T01:59:10.4271805+03:00" testType="13cdc9d9-ddb5-4fa4-a97d-d965ccfc6d4b" outcome="Passed" testListId="8c84fa94-04c1-424b-9868-57a2d4851a1d" relativeResultsDirectory="557e8226-2246-438a-bf9a-eb4dbd7213b7" />
    <UnitTestResult executionId="32ed05dd-4ed4-46ad-94c0-8b445ba43977" testId="c4c24645-b9ac-7ef8-ec87-26fb95f05e90" testName="BitigMail.Engine.Tests.PackageManifestReaderTests.AmbiguousOrIncompleteInputRejected(oldValue: &quot;\&quot;Length\&quot;:3,&quot;, replacement: &quot;&quot;)" computerName="MERCAN-PC" duration="00:00:00.0000521" startTime="2026-09-20T01:59:10.4509491+03:00" endTime="2026-09-20T01:59:10.4509842+03:00" testType="13cdc9d9-ddb5-4fa4-a97d-d965ccfc6d4b" outcome="Passed" testListId="8c84fa94-04c1-424b-9868-57a2d4851a1d" relativeResultsDirectory="32ed05dd-4ed4-46ad-94c0-8b445ba43977" />
    <UnitTestResult executionId="8f32138b-1801-47d1-baa5-34586142e117" testId="b2410c93-ddb6-4b73-6359-067fad1068e1" testName="BitigMail.Engine.Tests.PackageManifestReaderTests.AmbiguousOrIncompleteInputRejected(oldValue: &quot;\&quot;Product\&quot;:\&quot;BitigMail\&quot;&quot;, replacement: &quot;\&quot;Product\&quot;:null&quot;)" computerName="MERCAN-PC" duration="00:00:00.0209345" startTime="2026-09-20T01:59:10.4336626+03:00" endTime="2026-09-20T01:59:10.4481639+03:00" testType="13cdc9d9-ddb5-4fa4-a97d-d965ccfc6d4b" outcome="Passed" testListId="8c84fa94-04c1-424b-9868-57a2d4851a1d" relativeResultsDirectory="8f32138b-1801-47d1-baa5-34586142e117" />
    <UnitTestResult executionId="d76f1d19-f4c6-4de6-9647-64b5ca6adadc" testId="8cbeb331-c0b0-fcaa-449b-e1f09ebe18db" testName="BitigMail.Engine.Tests.PackageManifestReaderTests.AmbiguousOrIncompleteInputRejected(oldValue: &quot;\&quot;Length\&quot;:3&quot;, replacement: &quot;\&quot;length\&quot;:3&quot;)" computerName="MERCAN-PC" duration="00:00:00.0000812" startTime="2026-09-20T01:59:10.4486481+03:00" endTime="2026-09-20T01:59:10.4486908+03:00" testType="13cdc9d9-ddb5-4fa4-a97d-d965ccfc6d4b" outcome="Passed" testListId="8c84fa94-04c1-424b-9868-57a2d4851a1d" relativeResultsDirectory="d76f1d19-f4c6-4de6-9647-64b5ca6adadc" />
    <UnitTestResult executionId="85bed07c-5f86-4618-bf78-3657ee85559d" testId="64091da4-fabe-3de4-2fd5-d775f503bd68" testName="BitigMail.Engine.Tests.PackageManifestReaderTests.AmbiguousOrIncompleteInputRejected(oldValue: &quot;\&quot;SchemaVersion\&quot;:1&quot;, replacement: &quot;\&quot;SchemaVersion\&quot;:\&quot;1\&quot;&quot;)" computerName="MERCAN-PC" duration="00:00:00.0004447" startTime="2026-09-20T01:59:10.4500999+03:00" endTime="2026-09-20T01:59:10.4504790+03:00" testType="13cdc9d9-ddb5-4fa4-a97d-d965ccfc6d4b" outcome="Passed" testListId="8c84fa94-04c1-424b-9868-57a2d4851a1d" relativeResultsDirectory="85bed07c-5f86-4618-bf78-3657ee85559d" />
    <UnitTestResult executionId="abd01382-dc1b-4d2b-8de4-78d5035fd4ae" testId="6efcf041-deac-148d-5f78-864c1a287246" testName="BitigMail.Engine.Tests.PackageManifestReaderTests.AmbiguousOrIncompleteInputRejected(oldValue: &quot;\&quot;Length\&quot;:3&quot;, replacement: &quot;\&quot;Length\&quot;:null&quot;)" computerName="MERCAN-PC" duration="00:00:00.0017245" startTime="2026-09-20T01:59:10.4487820+03:00" endTime="2026-09-20T01:59:10.4500073+03:00" testType="13cdc9d9-ddb5-4fa4-a97d-d965ccfc6d4b" outcome="Passed" testListId="8c84fa94-04c1-424b-9868-57a2d4851a1d" relativeResultsDirectory="abd01382-dc1b-4d2b-8de4-78d5035fd4ae" />
    <UnitTestResult executionId="cb386e73-9354-4783-8fbe-17597ce024a1" testId="4fe3aa6c-7a2c-79da-8aed-6cff7a798d5a" testName="BitigMail.Engine.Tests.PackageManifestReaderTests.AmbiguousOrIncompleteInputRejected(oldValue: &quot;\&quot;SchemaVersion\&quot;:1&quot;, replacement: &quot;\&quot;SchemaVersion\&quot;:1,\&quot;SchemaVersion\&quot;:2&quot;)" computerName="MERCAN-PC" duration="00:00:00.0000421" startTime="2026-09-20T01:59:10.4510511+03:00" endTime="2026-09-20T01:59:10.4510847+03:00" testType="13cdc9d9-ddb5-4fa4-a97d-d965ccfc6d4b" outcome="Passed" testListId="8c84fa94-04c1-424b-9868-57a2d4851a1d" relativeResultsDirectory="cb386e73-9354-4783-8fbe-17597ce024a1" />
    <UnitTestResult executionId="684381c4-d944-4d37-93d0-3d566e9adaf9" testId="593e5978-15db-8172-b230-9febdbe55b6c" testName="BitigMail.Engine.Tests.PackageManifestReaderTests.ExactManifestFreezesFileList" computerName="MERCAN-PC" duration="00:00:00.0029308" startTime="2026-09-20T01:59:10.4764820+03:00" endTime="2026-09-20T01:59:10.4765452+03:00" testType="13cdc9d9-ddb5-4fa4-a97d-d965ccfc6d4b" outcome="Passed" testListId="8c84fa94-04c1-424b-9868-57a2d4851a1d" relativeResultsDirectory="684381c4-d944-4d37-93d0-3d566e9adaf9" />
  </Results>
  <TestDefinitions>
    <UnitTest name="BitigMail.Engine.Tests.PackageManifestReaderTests.CancellationStopsBeforeParsing" storage="c:\users\eddiz\documents\chatgpt\mail manager\.codex-coordination\artifacts\root041reader\bin\bitigmail.engine.tests\debug\bitigmail.engine.tests.dll" id="3304ae2c-a32a-2067-e474-5d81855c650a">
      <Execution id="d43d239b-8dcc-46ef-b71f-a08bdb968bdb" />
      <TestMethod codeBase="C:\Users\Eddiz\Documents\ChatGPT\Mail Manager\.codex-coordination\artifacts\root041reader\bin\BitigMail.Engine.Tests\debug\BitigMail.Engine.Tests.dll" adapterTypeName="executor://xunit/VsTestRunner3/netcore/" className="BitigMail.Engine.Tests.PackageManifestReaderTests" name="CancellationStopsBeforeParsing" />
    </UnitTest>
    <UnitTest name="BitigMail.Engine.Tests.PackageManifestReaderTests.AmbiguousOrIncompleteInputRejected(oldValue: &quot;\&quot;RelativePath\&quot;:\&quot;app.exe\&quot;&quot;, replacement: &quot;\&quot;RelativePath\&quot;:null&quot;)" storage="c:\users\eddiz\documents\chatgpt\mail manager\.codex-coordination\artifacts\root041reader\bin\bitigmail.engine.tests\debug\bitigmail.engine.tests.dll" id="f3027a1d-8e89-5dd5-cdff-e58c68bba4f3">
      <Execution id="551076d4-57ac-4e6c-8ce0-ea321e31d758" />
      <TestMethod codeBase="C:\Users\Eddiz\Documents\ChatGPT\Mail Manager\.codex-coordination\artifacts\root041reader\bin\BitigMail.Engine.Tests\debug\BitigMail.Engine.Tests.dll" adapterTypeName="executor://xunit/VsTestRunner3/netcore/" className="BitigMail.Engine.Tests.PackageManifestReaderTests" name="AmbiguousOrIncompleteInputRejected" />
    </UnitTest>
    <UnitTest name="BitigMail.Engine.Tests.PackageManifestReaderTests.AmbiguousOrIncompleteInputRejected(oldValue: &quot;\&quot;Length\&quot;:3&quot;, replacement: &quot;\&quot;Length\&quot;:3,\&quot;Length\&quot;:4&quot;)" storage="c:\users\eddiz\documents\chatgpt\mail manager\.codex-coordination\artifacts\root041reader\bin\bitigmail.engine.tests\debug\bitigmail.engine.tests.dll" id="a0b6440d-e28e-db8a-164f-824350bd889d">
      <Execution id="5a3fe58d-46dc-4c58-ba09-e806724ad2de" />
      <TestMethod codeBase="C:\Users\Eddiz\Documents\ChatGPT\Mail Manager\.codex-coordination\artifacts\root041reader\bin\BitigMail.Engine.Tests\debug\BitigMail.Engine.Tests.dll" adapterTypeName="executor://xunit/VsTestRunner3/netcore/" className="BitigMail.Engine.Tests.PackageManifestReaderTests" name="AmbiguousOrIncompleteInputRejected" />
    </UnitTest>
    <UnitTest name="BitigMail.Engine.Tests.PackageManifestReaderTests.AmbiguousOrIncompleteInputRejected(oldValue: &quot;\&quot;Product\&quot;:\&quot;BitigMail\&quot;&quot;, replacement: &quot;\&quot;Product\&quot;:null&quot;)" storage="c:\users\eddiz\documents\chatgpt\mail manager\.codex-coordination\artifacts\root041reader\bin\bitigmail.engine.tests\debug\bitigmail.engine.tests.dll" id="b2410c93-ddb6-4b73-6359-067fad1068e1">
      <Execution id="8f32138b-1801-47d1-baa5-34586142e117" />
      <TestMethod codeBase="C:\Users\Eddiz\Documents\ChatGPT\Mail Manager\.codex-coordination\artifacts\root041reader\bin\BitigMail.Engine.Tests\debug\BitigMail.Engine.Tests.dll" adapterTypeName="executor://xunit/VsTestRunner3/netcore/" className="BitigMail.Engine.Tests.PackageManifestReaderTests" name="AmbiguousOrIncompleteInputRejected" />
    </UnitTest>
    <UnitTest name="BitigMail.Engine.Tests.PackageManifestReaderTests.NonseekableOversizeInputStopsAtBound" storage="c:\users\eddiz\documents\chatgpt\mail manager\.codex-coordination\artifacts\root041reader\bin\bitigmail.engine.tests\debug\bitigmail.engine.tests.dll" id="aa014942-c456-2d78-63f5-44fa3b7f497b">
      <Execution id="62e60a8a-8ddc-4bae-8f36-9851d270552b" />
      <TestMethod codeBase="C:\Users\Eddiz\Documents\ChatGPT\Mail Manager\.codex-coordination\artifacts\root041reader\bin\BitigMail.Engine.Tests\debug\BitigMail.Engine.Tests.dll" adapterTypeName="executor://xunit/VsTestRunner3/netcore/" className="BitigMail.Engine.Tests.PackageManifestReaderTests" name="NonseekableOversizeInputStopsAtBound" />
    </UnitTest>
    <UnitTest name="BitigMail.Engine.Tests.PackageManifestReaderTests.AmbiguousOrIncompleteInputRejected(oldValue: &quot;\&quot;Length\&quot;:3,&quot;, replacement: &quot;&quot;)" storage="c:\users\eddiz\documents\chatgpt\mail manager\.codex-coordination\artifacts\root041reader\bin\bitigmail.engine.tests\debug\bitigmail.engine.tests.dll" id="c4c24645-b9ac-7ef8-ec87-26fb95f05e90">
      <Execution id="32ed05dd-4ed4-46ad-94c0-8b445ba43977" />
      <TestMethod codeBase="C:\Users\Eddiz\Documents\ChatGPT\Mail Manager\.codex-coordination\artifacts\root041reader\bin\BitigMail.Engine.Tests\debug\BitigMail.Engine.Tests.dll" adapterTypeName="executor://xunit/VsTestRunner3/netcore/" className="BitigMail.Engine.Tests.PackageManifestReaderTests" name="AmbiguousOrIncompleteInputRejected" />
    </UnitTest>
    <UnitTest name="BitigMail.Engine.Tests.PackageManifestReaderTests.AmbiguousOrIncompleteInputRejected(oldValue: &quot;\&quot;SchemaVersion\&quot;:1&quot;, replacement: &quot;\&quot;SchemaVersion\&quot;:\&quot;1\&quot;&quot;)" storage="c:\users\eddiz\documents\chatgpt\mail manager\.codex-coordination\artifacts\root041reader\bin\bitigmail.engine.tests\debug\bitigmail.engine.tests.dll" id="64091da4-fabe-3de4-2fd5-d775f503bd68">
      <Execution id="85bed07c-5f86-4618-bf78-3657ee85559d" />
      <TestMethod codeBase="C:\Users\Eddiz\Documents\ChatGPT\Mail Manager\.codex-coordination\artifacts\root041reader\bin\BitigMail.Engine.Tests\debug\BitigMail.Engine.Tests.dll" adapterTypeName="executor://xunit/VsTestRunner3/netcore/" className="BitigMail.Engine.Tests.PackageManifestReaderTests" name="AmbiguousOrIncompleteInputRejected" />
    </UnitTest>
    <UnitTest name="BitigMail.Engine.Tests.PackageManifestReaderTests.AmbiguousOrIncompleteInputRejected(oldValue: &quot;\&quot;SchemaVersion\&quot;:1&quot;, replacement: &quot;\&quot;SchemaVersion\&quot;:1,\&quot;SchemaVersion\&quot;:2&quot;)" storage="c:\users\eddiz\documents\chatgpt\mail manager\.codex-coordination\artifacts\root041reader\bin\bitigmail.engine.tests\debug\bitigmail.engine.tests.dll" id="4fe3aa6c-7a2c-79da-8aed-6cff7a798d5a">
      <Execution id="cb386e73-9354-4783-8fbe-17597ce024a1" />
      <TestMethod codeBase="C:\Users\Eddiz\Documents\ChatGPT\Mail Manager\.codex-coordination\artifacts\root041reader\bin\BitigMail.Engine.Tests\debug\BitigMail.Engine.Tests.dll" adapterTypeName="executor://xunit/VsTestRunner3/netcore/" className="BitigMail.Engine.Tests.PackageManifestReaderTests" name="AmbiguousOrIncompleteInputRejected" />
    </UnitTest>
    <UnitTest name="BitigMail.Engine.Tests.PackageManifestReaderTests.NullFileAndTrailingDataRejected" storage="c:\users\eddiz\documents\chatgpt\mail manager\.codex-coordination\artifacts\root041reader\bin\bitigmail.engine.tests\debug\bitigmail.engine.tests.dll" id="912bd987-4f5c-8810-abdd-b36642509656">
      <Execution id="6916f5ef-f179-4c37-af74-20034bb0b942" />
      <TestMethod codeBase="C:\Users\Eddiz\Documents\ChatGPT\Mail Manager\.codex-coordination\artifacts\root041reader\bin\BitigMail.Engine.Tests\debug\BitigMail.Engine.Tests.dll" adapterTypeName="executor://xunit/VsTestRunner3/netcore/" className="BitigMail.Engine.Tests.PackageManifestReaderTests" name="NullFileAndTrailingDataRejected" />
    </UnitTest>
    <UnitTest name="BitigMail.Engine.Tests.PackageManifestReaderTests.AmbiguousOrIncompleteInputRejected(oldValue: &quot;\&quot;Length\&quot;:3&quot;, replacement: &quot;\&quot;Length\&quot;:3,\&quot;ExecutableApproved\&quot;:true&quot;)" storage="c:\users\eddiz\documents\chatgpt\mail manager\.codex-coordination\artifacts\root041reader\bin\bitigmail.engine.tests\debug\bitigmail.engine.tests.dll" id="2e7fb410-c71b-358f-4110-1eb009746882">
      <Execution id="557e8226-2246-438a-bf9a-eb4dbd7213b7" />
      <TestMethod codeBase="C:\Users\Eddiz\Documents\ChatGPT\Mail Manager\.codex-coordination\artifacts\root041reader\bin\BitigMail.Engine.Tests\debug\BitigMail.Engine.Tests.dll" adapterTypeName="executor://xunit/VsTestRunner3/netcore/" className="BitigMail.Engine.Tests.PackageManifestReaderTests" name="AmbiguousOrIncompleteInputRejected" />
    </UnitTest>
    <UnitTest name="BitigMail.Engine.Tests.PackageManifestReaderTests.AmbiguousOrIncompleteInputRejected(oldValue: &quot;\&quot;Length\&quot;:3&quot;, replacement: &quot;\&quot;length\&quot;:3&quot;)" storage="c:\users\eddiz\documents\chatgpt\mail manager\.codex-coordination\artifacts\root041reader\bin\bitigmail.engine.tests\debug\bitigmail.engine.tests.dll" id="8cbeb331-c0b0-fcaa-449b-e1f09ebe18db">
      <Execution id="d76f1d19-f4c6-4de6-9647-64b5ca6adadc" />
      <TestMethod codeBase="C:\Users\Eddiz\Documents\ChatGPT\Mail Manager\.codex-coordination\artifacts\root041reader\bin\BitigMail.Engine.Tests\debug\BitigMail.Engine.Tests.dll" adapterTypeName="executor://xunit/VsTestRunner3/netcore/" className="BitigMail.Engine.Tests.PackageManifestReaderTests" name="AmbiguousOrIncompleteInputRejected" />
    </UnitTest>
    <UnitTest name="BitigMail.Engine.Tests.PackageManifestReaderTests.ExactManifestFreezesFileList" storage="c:\users\eddiz\documents\chatgpt\mail manager\.codex-coordination\artifacts\root041reader\bin\bitigmail.engine.tests\debug\bitigmail.engine.tests.dll" id="593e5978-15db-8172-b230-9febdbe55b6c">
      <Execution id="684381c4-d944-4d37-93d0-3d566e9adaf9" />
      <TestMethod codeBase="C:\Users\Eddiz\Documents\ChatGPT\Mail Manager\.codex-coordination\artifacts\root041reader\bin\BitigMail.Engine.Tests\debug\BitigMail.Engine.Tests.dll" adapterTypeName="executor://xunit/VsTestRunner3/netcore/" className="BitigMail.Engine.Tests.PackageManifestReaderTests" name="ExactManifestFreezesFileList" />
    </UnitTest>
    <UnitTest name="BitigMail.Engine.Tests.PackageManifestReaderTests.AmbiguousOrIncompleteInputRejected(oldValue: &quot;\&quot;Length\&quot;:3&quot;, replacement: &quot;\&quot;Length\&quot;:null&quot;)" storage="c:\users\eddiz\documents\chatgpt\mail manager\.codex-coordination\artifacts\root041reader\bin\bitigmail.engine.tests\debug\bitigmail.engine.tests.dll" id="6efcf041-deac-148d-5f78-864c1a287246">
      <Execution id="abd01382-dc1b-4d2b-8de4-78d5035fd4ae" />
      <TestMethod codeBase="C:\Users\Eddiz\Documents\ChatGPT\Mail Manager\.codex-coordination\artifacts\root041reader\bin\BitigMail.Engine.Tests\debug\BitigMail.Engine.Tests.dll" adapterTypeName="executor://xunit/VsTestRunner3/netcore/" className="BitigMail.Engine.Tests.PackageManifestReaderTests" name="AmbiguousOrIncompleteInputRejected" />
    </UnitTest>
  </TestDefinitions>
  <TestEntries>
    <TestEntry testId="f3027a1d-8e89-5dd5-cdff-e58c68bba4f3" executionId="551076d4-57ac-4e6c-8ce0-ea321e31d758" testListId="8c84fa94-04c1-424b-9868-57a2d4851a1d" />
    <TestEntry testId="a0b6440d-e28e-db8a-164f-824350bd889d" executionId="5a3fe58d-46dc-4c58-ba09-e806724ad2de" testListId="8c84fa94-04c1-424b-9868-57a2d4851a1d" />
    <TestEntry testId="912bd987-4f5c-8810-abdd-b36642509656" executionId="6916f5ef-f179-4c37-af74-20034bb0b942" testListId="8c84fa94-04c1-424b-9868-57a2d4851a1d" />
    <TestEntry testId="aa014942-c456-2d78-63f5-44fa3b7f497b" executionId="62e60a8a-8ddc-4bae-8f36-9851d270552b" testListId="8c84fa94-04c1-424b-9868-57a2d4851a1d" />
    <TestEntry testId="3304ae2c-a32a-2067-e474-5d81855c650a" executionId="d43d239b-8dcc-46ef-b71f-a08bdb968bdb" testListId="8c84fa94-04c1-424b-9868-57a2d4851a1d" />
    <TestEntry testId="2e7fb410-c71b-358f-4110-1eb009746882" executionId="557e8226-2246-438a-bf9a-eb4dbd7213b7" testListId="8c84fa94-04c1-424b-9868-57a2d4851a1d" />
    <TestEntry testId="c4c24645-b9ac-7ef8-ec87-26fb95f05e90" executionId="32ed05dd-4ed4-46ad-94c0-8b445ba43977" testListId="8c84fa94-04c1-424b-9868-57a2d4851a1d" />
    <TestEntry testId="b2410c93-ddb6-4b73-6359-067fad1068e1" executionId="8f32138b-1801-47d1-baa5-34586142e117" testListId="8c84fa94-04c1-424b-9868-57a2d4851a1d" />
    <TestEntry testId="8cbeb331-c0b0-fcaa-449b-e1f09ebe18db" executionId="d76f1d19-f4c6-4de6-9647-64b5ca6adadc" testListId="8c84fa94-04c1-424b-9868-57a2d4851a1d" />
    <TestEntry testId="64091da4-fabe-3de4-2fd5-d775f503bd68" executionId="85bed07c-5f86-4618-bf78-3657ee85559d" testListId="8c84fa94-04c1-424b-9868-57a2d4851a1d" />
    <TestEntry testId="6efcf041-deac-148d-5f78-864c1a287246" executionId="abd01382-dc1b-4d2b-8de4-78d5035fd4ae" testListId="8c84fa94-04c1-424b-9868-57a2d4851a1d" />
    <TestEntry testId="4fe3aa6c-7a2c-79da-8aed-6cff7a798d5a" executionId="cb386e73-9354-4783-8fbe-17597ce024a1" testListId="8c84fa94-04c1-424b-9868-57a2d4851a1d" />
    <TestEntry testId="593e5978-15db-8172-b230-9febdbe55b6c" executionId="684381c4-d944-4d37-93d0-3d566e9adaf9" testListId="8c84fa94-04c1-424b-9868-57a2d4851a1d" />
  </TestEntries>
  <TestLists>
    <TestList name="Bir Listede Olmayan Sonuçlar" id="8c84fa94-04c1-424b-9868-57a2d4851a1d" />
    <TestList name="Yüklenen Tüm Sonuçlar" id="19431567-8539-422a-85d7-44ee4e166bda" />
  </TestLists>
  <ResultSummary outcome="Completed">
    <Counters total="13" executed="13" passed="13" failed="0" error="0" timeout="0" aborted="0" inconclusive="0" passedButRunAborted="0" notRunnable="0" notExecuted="0" disconnected="0" warning="0" completed="0" inProgress="0" pending="0" />
    <Output>
      <StdOut>[xUnit.net 00:00:00.00] xUnit.net VSTest Adapter v3.1.5+1b188a7b0a (64-bit .NET 8.0.31)&#xD;
[xUnit.net 00:00:00.37]   Discovering: BitigMail.Engine.Tests&#xD;
[xUnit.net 00:00:00.48]   Discovered:  BitigMail.Engine.Tests&#xD;
[xUnit.net 00:00:00.51]   Starting:    BitigMail.Engine.Tests&#xD;
[xUnit.net 00:00:00.60]   Finished:    BitigMail.Engine.Tests&#xD;
</StdOut>
    </Output>
  </ResultSummary>
</TestRun>