<?xml version="1.0" encoding="utf-8"?>
<TestRun id="195268c3-b81b-4462-b164-f2389eba9d67" name="Eddiz@MERCAN-PC 2026-09-20 02:03:14" runUser="MERCAN-PC\Eddiz" xmlns="http://microsoft.com/schemas/VisualStudio/TeamTest/2010">
  <Times creation="2026-09-20T02:03:14.9414527+03:00" queuing="2026-09-20T02:03:14.9414529+03:00" start="2026-09-20T02:03:14.1409297+03:00" finish="2026-09-20T02:03:17.7575999+03:00" />
  <TestSettings name="default" id="e507d50a-0ed3-49a4-9d0b-321d97537131">
    <Deployment runDeploymentRoot="Eddiz_MERCAN-PC_2026-09-20_02_03_14" />
  </TestSettings>
  <Results>
    <UnitTestResult executionId="9c43501d-3b88-41ad-8d13-887dffa02f20" testId="d2081e07-afc7-7f4e-4e48-48684d5eb707" testName="BitigMail.Engine.Tests.TransferRequestCapabilityBoundaryTests.UnsupportedSelectionControlsCannotSilentlyDisappear(requestType: typeof(BitigMail.Engine.Bridge.BridgeImportPreviewRequest), supportedJson: &quot;{\&quot;companyId\&quot;:\&quot;c\&quot;,\&quot;projectId\&quot;:\&quot;p\&quot;,\&quot;sourceH&quot;···)" computerName="MERCAN-PC" duration="00:00:00.0050492" startTime="2026-09-20T02:03:14.8774187+03:00" endTime="2026-09-20T02:03:14.8775007+03:00" testType="13cdc9d9-ddb5-4fa4-a97d-d965ccfc6d4b" outcome="Passed" testListId="8c84fa94-04c1-424b-9868-57a2d4851a1d" relativeResultsDirectory="9c43501d-3b88-41ad-8d13-887dffa02f20" />
    <UnitTestResult executionId="8ac20ea9-4979-4cf2-9d5b-2821957dddec" testId="3d11c149-9b7d-a510-5233-a836cb64c2d3" testName="BitigMail.Engine.Tests.ImapTransferLifecycleCriticalTests.InitialReauthorizationInterruptionRetainsJournalAndResumesSameJob" computerName="MERCAN-PC" duration="00:00:00.0727074" startTime="2026-09-20T02:03:15.9994101+03:00" endTime="2026-09-20T02:03:16.0723869+03:00" testType="13cdc9d9-ddb5-4fa4-a97d-d965ccfc6d4b" outcome="Passed" testListId="8c84fa94-04c1-424b-9868-57a2d4851a1d" relativeResultsDirectory="8ac20ea9-4979-4cf2-9d5b-2821957dddec" />
    <UnitTestResult executionId="c38ba9b3-f222-4a20-90b5-081f6a90deaa" testId="f4d81173-be3e-f9e9-33fb-2b2889d8dda8" testName="BitigMail.Engine.Tests.ImapTransferLifecycleCriticalTests.Resume_RechecksTargetMetadataEvenWhenRawBytesStillMatch(ambiguousIntent: False, changedField: &quot;flag&quot;)" computerName="MERCAN-PC" duration="00:00:00.0557467" startTime="2026-09-20T02:03:15.1098917+03:00" endTime="2026-09-20T02:03:15.1642700+03:00" testType="13cdc9d9-ddb5-4fa4-a97d-d965ccfc6d4b" outcome="Passed" testListId="8c84fa94-04c1-424b-9868-57a2d4851a1d" relativeResultsDirectory="c38ba9b3-f222-4a20-90b5-081f6a90deaa" />
    <UnitTestResult executionId="9627afcc-63b2-4f3a-b4e1-5dd54231a669" testId="397e8134-0eae-9c0f-ca99-d11bb8a11d14" testName="BitigMail.Engine.Tests.ImapTransferTests.IdempotencyConflict_SameKeyDifferentPlan_ThrowsConflict" computerName="MERCAN-PC" duration="00:00:00.0208076" startTime="2026-09-20T02:03:15.0567583+03:00" endTime="2026-09-20T02:03:15.0778715+03:00" testType="13cdc9d9-ddb5-4fa4-a97d-d965ccfc6d4b" outcome="Passed" testListId="8c84fa94-04c1-424b-9868-57a2d4851a1d" relativeResultsDirectory="9627afcc-63b2-4f3a-b4e1-5dd54231a669" />
    <UnitTestResult executionId="aa9d7eb7-93ab-4766-9958-7d3ae0109fa2" testId="e36de986-b723-987a-c765-72773e7daf98" testName="BitigMail.Engine.Tests.ImapTransferTests.FrozenPreview_CapturesExactItems_ExcludesSecrets" computerName="MERCAN-PC" duration="00:00:00.0250243" startTime="2026-09-20T02:03:15.0312922+03:00" endTime="2026-09-20T02:03:15.0565961+03:00" testType="13cdc9d9-ddb5-4fa4-a97d-d965ccfc6d4b" outcome="Passed" testListId="8c84fa94-04c1-424b-9868-57a2d4851a1d" relativeResultsDirectory="aa9d7eb7-93ab-4766-9958-7d3ae0109fa2" />
    <UnitTestResult executionId="ec11cbfc-6834-4c08-b489-238721a1408a" testId="1cf4cadd-7cba-00a2-b988-badc9f0b89ca" testName="BitigMail.Engine.Tests.ImapTransferLifecycleCriticalTests.Resume_RechecksTargetMetadataEvenWhenRawBytesStillMatch(ambiguousIntent: False, changedField: &quot;keyword&quot;)" computerName="MERCAN-PC" duration="00:00:00.0594322" startTime="2026-09-20T02:03:15.3039576+03:00" endTime="2026-09-20T02:03:15.3635111+03:00" testType="13cdc9d9-ddb5-4fa4-a97d-d965ccfc6d4b" outcome="Passed" testListId="8c84fa94-04c1-424b-9868-57a2d4851a1d" relativeResultsDirectory="ec11cbfc-6834-4c08-b489-238721a1408a" />
    <UnitTestResult executionId="6b0c7593-a186-4e95-84db-e3e9d6a924cc" testId="ada88294-b5c6-e982-9869-95212bf702d8" testName="BitigMail.Engine.Tests.ImapTransferLifecycleCriticalTests.Resume_RechecksTargetMetadataEvenWhenRawBytesStillMatch(ambiguousIntent: True, changedField: &quot;flag&quot;)" computerName="MERCAN-PC" duration="00:00:00.0743174" startTime="2026-09-20T02:03:15.2290335+03:00" endTime="2026-09-20T02:03:15.3037058+03:00" testType="13cdc9d9-ddb5-4fa4-a97d-d965ccfc6d4b" outcome="Passed" testListId="8c84fa94-04c1-424b-9868-57a2d4851a1d" relativeResultsDirectory="6b0c7593-a186-4e95-84db-e3e9d6a924cc" />
    <UnitTestResult executionId="721749ed-dfcc-4961-b540-63f218e28506" testId="7c305287-8305-89b3-a535-c52da3d56b9e" testName="BitigMail.Engine.Tests.ImapTransferTests.DateEdgeAndMissingTimezone_ExcludesAndCountsMissing" computerName="MERCAN-PC" duration="00:00:00.0159860" startTime="2026-09-20T02:03:15.1589322+03:00" endTime="2026-09-20T02:03:15.1752158+03:00" testType="13cdc9d9-ddb5-4fa4-a97d-d965ccfc6d4b" outcome="Passed" testListId="8c84fa94-04c1-424b-9868-57a2d4851a1d" relativeResultsDirectory="721749ed-dfcc-4961-b540-63f218e28506" />
    <UnitTestResult executionId="f7d25937-32b0-4211-89fb-474e9a7da651" testId="66b78431-cd62-4ff4-83a4-fbb4c6a597a4" testName="BitigMail.Engine.Tests.ImapTransferLifecycleCriticalTests.CacheCommitFailureCannotPublishCompletedTransfer" computerName="MERCAN-PC" duration="00:00:00.0607069" startTime="2026-09-20T02:03:16.0727593+03:00" endTime="2026-09-20T02:03:16.1335431+03:00" testType="13cdc9d9-ddb5-4fa4-a97d-d965ccfc6d4b" outcome="Passed" testListId="8c84fa94-04c1-424b-9868-57a2d4851a1d" relativeResultsDirectory="f7d25937-32b0-4211-89fb-474e9a7da651" />
    <UnitTestResult executionId="e9cd286d-bdf0-4ffc-babc-5a96d35498fa" testId="33a4a79f-7f00-5399-54f8-aa8e01b0c0e7" testName="BitigMail.Engine.Tests.ImapTransferTests.VerifiedTargetMutationOrDeletion_BlocksTransfer" computerName="MERCAN-PC" duration="00:00:00.0249610" startTime="2026-09-20T02:03:15.1925832+03:00" endTime="2026-09-20T02:03:15.2180953+03:00" testType="13cdc9d9-ddb5-4fa4-a97d-d965ccfc6d4b" outcome="Passed" testListId="8c84fa94-04c1-424b-9868-57a2d4851a1d" relativeResultsDirectory="e9cd286d-bdf0-4ffc-babc-5a96d35498fa" />
    <UnitTestResult executionId="7a3778f9-e1e3-40e3-a455-18dc9d14ca77" testId="dd34ec5b-c4ff-54b8-b1fa-73ead1afd08f" testName="BitigMail.Engine.Tests.ImapTransferLifecycleCriticalTests.QueuedInitialPersistenceFailure_RollsBackWithoutPhantomOrPoisonedKey" computerName="MERCAN-PC" duration="00:00:00.2308654" startTime="2026-09-20T02:03:17.2781873+03:00" endTime="2026-09-20T02:03:17.5091747+03:00" testType="13cdc9d9-ddb5-4fa4-a97d-d965ccfc6d4b" outcome="Passed" testListId="8c84fa94-04c1-424b-9868-57a2d4851a1d" relativeResultsDirectory="7a3778f9-e1e3-40e3-a455-18dc9d14ca77" />
    <UnitTestResult executionId="c63869ad-8cb0-4baf-abaf-4e1fa159e5fd" testId="8412c5fc-d088-4b0b-a1ef-7ec5a1e92466" testName="BitigMail.Engine.Tests.ImapTransferTests.ResumeReconciliation_OneToken_ReconcilesToVerified" computerName="MERCAN-PC" duration="00:00:00.0283680" startTime="2026-09-20T02:03:15.0023791+03:00" endTime="2026-09-20T02:03:15.0311404+03:00" testType="13cdc9d9-ddb5-4fa4-a97d-d965ccfc6d4b" outcome="Passed" testListId="8c84fa94-04c1-424b-9868-57a2d4851a1d" relativeResultsDirectory="c63869ad-8cb0-4baf-abaf-4e1fa159e5fd" />
    <UnitTestResult executionId="891c1ce6-b46b-48f9-ab7e-6a0fe9e32ff0" testId="49c81e17-33ff-5b58-ac7f-1d4edc3afbb7" testName="BitigMail.Engine.Tests.ImapTransferTests.ResumeReconciliation_ZeroToken_IsAmbiguous_SetsNeedsAttention_NoReappend" computerName="MERCAN-PC" duration="00:00:00.0257555" startTime="2026-09-20T02:03:15.1326200+03:00" endTime="2026-09-20T02:03:15.1587595+03:00" testType="13cdc9d9-ddb5-4fa4-a97d-d965ccfc6d4b" outcome="Passed" testListId="8c84fa94-04c1-424b-9868-57a2d4851a1d" relativeResultsDirectory="891c1ce6-b46b-48f9-ab7e-6a0fe9e32ff0" />
    <UnitTestResult executionId="5f8308a1-d658-4222-aca2-97cd468c6e2a" testId="7db715dc-428b-9d85-547b-edb1320cdec5" testName="BitigMail.Engine.Tests.ImapTransferTests.StateTransitions_PlannedToAppendIntentToVerified" computerName="MERCAN-PC" duration="00:00:00.0294360" startTime="2026-09-20T02:03:15.1028869+03:00" endTime="2026-09-20T02:03:15.1324758+03:00" testType="13cdc9d9-ddb5-4fa4-a97d-d965ccfc6d4b" outcome="Passed" testListId="8c84fa94-04c1-424b-9868-57a2d4851a1d" relativeResultsDirectory="5f8308a1-d658-4222-aca2-97cd468c6e2a" />
    <UnitTestResult executionId="bf088378-2c38-4163-96a1-ad61b4bce20e" testId="b0a35860-5de5-db6a-c0dc-0a56bffefb36" testName="BitigMail.Engine.Tests.ImapTransferTests.PersistenceFault_HaltsBeforeNextAppend_PreservesPriorTargetUidEvidence" computerName="MERCAN-PC" duration="00:00:00.1787835" startTime="2026-09-20T02:03:14.8171065+03:00" endTime="2026-09-20T02:03:15.0014748+03:00" testType="13cdc9d9-ddb5-4fa4-a97d-d965ccfc6d4b" outcome="Passed" testListId="8c84fa94-04c1-424b-9868-57a2d4851a1d" relativeResultsDirectory="bf088378-2c38-4163-96a1-ad61b4bce20e" />
    <UnitTestResult executionId="8a77eced-510f-47b7-b4dd-7d9eff0cdae5" testId="48cf4853-fdc0-ece1-f900-8f3da06e93b4" testName="BitigMail.Engine.Tests.ImapTransferTests.SharedSlotContention_BlocksConcurrentJobs" computerName="MERCAN-PC" duration="00:00:00.0207095" startTime="2026-09-20T02:03:15.2182487+03:00" endTime="2026-09-20T02:03:15.2392485+03:00" testType="13cdc9d9-ddb5-4fa4-a97d-d965ccfc6d4b" outcome="Passed" testListId="8c84fa94-04c1-424b-9868-57a2d4851a1d" relativeResultsDirectory="8a77eced-510f-47b7-b4dd-7d9eff0cdae5" />
    <UnitTestResult executionId="1d72935b-231c-441d-bf3f-7157a738e741" testId="7bbcbf2b-e9e9-7597-cbf8-92f71f61cab2" testName="BitigMail.Engine.Tests.ImapTransferLifecycleCriticalTests.QueuedResume_PreservesResumeEligibilityAcrossCancelAndRestart" computerName="MERCAN-PC" duration="00:00:00.1603599" startTime="2026-09-20T02:03:15.8393446+03:00" endTime="2026-09-20T02:03:15.9991369+03:00" testType="13cdc9d9-ddb5-4fa4-a97d-d965ccfc6d4b" outcome="Passed" testListId="8c84fa94-04c1-424b-9868-57a2d4851a1d" relativeResultsDirectory="1d72935b-231c-441d-bf3f-7157a738e741" />
    <UnitTestResult executionId="06a8ee80-254b-432b-9fea-c9a047fc0c11" testId="503a41b8-d8c9-ca3e-0867-399955e4bff9" testName="BitigMail.Engine.Tests.ImapTransferLifecycleCriticalTests.Resume_RechecksTargetMetadataEvenWhenRawBytesStillMatch(ambiguousIntent: False, changedField: &quot;date&quot;)" computerName="MERCAN-PC" duration="00:00:00.2249216" startTime="2026-09-20T02:03:14.8171384+03:00" endTime="2026-09-20T02:03:15.0459981+03:00" testType="13cdc9d9-ddb5-4fa4-a97d-d965ccfc6d4b" outcome="Passed" testListId="8c84fa94-04c1-424b-9868-57a2d4851a1d" relativeResultsDirectory="06a8ee80-254b-432b-9fea-c9a047fc0c11" />
    <UnitTestResult executionId="2b0bd76a-1d1a-412e-8e7f-63a74f0538af" testId="9c1c94eb-bca3-608b-bcfc-933bbd111efc" testName="BitigMail.Engine.Tests.ImapTransferLifecycleCriticalTests.InitialPersistenceFailure_DoesNotPublishPhantomJobOrConsumeIdempotency" computerName="MERCAN-PC" duration="00:00:00.0574139" startTime="2026-09-20T02:03:15.3636586+03:00" endTime="2026-09-20T02:03:15.4213391+03:00" testType="13cdc9d9-ddb5-4fa4-a97d-d965ccfc6d4b" outcome="Passed" testListId="8c84fa94-04c1-424b-9868-57a2d4851a1d" relativeResultsDirectory="2b0bd76a-1d1a-412e-8e7f-63a74f0538af" />
    <UnitTestResult executionId="ff7da4d5-a7b4-40fc-9045-672e12606eee" testId="de3f70fc-85fc-8151-b638-9dd25f633be6" testName="BitigMail.Engine.Tests.TransferRequestCapabilityBoundaryTests.UnsupportedSelectionControlsCannotSilentlyDisappear(requestType: typeof(BitigMail.LocalHost.PopPreviewApiRequest), supportedJson: &quot;{\&quot;accountId\&quot;:\&quot;s\&quot;,\&quot;companyId\&quot;:\&quot;c\&quot;,\&quot;project&quot;···)" computerName="MERCAN-PC" duration="00:00:00.0009655" startTime="2026-09-20T02:03:14.8786263+03:00" endTime="2026-09-20T02:03:14.8795580+03:00" testType="13cdc9d9-ddb5-4fa4-a97d-d965ccfc6d4b" outcome="Passed" testListId="8c84fa94-04c1-424b-9868-57a2d4851a1d" relativeResultsDirectory="ff7da4d5-a7b4-40fc-9045-672e12606eee" />
    <UnitTestResult executionId="e341d787-5f0a-4373-95a1-a6786ed81362" testId="8dfde48f-feb5-e753-8cc8-16392891b2a1" testName="BitigMail.Engine.Tests.ImapTransferLifecycleCriticalTests.Resume_RechecksTargetMetadataEvenWhenRawBytesStillMatch(ambiguousIntent: True, changedField: &quot;keyword&quot;)" computerName="MERCAN-PC" duration="00:00:00.0642327" startTime="2026-09-20T02:03:15.1644470+03:00" endTime="2026-09-20T02:03:15.2289017+03:00" testType="13cdc9d9-ddb5-4fa4-a97d-d965ccfc6d4b" outcome="Passed" testListId="8c84fa94-04c1-424b-9868-57a2d4851a1d" relativeResultsDirectory="e341d787-5f0a-4373-95a1-a6786ed81362" />
    <UnitTestResult executionId="df0ef4e5-1488-44b1-a2ca-c72e6df6e886" testId="275d67b8-2712-075e-5d0e-bd5395f87f9b" testName="BitigMail.Engine.Tests.ImapTransferLifecycleCriticalTests.Queue_IsDurableFifo_Bounded_Idempotent_AndRunsOneWorker" computerName="MERCAN-PC" duration="00:00:01.1436914" startTime="2026-09-20T02:03:16.1337505+03:00" endTime="2026-09-20T02:03:17.2778248+03:00" testType="13cdc9d9-ddb5-4fa4-a97d-d965ccfc6d4b" outcome="Passed" testListId="8c84fa94-04c1-424b-9868-57a2d4851a1d" relativeResultsDirectory="df0ef4e5-1488-44b1-a2ca-c72e6df6e886" />
    <UnitTestResult executionId="a8bf7d44-1164-49da-b0c0-ad845a53f789" testId="5fad64c8-8f68-8218-061d-4c448de192de" testName="BitigMail.Engine.Tests.ImapTransferLifecycleCriticalTests.ActivationPersistenceFailure_DoesNotCreateGhostActive_AndDispatchesNext" computerName="MERCAN-PC" duration="00:00:00.1218263" startTime="2026-09-20T02:03:15.5624327+03:00" endTime="2026-09-20T02:03:15.6845139+03:00" testType="13cdc9d9-ddb5-4fa4-a97d-d965ccfc6d4b" outcome="Passed" testListId="8c84fa94-04c1-424b-9868-57a2d4851a1d" relativeResultsDirectory="a8bf7d44-1164-49da-b0c0-ad845a53f789" />
    <UnitTestResult executionId="1f45b2fc-782c-4438-a6ed-a4b3c7061a1a" testId="f048300f-5491-4ec4-217b-d5264a8a5b5e" testName="BitigMail.Engine.Tests.TransferRequestCapabilityBoundaryTests.UnsupportedSelectionControlsCannotSilentlyDisappear(requestType: typeof(BitigMail.Engine.Imap.Transfer.ImapTransferPreviewRequest), supportedJson: &quot;{\&quot;companyId\&quot;:\&quot;c\&quot;,\&quot;projectId\&quot;:\&quot;p\&quot;,\&quot;sourceA&quot;···)" computerName="MERCAN-PC" duration="00:00:00.0002952" startTime="2026-09-20T02:03:14.8782733+03:00" endTime="2026-09-20T02:03:14.8785281+03:00" testType="13cdc9d9-ddb5-4fa4-a97d-d965ccfc6d4b" outcome="Passed" testListId="8c84fa94-04c1-424b-9868-57a2d4851a1d" relativeResultsDirectory="1f45b2fc-782c-4438-a6ed-a4b3c7061a1a" />
    <UnitTestResult executionId="ce27323c-32cd-4f8a-bb0e-58c350053db6" testId="9b876770-4e59-c235-1aa4-481790f73d0d" testName="BitigMail.Engine.Tests.ImapTransferTests.AccountVersionOrSourceHashMismatch_BlocksBeforeWrites" computerName="MERCAN-PC" duration="00:00:00.0243284" startTime="2026-09-20T02:03:15.0780227+03:00" endTime="2026-09-20T02:03:15.1026473+03:00" testType="13cdc9d9-ddb5-4fa4-a97d-d965ccfc6d4b" outcome="Passed" testListId="8c84fa94-04c1-424b-9868-57a2d4851a1d" relativeResultsDirectory="ce27323c-32cd-4f8a-bb0e-58c350053db6" />
    <UnitTestResult executionId="3d4bf219-c5be-4cd8-8c5b-51f6a8d7413f" testId="2e70c388-8285-a115-d32f-a42e5d259647" testName="BitigMail.Engine.Tests.ImapTransferLifecycleCriticalTests.AmbiguousFirstItem_StopsBeforeAppendingLaterPlannedItems" computerName="MERCAN-PC" duration="00:00:00.0564350" startTime="2026-09-20T02:03:17.6481523+03:00" endTime="2026-09-20T02:03:17.7046934+03:00" testType="13cdc9d9-ddb5-4fa4-a97d-d965ccfc6d4b" outcome="Passed" testListId="8c84fa94-04c1-424b-9868-57a2d4851a1d" relativeResultsDirectory="3d4bf219-c5be-4cd8-8c5b-51f6a8d7413f" />
    <UnitTestResult executionId="fc625fa8-f41d-49ac-ae4b-5ccb2539bf6f" testId="69f1ffd7-bb64-ed6f-7b64-eeb9fc835de6" testName="BitigMail.Engine.Tests.ImapTransferLifecycleCriticalTests.Resume_RechecksTargetMetadataEvenWhenRawBytesStillMatch(ambiguousIntent: True, changedField: &quot;date&quot;)" computerName="MERCAN-PC" duration="00:00:00.0615199" startTime="2026-09-20T02:03:15.0462078+03:00" endTime="2026-09-20T02:03:15.1080759+03:00" testType="13cdc9d9-ddb5-4fa4-a97d-d965ccfc6d4b" outcome="Passed" testListId="8c84fa94-04c1-424b-9868-57a2d4851a1d" relativeResultsDirectory="fc625fa8-f41d-49ac-ae4b-5ccb2539bf6f" />
    <UnitTestResult executionId="ddce2b06-1449-4448-ab1a-a900d3c5a4d4" testId="28fa02dc-580e-8708-8b3f-af300c7c52d0" testName="BitigMail.Engine.Tests.TransferRequestCapabilityBoundaryTests.UnsupportedSelectionControlsCannotSilentlyDisappear(requestType: typeof(BitigMail.Engine.Archive.ArchiveSearchRequest), supportedJson: &quot;{\&quot;selectedScopes\&quot;:[],\&quot;query\&quot;:\&quot;invoice\&quot;,\&quot;fie&quot;···)" computerName="MERCAN-PC" duration="00:00:00.0027128" startTime="2026-09-20T02:03:14.9060717+03:00" endTime="2026-09-20T02:03:14.9061479+03:00" testType="13cdc9d9-ddb5-4fa4-a97d-d965ccfc6d4b" outcome="Passed" testListId="8c84fa94-04c1-424b-9868-57a2d4851a1d" relativeResultsDirectory="ddce2b06-1449-4448-ab1a-a900d3c5a4d4" />
    <UnitTestResult executionId="e8a85bfa-34d0-4904-958e-0c9cb45ec7ac" testId="04a0c8a2-d72d-d45c-fe6d-0b81163a4f29" testName="BitigMail.Engine.Tests.TransferRequestCapabilityBoundaryTests.NestedFolderMappingAlsoRejectsUnknownSelectionControls" computerName="MERCAN-PC" duration="00:00:00.0427880" startTime="2026-09-20T02:03:14.8158355+03:00" endTime="2026-09-20T02:03:14.8659703+03:00" testType="13cdc9d9-ddb5-4fa4-a97d-d965ccfc6d4b" outcome="Passed" testListId="8c84fa94-04c1-424b-9868-57a2d4851a1d" relativeResultsDirectory="e8a85bfa-34d0-4904-958e-0c9cb45ec7ac" />
    <UnitTestResult executionId="f93da50b-de78-469f-ad61-412c3b5405af" testId="299ea3bb-725a-4812-5dd3-1b4f09fff88f" testName="BitigMail.Engine.Tests.ImapTransferLifecycleCriticalTests.PendingCancel_IsScopeSafePersistFirst_AndRestartRequiresReplan" computerName="MERCAN-PC" duration="00:00:00.1381078" startTime="2026-09-20T02:03:17.5095443+03:00" endTime="2026-09-20T02:03:17.6477745+03:00" testType="13cdc9d9-ddb5-4fa4-a97d-d965ccfc6d4b" outcome="Passed" testListId="8c84fa94-04c1-424b-9868-57a2d4851a1d" relativeResultsDirectory="f93da50b-de78-469f-ad61-412c3b5405af" />
    <UnitTestResult executionId="a511bf65-7717-4651-8c9c-d77116f234af" testId="61d9a2ac-42b8-4d2e-dbc4-7b62ac7c8115" testName="BitigMail.Engine.Tests.ImapTransferLifecycleCriticalTests.RestartIdempotency_RequiresTheSamePersistedPlan" computerName="MERCAN-PC" duration="00:00:00.0654450" startTime="2026-09-20T02:03:15.6847130+03:00" endTime="2026-09-20T02:03:15.7503717+03:00" testType="13cdc9d9-ddb5-4fa4-a97d-d965ccfc6d4b" outcome="Passed" testListId="8c84fa94-04c1-424b-9868-57a2d4851a1d" relativeResultsDirectory="a511bf65-7717-4651-8c9c-d77116f234af" />
    <UnitTestResult executionId="416bedaf-50a5-46a4-abd3-3d9c3d9c03d2" testId="582b7076-7a02-7a74-1a72-ec4e6ec84c90" testName="BitigMail.Engine.Tests.ImapTransferTests.ResumeReconciliation_MultipleTokens_SetsNeedsAttention" computerName="MERCAN-PC" duration="00:00:00.0339272" startTime="2026-09-20T02:03:15.2401874+03:00" endTime="2026-09-20T02:03:15.2741055+03:00" testType="13cdc9d9-ddb5-4fa4-a97d-d965ccfc6d4b" outcome="Passed" testListId="8c84fa94-04c1-424b-9868-57a2d4851a1d" relativeResultsDirectory="416bedaf-50a5-46a4-abd3-3d9c3d9c03d2" />
    <UnitTestResult executionId="9f59a5d3-b509-4a71-a7e2-ea3ac09613db" testId="7c8dbe80-154c-c1db-645f-a6d8fa08f6a1" testName="BitigMail.Engine.Tests.ImapTransferLifecycleCriticalTests.TerminalPersistenceFailure_NeverPublishesCompleted_ReleasesSlot_PreservesTargetEvidence(failReport: True)" computerName="MERCAN-PC" duration="00:00:00.0599606" startTime="2026-09-20T02:03:15.5020639+03:00" endTime="2026-09-20T02:03:15.5622201+03:00" testType="13cdc9d9-ddb5-4fa4-a97d-d965ccfc6d4b" outcome="Passed" testListId="8c84fa94-04c1-424b-9868-57a2d4851a1d" relativeResultsDirectory="9f59a5d3-b509-4a71-a7e2-ea3ac09613db" />
    <UnitTestResult executionId="4f4dd4da-66f2-4925-bee8-a59513155b89" testId="2d3993d0-46cb-20d6-6691-8588f1b3ab95" testName="BitigMail.Engine.Tests.ImapTransferTests.PhysicalDuplicatesAndSharedMessageId_TreatedAsDistinctItems" computerName="MERCAN-PC" duration="00:00:00.0167314" startTime="2026-09-20T02:03:15.1754213+03:00" endTime="2026-09-20T02:03:15.1923791+03:00" testType="13cdc9d9-ddb5-4fa4-a97d-d965ccfc6d4b" outcome="Passed" testListId="8c84fa94-04c1-424b-9868-57a2d4851a1d" relativeResultsDirectory="4f4dd4da-66f2-4925-bee8-a59513155b89" />
    <UnitTestResult executionId="4246825e-e9a5-41dd-bfe7-a7a3a2fbf6cc" testId="c243e293-933e-7b84-770d-e06b26f56410" testName="BitigMail.Engine.Tests.TransferRequestCapabilityBoundaryTests.UnsupportedSelectionControlsCannotSilentlyDisappear(requestType: typeof(BitigMail.Engine.Bridge.BridgeExportPreviewRequest), supportedJson: &quot;{\&quot;companyId\&quot;:\&quot;c\&quot;,\&quot;projectId\&quot;:\&quot;p\&quot;,\&quot;sourceA&quot;···)" computerName="MERCAN-PC" duration="00:00:00.0017686" startTime="2026-09-20T02:03:14.8781493+03:00" endTime="2026-09-20T02:03:14.8781933+03:00" testType="13cdc9d9-ddb5-4fa4-a97d-d965ccfc6d4b" outcome="Passed" testListId="8c84fa94-04c1-424b-9868-57a2d4851a1d" relativeResultsDirectory="4246825e-e9a5-41dd-bfe7-a7a3a2fbf6cc" />
    <UnitTestResult executionId="712e1952-b520-4aae-be78-491b8ff734c0" testId="e3ab0bed-23a3-c5b1-82b5-b166e2aea818" testName="BitigMail.Engine.Tests.TransferRequestCapabilityBoundaryTests.UnsupportedSelectionControlsCannotSilentlyDisappear(requestType: typeof(BitigMail.LocalHost.PopStartApiRequest), supportedJson: &quot;{\&quot;planId\&quot;:\&quot;v\&quot;,\&quot;companyId\&quot;:\&quot;c\&quot;,\&quot;projectId\&quot;···)" computerName="MERCAN-PC" duration="00:00:00.0049740" startTime="2026-09-20T02:03:14.8779981+03:00" endTime="2026-09-20T02:03:14.8780475+03:00" testType="13cdc9d9-ddb5-4fa4-a97d-d965ccfc6d4b" outcome="Passed" testListId="8c84fa94-04c1-424b-9868-57a2d4851a1d" relativeResultsDirectory="712e1952-b520-4aae-be78-491b8ff734c0" />
    <UnitTestResult executionId="72c686af-b19f-486c-a8c2-a1038f28a370" testId="f6a9f6ab-8d9f-358b-7ad2-e701a2c9e57d" testName="BitigMail.Engine.Tests.ImapTransferLifecycleCriticalTests.QueuedConversion_ReceivesStartedStateOnlyWhenActivated" computerName="MERCAN-PC" duration="00:00:00.0874169" startTime="2026-09-20T02:03:15.7505980+03:00" endTime="2026-09-20T02:03:15.8382537+03:00" testType="13cdc9d9-ddb5-4fa4-a97d-d965ccfc6d4b" outcome="Passed" testListId="8c84fa94-04c1-424b-9868-57a2d4851a1d" relativeResultsDirectory="72c686af-b19f-486c-a8c2-a1038f28a370" />
    <UnitTestResult executionId="a654a10e-8fc7-4145-a6fc-63899324e64b" testId="0cdd4ebe-9a42-bc9d-a9a4-fba8ca69f06d" testName="BitigMail.Engine.Tests.TransferRequestCapabilityBoundaryTests.UnsupportedSelectionControlsCannotSilentlyDisappear(requestType: typeof(BitigMail.Engine.Imap.Transfer.ImapTransferStartRequest), supportedJson: &quot;{\&quot;previewId\&quot;:\&quot;v\&quot;,\&quot;idempotencyKey\&quot;:\&quot;k\&quot;}&quot;)" computerName="MERCAN-PC" duration="00:00:00.0008686" startTime="2026-09-20T02:03:14.8796752+03:00" endTime="2026-09-20T02:03:14.8804822+03:00" testType="13cdc9d9-ddb5-4fa4-a97d-d965ccfc6d4b" outcome="Passed" testListId="8c84fa94-04c1-424b-9868-57a2d4851a1d" relativeResultsDirectory="a654a10e-8fc7-4145-a6fc-63899324e64b" />
    <UnitTestResult executionId="753a69f5-f9ab-437e-90f0-ec074fb3716e" testId="6503c694-6861-b7da-268b-04cce125f1bb" testName="BitigMail.Engine.Tests.ImapTransferLifecycleCriticalTests.TerminalPersistenceFailure_NeverPublishesCompleted_ReleasesSlot_PreservesTargetEvidence(failReport: False)" computerName="MERCAN-PC" duration="00:00:00.0801689" startTime="2026-09-20T02:03:15.4215149+03:00" endTime="2026-09-20T02:03:15.5018896+03:00" testType="13cdc9d9-ddb5-4fa4-a97d-d965ccfc6d4b" outcome="Passed" testListId="8c84fa94-04c1-424b-9868-57a2d4851a1d" relativeResultsDirectory="753a69f5-f9ab-437e-90f0-ec074fb3716e" />
  </Results>
  <TestDefinitions>
    <UnitTest name="BitigMail.Engine.Tests.ImapTransferLifecycleCriticalTests.AmbiguousFirstItem_StopsBeforeAppendingLaterPlannedItems" storage="c:\users\eddiz\documents\chatgpt\mail manager\.codex-coordination\artifacts\root037imap\bin\bitigmail.engine.tests\debug\bitigmail.engine.tests.dll" id="2e70c388-8285-a115-d32f-a42e5d259647">
      <Execution id="3d4bf219-c5be-4cd8-8c5b-51f6a8d7413f" />
      <TestMethod codeBase="C:\Users\Eddiz\Documents\ChatGPT\Mail Manager\.codex-coordination\artifacts\root037imap\bin\BitigMail.Engine.Tests\debug\BitigMail.Engine.Tests.dll" adapterTypeName="executor://xunit/VsTestRunner3/netcore/" className="BitigMail.Engine.Tests.ImapTransferLifecycleCriticalTests" name="AmbiguousFirstItem_StopsBeforeAppendingLaterPlannedItems" />
    </UnitTest>
    <UnitTest name="BitigMail.Engine.Tests.ImapTransferLifecycleCriticalTests.RestartIdempotency_RequiresTheSamePersistedPlan" storage="c:\users\eddiz\documents\chatgpt\mail manager\.codex-coordination\artifacts\root037imap\bin\bitigmail.engine.tests\debug\bitigmail.engine.tests.dll" id="61d9a2ac-42b8-4d2e-dbc4-7b62ac7c8115">
      <Execution id="a511bf65-7717-4651-8c9c-d77116f234af" />
      <TestMethod codeBase="C:\Users\Eddiz\Documents\ChatGPT\Mail Manager\.codex-coordination\artifacts\root037imap\bin\BitigMail.Engine.Tests\debug\BitigMail.Engine.Tests.dll" adapterTypeName="executor://xunit/VsTestRunner3/netcore/" className="BitigMail.Engine.Tests.ImapTransferLifecycleCriticalTests" name="RestartIdempotency_RequiresTheSamePersistedPlan" />
    </UnitTest>
    <UnitTest name="BitigMail.Engine.Tests.TransferRequestCapabilityBoundaryTests.UnsupportedSelectionControlsCannotSilentlyDisappear(requestType: typeof(BitigMail.Engine.Archive.ArchiveSearchRequest), supportedJson: &quot;{\&quot;selectedScopes\&quot;:[],\&quot;query\&quot;:\&quot;invoice\&quot;,\&quot;fie&quot;···)" storage="c:\users\eddiz\documents\chatgpt\mail manager\.codex-coordination\artifacts\root037imap\bin\bitigmail.engine.tests\debug\bitigmail.engine.tests.dll" id="28fa02dc-580e-8708-8b3f-af300c7c52d0">
      <Execution id="ddce2b06-1449-4448-ab1a-a900d3c5a4d4" />
      <TestMethod codeBase="C:\Users\Eddiz\Documents\ChatGPT\Mail Manager\.codex-coordination\artifacts\root037imap\bin\BitigMail.Engine.Tests\debug\BitigMail.Engine.Tests.dll" adapterTypeName="executor://xunit/VsTestRunner3/netcore/" className="BitigMail.Engine.Tests.TransferRequestCapabilityBoundaryTests" name="UnsupportedSelectionControlsCannotSilentlyDisappear" />
    </UnitTest>
    <UnitTest name="BitigMail.Engine.Tests.ImapTransferLifecycleCriticalTests.InitialReauthorizationInterruptionRetainsJournalAndResumesSameJob" storage="c:\users\eddiz\documents\chatgpt\mail manager\.codex-coordination\artifacts\root037imap\bin\bitigmail.engine.tests\debug\bitigmail.engine.tests.dll" id="3d11c149-9b7d-a510-5233-a836cb64c2d3">
      <Execution id="8ac20ea9-4979-4cf2-9d5b-2821957dddec" />
      <TestMethod codeBase="C:\Users\Eddiz\Documents\ChatGPT\Mail Manager\.codex-coordination\artifacts\root037imap\bin\BitigMail.Engine.Tests\debug\BitigMail.Engine.Tests.dll" adapterTypeName="executor://xunit/VsTestRunner3/netcore/" className="BitigMail.Engine.Tests.ImapTransferLifecycleCriticalTests" name="InitialReauthorizationInterruptionRetainsJournalAndResumesSameJob" />
    </UnitTest>
    <UnitTest name="BitigMail.Engine.Tests.ImapTransferTests.SharedSlotContention_BlocksConcurrentJobs" storage="c:\users\eddiz\documents\chatgpt\mail manager\.codex-coordination\artifacts\root037imap\bin\bitigmail.engine.tests\debug\bitigmail.engine.tests.dll" id="48cf4853-fdc0-ece1-f900-8f3da06e93b4">
      <Execution id="8a77eced-510f-47b7-b4dd-7d9eff0cdae5" />
      <TestMethod codeBase="C:\Users\Eddiz\Documents\ChatGPT\Mail Manager\.codex-coordination\artifacts\root037imap\bin\BitigMail.Engine.Tests\debug\BitigMail.Engine.Tests.dll" adapterTypeName="executor://xunit/VsTestRunner3/netcore/" className="BitigMail.Engine.Tests.ImapTransferTests" name="SharedSlotContention_BlocksConcurrentJobs" />
    </UnitTest>
    <UnitTest name="BitigMail.Engine.Tests.ImapTransferLifecycleCriticalTests.Resume_RechecksTargetMetadataEvenWhenRawBytesStillMatch(ambiguousIntent: True, changedField: &quot;flag&quot;)" storage="c:\users\eddiz\documents\chatgpt\mail manager\.codex-coordination\artifacts\root037imap\bin\bitigmail.engine.tests\debug\bitigmail.engine.tests.dll" id="ada88294-b5c6-e982-9869-95212bf702d8">
      <Execution id="6b0c7593-a186-4e95-84db-e3e9d6a924cc" />
      <TestMethod codeBase="C:\Users\Eddiz\Documents\ChatGPT\Mail Manager\.codex-coordination\artifacts\root037imap\bin\BitigMail.Engine.Tests\debug\BitigMail.Engine.Tests.dll" adapterTypeName="executor://xunit/VsTestRunner3/netcore/" className="BitigMail.Engine.Tests.ImapTransferLifecycleCriticalTests" name="Resume_RechecksTargetMetadataEvenWhenRawBytesStillMatch" />
    </UnitTest>
    <UnitTest name="BitigMail.Engine.Tests.ImapTransferLifecycleCriticalTests.QueuedResume_PreservesResumeEligibilityAcrossCancelAndRestart" storage="c:\users\eddiz\documents\chatgpt\mail manager\.codex-coordination\artifacts\root037imap\bin\bitigmail.engine.tests\debug\bitigmail.engine.tests.dll" id="7bbcbf2b-e9e9-7597-cbf8-92f71f61cab2">
      <Execution id="1d72935b-231c-441d-bf3f-7157a738e741" />
      <TestMethod codeBase="C:\Users\Eddiz\Documents\ChatGPT\Mail Manager\.codex-coordination\artifacts\root037imap\bin\BitigMail.Engine.Tests\debug\BitigMail.Engine.Tests.dll" adapterTypeName="executor://xunit/VsTestRunner3/netcore/" className="BitigMail.Engine.Tests.ImapTransferLifecycleCriticalTests" name="QueuedResume_PreservesResumeEligibilityAcrossCancelAndRestart" />
    </UnitTest>
    <UnitTest name="BitigMail.Engine.Tests.ImapTransferLifecycleCriticalTests.QueuedConversion_ReceivesStartedStateOnlyWhenActivated" storage="c:\users\eddiz\documents\chatgpt\mail manager\.codex-coordination\artifacts\root037imap\bin\bitigmail.engine.tests\debug\bitigmail.engine.tests.dll" id="f6a9f6ab-8d9f-358b-7ad2-e701a2c9e57d">
      <Execution id="72c686af-b19f-486c-a8c2-a1038f28a370" />
      <TestMethod codeBase="C:\Users\Eddiz\Documents\ChatGPT\Mail Manager\.codex-coordination\artifacts\root037imap\bin\BitigMail.Engine.Tests\debug\BitigMail.Engine.Tests.dll" adapterTypeName="executor://xunit/VsTestRunner3/netcore/" className="BitigMail.Engine.Tests.ImapTransferLifecycleCriticalTests" name="QueuedConversion_ReceivesStartedStateOnlyWhenActivated" />
    </UnitTest>
    <UnitTest name="BitigMail.Engine.Tests.ImapTransferLifecycleCriticalTests.Resume_RechecksTargetMetadataEvenWhenRawBytesStillMatch(ambiguousIntent: False, changedField: &quot;keyword&quot;)" storage="c:\users\eddiz\documents\chatgpt\mail manager\.codex-coordination\artifacts\root037imap\bin\bitigmail.engine.tests\debug\bitigmail.engine.tests.dll" id="1cf4cadd-7cba-00a2-b988-badc9f0b89ca">
      <Execution id="ec11cbfc-6834-4c08-b489-238721a1408a" />
      <TestMethod codeBase="C:\Users\Eddiz\Documents\ChatGPT\Mail Manager\.codex-coordination\artifacts\root037imap\bin\BitigMail.Engine.Tests\debug\BitigMail.Engine.Tests.dll" adapterTypeName="executor://xunit/VsTestRunner3/netcore/" className="BitigMail.Engine.Tests.ImapTransferLifecycleCriticalTests" name="Resume_RechecksTargetMetadataEvenWhenRawBytesStillMatch" />
    </UnitTest>
    <UnitTest name="BitigMail.Engine.Tests.ImapTransferTests.IdempotencyConflict_SameKeyDifferentPlan_ThrowsConflict" storage="c:\users\eddiz\documents\chatgpt\mail manager\.codex-coordination\artifacts\root037imap\bin\bitigmail.engine.tests\debug\bitigmail.engine.tests.dll" id="397e8134-0eae-9c0f-ca99-d11bb8a11d14">
      <Execution id="9627afcc-63b2-4f3a-b4e1-5dd54231a669" />
      <TestMethod codeBase="C:\Users\Eddiz\Documents\ChatGPT\Mail Manager\.codex-coordination\artifacts\root037imap\bin\BitigMail.Engine.Tests\debug\BitigMail.Engine.Tests.dll" adapterTypeName="executor://xunit/VsTestRunner3/netcore/" className="BitigMail.Engine.Tests.ImapTransferTests" name="IdempotencyConflict_SameKeyDifferentPlan_ThrowsConflict" />
    </UnitTest>
    <UnitTest name="BitigMail.Engine.Tests.ImapTransferLifecycleCriticalTests.InitialPersistenceFailure_DoesNotPublishPhantomJobOrConsumeIdempotency" storage="c:\users\eddiz\documents\chatgpt\mail manager\.codex-coordination\artifacts\root037imap\bin\bitigmail.engine.tests\debug\bitigmail.engine.tests.dll" id="9c1c94eb-bca3-608b-bcfc-933bbd111efc">
      <Execution id="2b0bd76a-1d1a-412e-8e7f-63a74f0538af" />
      <TestMethod codeBase="C:\Users\Eddiz\Documents\ChatGPT\Mail Manager\.codex-coordination\artifacts\root037imap\bin\BitigMail.Engine.Tests\debug\BitigMail.Engine.Tests.dll" adapterTypeName="executor://xunit/VsTestRunner3/netcore/" className="BitigMail.Engine.Tests.ImapTransferLifecycleCriticalTests" name="InitialPersistenceFailure_DoesNotPublishPhantomJobOrConsumeIdempotency" />
    </UnitTest>
    <UnitTest name="BitigMail.Engine.Tests.ImapTransferTests.ResumeReconciliation_ZeroToken_IsAmbiguous_SetsNeedsAttention_NoReappend" storage="c:\users\eddiz\documents\chatgpt\mail manager\.codex-coordination\artifacts\root037imap\bin\bitigmail.engine.tests\debug\bitigmail.engine.tests.dll" id="49c81e17-33ff-5b58-ac7f-1d4edc3afbb7">
      <Execution id="891c1ce6-b46b-48f9-ab7e-6a0fe9e32ff0" />
      <TestMethod codeBase="C:\Users\Eddiz\Documents\ChatGPT\Mail Manager\.codex-coordination\artifacts\root037imap\bin\BitigMail.Engine.Tests\debug\BitigMail.Engine.Tests.dll" adapterTypeName="executor://xunit/VsTestRunner3/netcore/" className="BitigMail.Engine.Tests.ImapTransferTests" name="ResumeReconciliation_ZeroToken_IsAmbiguous_SetsNeedsAttention_NoReappend" />
    </UnitTest>
    <UnitTest name="BitigMail.Engine.Tests.ImapTransferTests.VerifiedTargetMutationOrDeletion_BlocksTransfer" storage="c:\users\eddiz\documents\chatgpt\mail manager\.codex-coordination\artifacts\root037imap\bin\bitigmail.engine.tests\debug\bitigmail.engine.tests.dll" id="33a4a79f-7f00-5399-54f8-aa8e01b0c0e7">
      <Execution id="e9cd286d-bdf0-4ffc-babc-5a96d35498fa" />
      <TestMethod codeBase="C:\Users\Eddiz\Documents\ChatGPT\Mail Manager\.codex-coordination\artifacts\root037imap\bin\BitigMail.Engine.Tests\debug\BitigMail.Engine.Tests.dll" adapterTypeName="executor://xunit/VsTestRunner3/netcore/" className="BitigMail.Engine.Tests.ImapTransferTests" name="VerifiedTargetMutationOrDeletion_BlocksTransfer" />
    </UnitTest>
    <UnitTest name="BitigMail.Engine.Tests.TransferRequestCapabilityBoundaryTests.UnsupportedSelectionControlsCannotSilentlyDisappear(requestType: typeof(BitigMail.LocalHost.PopPreviewApiRequest), supportedJson: &quot;{\&quot;accountId\&quot;:\&quot;s\&quot;,\&quot;companyId\&quot;:\&quot;c\&quot;,\&quot;project&quot;···)" storage="c:\users\eddiz\documents\chatgpt\mail manager\.codex-coordination\artifacts\root037imap\bin\bitigmail.engine.tests\debug\bitigmail.engine.tests.dll" id="de3f70fc-85fc-8151-b638-9dd25f633be6">
      <Execution id="ff7da4d5-a7b4-40fc-9045-672e12606eee" />
      <TestMethod codeBase="C:\Users\Eddiz\Documents\ChatGPT\Mail Manager\.codex-coordination\artifacts\root037imap\bin\BitigMail.Engine.Tests\debug\BitigMail.Engine.Tests.dll" adapterTypeName="executor://xunit/VsTestRunner3/netcore/" className="BitigMail.Engine.Tests.TransferRequestCapabilityBoundaryTests" name="UnsupportedSelectionControlsCannotSilentlyDisappear" />
    </UnitTest>
    <UnitTest name="BitigMail.Engine.Tests.TransferRequestCapabilityBoundaryTests.NestedFolderMappingAlsoRejectsUnknownSelectionControls" storage="c:\users\eddiz\documents\chatgpt\mail manager\.codex-coordination\artifacts\root037imap\bin\bitigmail.engine.tests\debug\bitigmail.engine.tests.dll" id="04a0c8a2-d72d-d45c-fe6d-0b81163a4f29">
      <Execution id="e8a85bfa-34d0-4904-958e-0c9cb45ec7ac" />
      <TestMethod codeBase="C:\Users\Eddiz\Documents\ChatGPT\Mail Manager\.codex-coordination\artifacts\root037imap\bin\BitigMail.Engine.Tests\debug\BitigMail.Engine.Tests.dll" adapterTypeName="executor://xunit/VsTestRunner3/netcore/" className="BitigMail.Engine.Tests.TransferRequestCapabilityBoundaryTests" name="NestedFolderMappingAlsoRejectsUnknownSelectionControls" />
    </UnitTest>
    <UnitTest name="BitigMail.Engine.Tests.ImapTransferTests.PersistenceFault_HaltsBeforeNextAppend_PreservesPriorTargetUidEvidence" storage="c:\users\eddiz\documents\chatgpt\mail manager\.codex-coordination\artifacts\root037imap\bin\bitigmail.engine.tests\debug\bitigmail.engine.tests.dll" id="b0a35860-5de5-db6a-c0dc-0a56bffefb36">
      <Execution id="bf088378-2c38-4163-96a1-ad61b4bce20e" />
      <TestMethod codeBase="C:\Users\Eddiz\Documents\ChatGPT\Mail Manager\.codex-coordination\artifacts\root037imap\bin\BitigMail.Engine.Tests\debug\BitigMail.Engine.Tests.dll" adapterTypeName="executor://xunit/VsTestRunner3/netcore/" className="BitigMail.Engine.Tests.ImapTransferTests" name="PersistenceFault_HaltsBeforeNextAppend_PreservesPriorTargetUidEvidence" />
    </UnitTest>
    <UnitTest name="BitigMail.Engine.Tests.TransferRequestCapabilityBoundaryTests.UnsupportedSelectionControlsCannotSilentlyDisappear(requestType: typeof(BitigMail.Engine.Bridge.BridgeImportPreviewRequest), supportedJson: &quot;{\&quot;companyId\&quot;:\&quot;c\&quot;,\&quot;projectId\&quot;:\&quot;p\&quot;,\&quot;sourceH&quot;···)" storage="c:\users\eddiz\documents\chatgpt\mail manager\.codex-coordination\artifacts\root037imap\bin\bitigmail.engine.tests\debug\bitigmail.engine.tests.dll" id="d2081e07-afc7-7f4e-4e48-48684d5eb707">
      <Execution id="9c43501d-3b88-41ad-8d13-887dffa02f20" />
      <TestMethod codeBase="C:\Users\Eddiz\Documents\ChatGPT\Mail Manager\.codex-coordination\artifacts\root037imap\bin\BitigMail.Engine.Tests\debug\BitigMail.Engine.Tests.dll" adapterTypeName="executor://xunit/VsTestRunner3/netcore/" className="BitigMail.Engine.Tests.TransferRequestCapabilityBoundaryTests" name="UnsupportedSelectionControlsCannotSilentlyDisappear" />
    </UnitTest>
    <UnitTest name="BitigMail.Engine.Tests.ImapTransferLifecycleCriticalTests.Resume_RechecksTargetMetadataEvenWhenRawBytesStillMatch(ambiguousIntent: False, changedField: &quot;date&quot;)" storage="c:\users\eddiz\documents\chatgpt\mail manager\.codex-coordination\artifacts\root037imap\bin\bitigmail.engine.tests\debug\bitigmail.engine.tests.dll" id="503a41b8-d8c9-ca3e-0867-399955e4bff9">
      <Execution id="06a8ee80-254b-432b-9fea-c9a047fc0c11" />
      <TestMethod codeBase="C:\Users\Eddiz\Documents\ChatGPT\Mail Manager\.codex-coordination\artifacts\root037imap\bin\BitigMail.Engine.Tests\debug\BitigMail.Engine.Tests.dll" adapterTypeName="executor://xunit/VsTestRunner3/netcore/" className="BitigMail.Engine.Tests.ImapTransferLifecycleCriticalTests" name="Resume_RechecksTargetMetadataEvenWhenRawBytesStillMatch" />
    </UnitTest>
    <UnitTest name="BitigMail.Engine.Tests.ImapTransferLifecycleCriticalTests.TerminalPersistenceFailure_NeverPublishesCompleted_ReleasesSlot_PreservesTargetEvidence(failReport: True)" storage="c:\users\eddiz\documents\chatgpt\mail manager\.codex-coordination\artifacts\root037imap\bin\bitigmail.engine.tests\debug\bitigmail.engine.tests.dll" id="7c8dbe80-154c-c1db-645f-a6d8fa08f6a1">
      <Execution id="9f59a5d3-b509-4a71-a7e2-ea3ac09613db" />
      <TestMethod codeBase="C:\Users\Eddiz\Documents\ChatGPT\Mail Manager\.codex-coordination\artifacts\root037imap\bin\BitigMail.Engine.Tests\debug\BitigMail.Engine.Tests.dll" adapterTypeName="executor://xunit/VsTestRunner3/netcore/" className="BitigMail.Engine.Tests.ImapTransferLifecycleCriticalTests" name="TerminalPersistenceFailure_NeverPublishesCompleted_ReleasesSlot_PreservesTargetEvidence" />
    </UnitTest>
    <UnitTest name="BitigMail.Engine.Tests.ImapTransferTests.StateTransitions_PlannedToAppendIntentToVerified" storage="c:\users\eddiz\documents\chatgpt\mail manager\.codex-coordination\artifacts\root037imap\bin\bitigmail.engine.tests\debug\bitigmail.engine.tests.dll" id="7db715dc-428b-9d85-547b-edb1320cdec5">
      <Execution id="5f8308a1-d658-4222-aca2-97cd468c6e2a" />
      <TestMethod codeBase="C:\Users\Eddiz\Documents\ChatGPT\Mail Manager\.codex-coordination\artifacts\root037imap\bin\BitigMail.Engine.Tests\debug\BitigMail.Engine.Tests.dll" adapterTypeName="executor://xunit/VsTestRunner3/netcore/" className="BitigMail.Engine.Tests.ImapTransferTests" name="StateTransitions_PlannedToAppendIntentToVerified" />
    </UnitTest>
    <UnitTest name="BitigMail.Engine.Tests.ImapTransferTests.AccountVersionOrSourceHashMismatch_BlocksBeforeWrites" storage="c:\users\eddiz\documents\chatgpt\mail manager\.codex-coordination\artifacts\root037imap\bin\bitigmail.engine.tests\debug\bitigmail.engine.tests.dll" id="9b876770-4e59-c235-1aa4-481790f73d0d">
      <Execution id="ce27323c-32cd-4f8a-bb0e-58c350053db6" />
      <TestMethod codeBase="C:\Users\Eddiz\Documents\ChatGPT\Mail Manager\.codex-coordination\artifacts\root037imap\bin\BitigMail.Engine.Tests\debug\BitigMail.Engine.Tests.dll" adapterTypeName="executor://xunit/VsTestRunner3/netcore/" className="BitigMail.Engine.Tests.ImapTransferTests" name="AccountVersionOrSourceHashMismatch_BlocksBeforeWrites" />
    </UnitTest>
    <UnitTest name="BitigMail.Engine.Tests.TransferRequestCapabilityBoundaryTests.UnsupportedSelectionControlsCannotSilentlyDisappear(requestType: typeof(BitigMail.LocalHost.PopStartApiRequest), supportedJson: &quot;{\&quot;planId\&quot;:\&quot;v\&quot;,\&quot;companyId\&quot;:\&quot;c\&quot;,\&quot;projectId\&quot;···)" storage="c:\users\eddiz\documents\chatgpt\mail manager\.codex-coordination\artifacts\root037imap\bin\bitigmail.engine.tests\debug\bitigmail.engine.tests.dll" id="e3ab0bed-23a3-c5b1-82b5-b166e2aea818">
      <Execution id="712e1952-b520-4aae-be78-491b8ff734c0" />
      <TestMethod codeBase="C:\Users\Eddiz\Documents\ChatGPT\Mail Manager\.codex-coordination\artifacts\root037imap\bin\BitigMail.Engine.Tests\debug\BitigMail.Engine.Tests.dll" adapterTypeName="executor://xunit/VsTestRunner3/netcore/" className="BitigMail.Engine.Tests.TransferRequestCapabilityBoundaryTests" name="UnsupportedSelectionControlsCannotSilentlyDisappear" />
    </UnitTest>
    <UnitTest name="BitigMail.Engine.Tests.ImapTransferTests.PhysicalDuplicatesAndSharedMessageId_TreatedAsDistinctItems" storage="c:\users\eddiz\documents\chatgpt\mail manager\.codex-coordination\artifacts\root037imap\bin\bitigmail.engine.tests\debug\bitigmail.engine.tests.dll" id="2d3993d0-46cb-20d6-6691-8588f1b3ab95">
      <Execution id="4f4dd4da-66f2-4925-bee8-a59513155b89" />
      <TestMethod codeBase="C:\Users\Eddiz\Documents\ChatGPT\Mail Manager\.codex-coordination\artifacts\root037imap\bin\BitigMail.Engine.Tests\debug\BitigMail.Engine.Tests.dll" adapterTypeName="executor://xunit/VsTestRunner3/netcore/" className="BitigMail.Engine.Tests.ImapTransferTests" name="PhysicalDuplicatesAndSharedMessageId_TreatedAsDistinctItems" />
    </UnitTest>
    <UnitTest name="BitigMail.Engine.Tests.ImapTransferLifecycleCriticalTests.CacheCommitFailureCannotPublishCompletedTransfer" storage="c:\users\eddiz\documents\chatgpt\mail manager\.codex-coordination\artifacts\root037imap\bin\bitigmail.engine.tests\debug\bitigmail.engine.tests.dll" id="66b78431-cd62-4ff4-83a4-fbb4c6a597a4">
      <Execution id="f7d25937-32b0-4211-89fb-474e9a7da651" />
      <TestMethod codeBase="C:\Users\Eddiz\Documents\ChatGPT\Mail Manager\.codex-coordination\artifacts\root037imap\bin\BitigMail.Engine.Tests\debug\BitigMail.Engine.Tests.dll" adapterTypeName="executor://xunit/VsTestRunner3/netcore/" className="BitigMail.Engine.Tests.ImapTransferLifecycleCriticalTests" name="CacheCommitFailureCannotPublishCompletedTransfer" />
    </UnitTest>
    <UnitTest name="BitigMail.Engine.Tests.ImapTransferLifecycleCriticalTests.Resume_RechecksTargetMetadataEvenWhenRawBytesStillMatch(ambiguousIntent: True, changedField: &quot;keyword&quot;)" storage="c:\users\eddiz\documents\chatgpt\mail manager\.codex-coordination\artifacts\root037imap\bin\bitigmail.engine.tests\debug\bitigmail.engine.tests.dll" id="8dfde48f-feb5-e753-8cc8-16392891b2a1">
      <Execution id="e341d787-5f0a-4373-95a1-a6786ed81362" />
      <TestMethod codeBase="C:\Users\Eddiz\Documents\ChatGPT\Mail Manager\.codex-coordination\artifacts\root037imap\bin\BitigMail.Engine.Tests\debug\BitigMail.Engine.Tests.dll" adapterTypeName="executor://xunit/VsTestRunner3/netcore/" className="BitigMail.Engine.Tests.ImapTransferLifecycleCriticalTests" name="Resume_RechecksTargetMetadataEvenWhenRawBytesStillMatch" />
    </UnitTest>
    <UnitTest name="BitigMail.Engine.Tests.TransferRequestCapabilityBoundaryTests.UnsupportedSelectionControlsCannotSilentlyDisappear(requestType: typeof(BitigMail.Engine.Bridge.BridgeExportPreviewRequest), supportedJson: &quot;{\&quot;companyId\&quot;:\&quot;c\&quot;,\&quot;projectId\&quot;:\&quot;p\&quot;,\&quot;sourceA&quot;···)" storage="c:\users\eddiz\documents\chatgpt\mail manager\.codex-coordination\artifacts\root037imap\bin\bitigmail.engine.tests\debug\bitigmail.engine.tests.dll" id="c243e293-933e-7b84-770d-e06b26f56410">
      <Execution id="4246825e-e9a5-41dd-bfe7-a7a3a2fbf6cc" />
      <TestMethod codeBase="C:\Users\Eddiz\Documents\ChatGPT\Mail Manager\.codex-coordination\artifacts\root037imap\bin\BitigMail.Engine.Tests\debug\BitigMail.Engine.Tests.dll" adapterTypeName="executor://xunit/VsTestRunner3/netcore/" className="BitigMail.Engine.Tests.TransferRequestCapabilityBoundaryTests" name="UnsupportedSelectionControlsCannotSilentlyDisappear" />
    </UnitTest>
    <UnitTest name="BitigMail.Engine.Tests.ImapTransferLifecycleCriticalTests.ActivationPersistenceFailure_DoesNotCreateGhostActive_AndDispatchesNext" storage="c:\users\eddiz\documents\chatgpt\mail manager\.codex-coordination\artifacts\root037imap\bin\bitigmail.engine.tests\debug\bitigmail.engine.tests.dll" id="5fad64c8-8f68-8218-061d-4c448de192de">
      <Execution id="a8bf7d44-1164-49da-b0c0-ad845a53f789" />
      <TestMethod codeBase="C:\Users\Eddiz\Documents\ChatGPT\Mail Manager\.codex-coordination\artifacts\root037imap\bin\BitigMail.Engine.Tests\debug\BitigMail.Engine.Tests.dll" adapterTypeName="executor://xunit/VsTestRunner3/netcore/" className="BitigMail.Engine.Tests.ImapTransferLifecycleCriticalTests" name="ActivationPersistenceFailure_DoesNotCreateGhostActive_AndDispatchesNext" />
    </UnitTest>
    <UnitTest name="BitigMail.Engine.Tests.ImapTransferTests.FrozenPreview_CapturesExactItems_ExcludesSecrets" storage="c:\users\eddiz\documents\chatgpt\mail manager\.codex-coordination\artifacts\root037imap\bin\bitigmail.engine.tests\debug\bitigmail.engine.tests.dll" id="e36de986-b723-987a-c765-72773e7daf98">
      <Execution id="aa9d7eb7-93ab-4766-9958-7d3ae0109fa2" />
      <TestMethod codeBase="C:\Users\Eddiz\Documents\ChatGPT\Mail Manager\.codex-coordination\artifacts\root037imap\bin\BitigMail.Engine.Tests\debug\BitigMail.Engine.Tests.dll" adapterTypeName="executor://xunit/VsTestRunner3/netcore/" className="BitigMail.Engine.Tests.ImapTransferTests" name="FrozenPreview_CapturesExactItems_ExcludesSecrets" />
    </UnitTest>
    <UnitTest name="BitigMail.Engine.Tests.ImapTransferLifecycleCriticalTests.Resume_RechecksTargetMetadataEvenWhenRawBytesStillMatch(ambiguousIntent: False, changedField: &quot;flag&quot;)" storage="c:\users\eddiz\documents\chatgpt\mail manager\.codex-coordination\artifacts\root037imap\bin\bitigmail.engine.tests\debug\bitigmail.engine.tests.dll" id="f4d81173-be3e-f9e9-33fb-2b2889d8dda8">
      <Execution id="c38ba9b3-f222-4a20-90b5-081f6a90deaa" />
      <TestMethod codeBase="C:\Users\Eddiz\Documents\ChatGPT\Mail Manager\.codex-coordination\artifacts\root037imap\bin\BitigMail.Engine.Tests\debug\BitigMail.Engine.Tests.dll" adapterTypeName="executor://xunit/VsTestRunner3/netcore/" className="BitigMail.Engine.Tests.ImapTransferLifecycleCriticalTests" name="Resume_RechecksTargetMetadataEvenWhenRawBytesStillMatch" />
    </UnitTest>
    <UnitTest name="BitigMail.Engine.Tests.ImapTransferLifecycleCriticalTests.TerminalPersistenceFailure_NeverPublishesCompleted_ReleasesSlot_PreservesTargetEvidence(failReport: False)" storage="c:\users\eddiz\documents\chatgpt\mail manager\.codex-coordination\artifacts\root037imap\bin\bitigmail.engine.tests\debug\bitigmail.engine.tests.dll" id="6503c694-6861-b7da-268b-04cce125f1bb">
      <Execution id="753a69f5-f9ab-437e-90f0-ec074fb3716e" />
      <TestMethod codeBase="C:\Users\Eddiz\Documents\ChatGPT\Mail Manager\.codex-coordination\artifacts\root037imap\bin\BitigMail.Engine.Tests\debug\BitigMail.Engine.Tests.dll" adapterTypeName="executor://xunit/VsTestRunner3/netcore/" className="BitigMail.Engine.Tests.ImapTransferLifecycleCriticalTests" name="TerminalPersistenceFailure_NeverPublishesCompleted_ReleasesSlot_PreservesTargetEvidence" />
    </UnitTest>
    <UnitTest name="BitigMail.Engine.Tests.ImapTransferLifecycleCriticalTests.QueuedInitialPersistenceFailure_RollsBackWithoutPhantomOrPoisonedKey" storage="c:\users\eddiz\documents\chatgpt\mail manager\.codex-coordination\artifacts\root037imap\bin\bitigmail.engine.tests\debug\bitigmail.engine.tests.dll" id="dd34ec5b-c4ff-54b8-b1fa-73ead1afd08f">
      <Execution id="7a3778f9-e1e3-40e3-a455-18dc9d14ca77" />
      <TestMethod codeBase="C:\Users\Eddiz\Documents\ChatGPT\Mail Manager\.codex-coordination\artifacts\root037imap\bin\BitigMail.Engine.Tests\debug\BitigMail.Engine.Tests.dll" adapterTypeName="executor://xunit/VsTestRunner3/netcore/" className="BitigMail.Engine.Tests.ImapTransferLifecycleCriticalTests" name="QueuedInitialPersistenceFailure_RollsBackWithoutPhantomOrPoisonedKey" />
    </UnitTest>
    <UnitTest name="BitigMail.Engine.Tests.ImapTransferTests.ResumeReconciliation_OneToken_ReconcilesToVerified" storage="c:\users\eddiz\documents\chatgpt\mail manager\.codex-coordination\artifacts\root037imap\bin\bitigmail.engine.tests\debug\bitigmail.engine.tests.dll" id="8412c5fc-d088-4b0b-a1ef-7ec5a1e92466">
      <Execution id="c63869ad-8cb0-4baf-abaf-4e1fa159e5fd" />
      <TestMethod codeBase="C:\Users\Eddiz\Documents\ChatGPT\Mail Manager\.codex-coordination\artifacts\root037imap\bin\BitigMail.Engine.Tests\debug\BitigMail.Engine.Tests.dll" adapterTypeName="executor://xunit/VsTestRunner3/netcore/" className="BitigMail.Engine.Tests.ImapTransferTests" name="ResumeReconciliation_OneToken_ReconcilesToVerified" />
    </UnitTest>
    <UnitTest name="BitigMail.Engine.Tests.TransferRequestCapabilityBoundaryTests.UnsupportedSelectionControlsCannotSilentlyDisappear(requestType: typeof(BitigMail.Engine.Imap.Transfer.ImapTransferPreviewRequest), supportedJson: &quot;{\&quot;companyId\&quot;:\&quot;c\&quot;,\&quot;projectId\&quot;:\&quot;p\&quot;,\&quot;sourceA&quot;···)" storage="c:\users\eddiz\documents\chatgpt\mail manager\.codex-coordination\artifacts\root037imap\bin\bitigmail.engine.tests\debug\bitigmail.engine.tests.dll" id="f048300f-5491-4ec4-217b-d5264a8a5b5e">
      <Execution id="1f45b2fc-782c-4438-a6ed-a4b3c7061a1a" />
      <TestMethod codeBase="C:\Users\Eddiz\Documents\ChatGPT\Mail Manager\.codex-coordination\artifacts\root037imap\bin\BitigMail.Engine.Tests\debug\BitigMail.Engine.Tests.dll" adapterTypeName="executor://xunit/VsTestRunner3/netcore/" className="BitigMail.Engine.Tests.TransferRequestCapabilityBoundaryTests" name="UnsupportedSelectionControlsCannotSilentlyDisappear" />
    </UnitTest>
    <UnitTest name="BitigMail.Engine.Tests.ImapTransferTests.DateEdgeAndMissingTimezone_ExcludesAndCountsMissing" storage="c:\users\eddiz\documents\chatgpt\mail manager\.codex-coordination\artifacts\root037imap\bin\bitigmail.engine.tests\debug\bitigmail.engine.tests.dll" id="7c305287-8305-89b3-a535-c52da3d56b9e">
      <Execution id="721749ed-dfcc-4961-b540-63f218e28506" />
      <TestMethod codeBase="C:\Users\Eddiz\Documents\ChatGPT\Mail Manager\.codex-coordination\artifacts\root037imap\bin\BitigMail.Engine.Tests\debug\BitigMail.Engine.Tests.dll" adapterTypeName="executor://xunit/VsTestRunner3/netcore/" className="BitigMail.Engine.Tests.ImapTransferTests" name="DateEdgeAndMissingTimezone_ExcludesAndCountsMissing" />
    </UnitTest>
    <UnitTest name="BitigMail.Engine.Tests.ImapTransferLifecycleCriticalTests.PendingCancel_IsScopeSafePersistFirst_AndRestartRequiresReplan" storage="c:\users\eddiz\documents\chatgpt\mail manager\.codex-coordination\artifacts\root037imap\bin\bitigmail.engine.tests\debug\bitigmail.engine.tests.dll" id="299ea3bb-725a-4812-5dd3-1b4f09fff88f">
      <Execution id="f93da50b-de78-469f-ad61-412c3b5405af" />
      <TestMethod codeBase="C:\Users\Eddiz\Documents\ChatGPT\Mail Manager\.codex-coordination\artifacts\root037imap\bin\BitigMail.Engine.Tests\debug\BitigMail.Engine.Tests.dll" adapterTypeName="executor://xunit/VsTestRunner3/netcore/" className="BitigMail.Engine.Tests.ImapTransferLifecycleCriticalTests" name="PendingCancel_IsScopeSafePersistFirst_AndRestartRequiresReplan" />
    </UnitTest>
    <UnitTest name="BitigMail.Engine.Tests.ImapTransferTests.ResumeReconciliation_MultipleTokens_SetsNeedsAttention" storage="c:\users\eddiz\documents\chatgpt\mail manager\.codex-coordination\artifacts\root037imap\bin\bitigmail.engine.tests\debug\bitigmail.engine.tests.dll" id="582b7076-7a02-7a74-1a72-ec4e6ec84c90">
      <Execution id="416bedaf-50a5-46a4-abd3-3d9c3d9c03d2" />
      <TestMethod codeBase="C:\Users\Eddiz\Documents\ChatGPT\Mail Manager\.codex-coordination\artifacts\root037imap\bin\BitigMail.Engine.Tests\debug\BitigMail.Engine.Tests.dll" adapterTypeName="executor://xunit/VsTestRunner3/netcore/" className="BitigMail.Engine.Tests.ImapTransferTests" name="ResumeReconciliation_MultipleTokens_SetsNeedsAttention" />
    </UnitTest>
    <UnitTest name="BitigMail.Engine.Tests.TransferRequestCapabilityBoundaryTests.UnsupportedSelectionControlsCannotSilentlyDisappear(requestType: typeof(BitigMail.Engine.Imap.Transfer.ImapTransferStartRequest), supportedJson: &quot;{\&quot;previewId\&quot;:\&quot;v\&quot;,\&quot;idempotencyKey\&quot;:\&quot;k\&quot;}&quot;)" storage="c:\users\eddiz\documents\chatgpt\mail manager\.codex-coordination\artifacts\root037imap\bin\bitigmail.engine.tests\debug\bitigmail.engine.tests.dll" id="0cdd4ebe-9a42-bc9d-a9a4-fba8ca69f06d">
      <Execution id="a654a10e-8fc7-4145-a6fc-63899324e64b" />
      <TestMethod codeBase="C:\Users\Eddiz\Documents\ChatGPT\Mail Manager\.codex-coordination\artifacts\root037imap\bin\BitigMail.Engine.Tests\debug\BitigMail.Engine.Tests.dll" adapterTypeName="executor://xunit/VsTestRunner3/netcore/" className="BitigMail.Engine.Tests.TransferRequestCapabilityBoundaryTests" name="UnsupportedSelectionControlsCannotSilentlyDisappear" />
    </UnitTest>
    <UnitTest name="BitigMail.Engine.Tests.ImapTransferLifecycleCriticalTests.Resume_RechecksTargetMetadataEvenWhenRawBytesStillMatch(ambiguousIntent: True, changedField: &quot;date&quot;)" storage="c:\users\eddiz\documents\chatgpt\mail manager\.codex-coordination\artifacts\root037imap\bin\bitigmail.engine.tests\debug\bitigmail.engine.tests.dll" id="69f1ffd7-bb64-ed6f-7b64-eeb9fc835de6">
      <Execution id="fc625fa8-f41d-49ac-ae4b-5ccb2539bf6f" />
      <TestMethod codeBase="C:\Users\Eddiz\Documents\ChatGPT\Mail Manager\.codex-coordination\artifacts\root037imap\bin\BitigMail.Engine.Tests\debug\BitigMail.Engine.Tests.dll" adapterTypeName="executor://xunit/VsTestRunner3/netcore/" className="BitigMail.Engine.Tests.ImapTransferLifecycleCriticalTests" name="Resume_RechecksTargetMetadataEvenWhenRawBytesStillMatch" />
    </UnitTest>
    <UnitTest name="BitigMail.Engine.Tests.ImapTransferLifecycleCriticalTests.Queue_IsDurableFifo_Bounded_Idempotent_AndRunsOneWorker" storage="c:\users\eddiz\documents\chatgpt\mail manager\.codex-coordination\artifacts\root037imap\bin\bitigmail.engine.tests\debug\bitigmail.engine.tests.dll" id="275d67b8-2712-075e-5d0e-bd5395f87f9b">
      <Execution id="df0ef4e5-1488-44b1-a2ca-c72e6df6e886" />
      <TestMethod codeBase="C:\Users\Eddiz\Documents\ChatGPT\Mail Manager\.codex-coordination\artifacts\root037imap\bin\BitigMail.Engine.Tests\debug\BitigMail.Engine.Tests.dll" adapterTypeName="executor://xunit/VsTestRunner3/netcore/" className="BitigMail.Engine.Tests.ImapTransferLifecycleCriticalTests" name="Queue_IsDurableFifo_Bounded_Idempotent_AndRunsOneWorker" />
    </UnitTest>
  </TestDefinitions>
  <TestEntries>
    <TestEntry testId="d2081e07-afc7-7f4e-4e48-48684d5eb707" executionId="9c43501d-3b88-41ad-8d13-887dffa02f20" testListId="8c84fa94-04c1-424b-9868-57a2d4851a1d" />
    <TestEntry testId="3d11c149-9b7d-a510-5233-a836cb64c2d3" executionId="8ac20ea9-4979-4cf2-9d5b-2821957dddec" testListId="8c84fa94-04c1-424b-9868-57a2d4851a1d" />
    <TestEntry testId="f4d81173-be3e-f9e9-33fb-2b2889d8dda8" executionId="c38ba9b3-f222-4a20-90b5-081f6a90deaa" testListId="8c84fa94-04c1-424b-9868-57a2d4851a1d" />
    <TestEntry testId="397e8134-0eae-9c0f-ca99-d11bb8a11d14" executionId="9627afcc-63b2-4f3a-b4e1-5dd54231a669" testListId="8c84fa94-04c1-424b-9868-57a2d4851a1d" />
    <TestEntry testId="e36de986-b723-987a-c765-72773e7daf98" executionId="aa9d7eb7-93ab-4766-9958-7d3ae0109fa2" testListId="8c84fa94-04c1-424b-9868-57a2d4851a1d" />
    <TestEntry testId="1cf4cadd-7cba-00a2-b988-badc9f0b89ca" executionId="ec11cbfc-6834-4c08-b489-238721a1408a" testListId="8c84fa94-04c1-424b-9868-57a2d4851a1d" />
    <TestEntry testId="ada88294-b5c6-e982-9869-95212bf702d8" executionId="6b0c7593-a186-4e95-84db-e3e9d6a924cc" testListId="8c84fa94-04c1-424b-9868-57a2d4851a1d" />
    <TestEntry testId="7c305287-8305-89b3-a535-c52da3d56b9e" executionId="721749ed-dfcc-4961-b540-63f218e28506" testListId="8c84fa94-04c1-424b-9868-57a2d4851a1d" />
    <TestEntry testId="66b78431-cd62-4ff4-83a4-fbb4c6a597a4" executionId="f7d25937-32b0-4211-89fb-474e9a7da651" testListId="8c84fa94-04c1-424b-9868-57a2d4851a1d" />
    <TestEntry testId="33a4a79f-7f00-5399-54f8-aa8e01b0c0e7" executionId="e9cd286d-bdf0-4ffc-babc-5a96d35498fa" testListId="8c84fa94-04c1-424b-9868-57a2d4851a1d" />
    <TestEntry testId="dd34ec5b-c4ff-54b8-b1fa-73ead1afd08f" executionId="7a3778f9-e1e3-40e3-a455-18dc9d14ca77" testListId="8c84fa94-04c1-424b-9868-57a2d4851a1d" />
    <TestEntry testId="8412c5fc-d088-4b0b-a1ef-7ec5a1e92466" executionId="c63869ad-8cb0-4baf-abaf-4e1fa159e5fd" testListId="8c84fa94-04c1-424b-9868-57a2d4851a1d" />
    <TestEntry testId="49c81e17-33ff-5b58-ac7f-1d4edc3afbb7" executionId="891c1ce6-b46b-48f9-ab7e-6a0fe9e32ff0" testListId="8c84fa94-04c1-424b-9868-57a2d4851a1d" />
    <TestEntry testId="7db715dc-428b-9d85-547b-edb1320cdec5" executionId="5f8308a1-d658-4222-aca2-97cd468c6e2a" testListId="8c84fa94-04c1-424b-9868-57a2d4851a1d" />
    <TestEntry testId="b0a35860-5de5-db6a-c0dc-0a56bffefb36" executionId="bf088378-2c38-4163-96a1-ad61b4bce20e" testListId="8c84fa94-04c1-424b-9868-57a2d4851a1d" />
    <TestEntry testId="48cf4853-fdc0-ece1-f900-8f3da06e93b4" executionId="8a77eced-510f-47b7-b4dd-7d9eff0cdae5" testListId="8c84fa94-04c1-424b-9868-57a2d4851a1d" />
    <TestEntry testId="7bbcbf2b-e9e9-7597-cbf8-92f71f61cab2" executionId="1d72935b-231c-441d-bf3f-7157a738e741" testListId="8c84fa94-04c1-424b-9868-57a2d4851a1d" />
    <TestEntry testId="503a41b8-d8c9-ca3e-0867-399955e4bff9" executionId="06a8ee80-254b-432b-9fea-c9a047fc0c11" testListId="8c84fa94-04c1-424b-9868-57a2d4851a1d" />
    <TestEntry testId="9c1c94eb-bca3-608b-bcfc-933bbd111efc" executionId="2b0bd76a-1d1a-412e-8e7f-63a74f0538af" testListId="8c84fa94-04c1-424b-9868-57a2d4851a1d" />
    <TestEntry testId="de3f70fc-85fc-8151-b638-9dd25f633be6" executionId="ff7da4d5-a7b4-40fc-9045-672e12606eee" testListId="8c84fa94-04c1-424b-9868-57a2d4851a1d" />
    <TestEntry testId="8dfde48f-feb5-e753-8cc8-16392891b2a1" executionId="e341d787-5f0a-4373-95a1-a6786ed81362" testListId="8c84fa94-04c1-424b-9868-57a2d4851a1d" />
    <TestEntry testId="275d67b8-2712-075e-5d0e-bd5395f87f9b" executionId="df0ef4e5-1488-44b1-a2ca-c72e6df6e886" testListId="8c84fa94-04c1-424b-9868-57a2d4851a1d" />
    <TestEntry testId="5fad64c8-8f68-8218-061d-4c448de192de" executionId="a8bf7d44-1164-49da-b0c0-ad845a53f789" testListId="8c84fa94-04c1-424b-9868-57a2d4851a1d" />
    <TestEntry testId="f048300f-5491-4ec4-217b-d5264a8a5b5e" executionId="1f45b2fc-782c-4438-a6ed-a4b3c7061a1a" testListId="8c84fa94-04c1-424b-9868-57a2d4851a1d" />
    <TestEntry testId="9b876770-4e59-c235-1aa4-481790f73d0d" executionId="ce27323c-32cd-4f8a-bb0e-58c350053db6" testListId="8c84fa94-04c1-424b-9868-57a2d4851a1d" />
    <TestEntry testId="2e70c388-8285-a115-d32f-a42e5d259647" executionId="3d4bf219-c5be-4cd8-8c5b-51f6a8d7413f" testListId="8c84fa94-04c1-424b-9868-57a2d4851a1d" />
    <TestEntry testId="69f1ffd7-bb64-ed6f-7b64-eeb9fc835de6" executionId="fc625fa8-f41d-49ac-ae4b-5ccb2539bf6f" testListId="8c84fa94-04c1-424b-9868-57a2d4851a1d" />
    <TestEntry testId="28fa02dc-580e-8708-8b3f-af300c7c52d0" executionId="ddce2b06-1449-4448-ab1a-a900d3c5a4d4" testListId="8c84fa94-04c1-424b-9868-57a2d4851a1d" />
    <TestEntry testId="04a0c8a2-d72d-d45c-fe6d-0b81163a4f29" executionId="e8a85bfa-34d0-4904-958e-0c9cb45ec7ac" testListId="8c84fa94-04c1-424b-9868-57a2d4851a1d" />
    <TestEntry testId="299ea3bb-725a-4812-5dd3-1b4f09fff88f" executionId="f93da50b-de78-469f-ad61-412c3b5405af" testListId="8c84fa94-04c1-424b-9868-57a2d4851a1d" />
    <TestEntry testId="61d9a2ac-42b8-4d2e-dbc4-7b62ac7c8115" executionId="a511bf65-7717-4651-8c9c-d77116f234af" testListId="8c84fa94-04c1-424b-9868-57a2d4851a1d" />
    <TestEntry testId="582b7076-7a02-7a74-1a72-ec4e6ec84c90" executionId="416bedaf-50a5-46a4-abd3-3d9c3d9c03d2" testListId="8c84fa94-04c1-424b-9868-57a2d4851a1d" />
    <TestEntry testId="7c8dbe80-154c-c1db-645f-a6d8fa08f6a1" executionId="9f59a5d3-b509-4a71-a7e2-ea3ac09613db" testListId="8c84fa94-04c1-424b-9868-57a2d4851a1d" />
    <TestEntry testId="2d3993d0-46cb-20d6-6691-8588f1b3ab95" executionId="4f4dd4da-66f2-4925-bee8-a59513155b89" testListId="8c84fa94-04c1-424b-9868-57a2d4851a1d" />
    <TestEntry testId="c243e293-933e-7b84-770d-e06b26f56410" executionId="4246825e-e9a5-41dd-bfe7-a7a3a2fbf6cc" testListId="8c84fa94-04c1-424b-9868-57a2d4851a1d" />
    <TestEntry testId="e3ab0bed-23a3-c5b1-82b5-b166e2aea818" executionId="712e1952-b520-4aae-be78-491b8ff734c0" testListId="8c84fa94-04c1-424b-9868-57a2d4851a1d" />
    <TestEntry testId="f6a9f6ab-8d9f-358b-7ad2-e701a2c9e57d" executionId="72c686af-b19f-486c-a8c2-a1038f28a370" testListId="8c84fa94-04c1-424b-9868-57a2d4851a1d" />
    <TestEntry testId="0cdd4ebe-9a42-bc9d-a9a4-fba8ca69f06d" executionId="a654a10e-8fc7-4145-a6fc-63899324e64b" testListId="8c84fa94-04c1-424b-9868-57a2d4851a1d" />
    <TestEntry testId="6503c694-6861-b7da-268b-04cce125f1bb" executionId="753a69f5-f9ab-437e-90f0-ec074fb3716e" testListId="8c84fa94-04c1-424b-9868-57a2d4851a1d" />
  </TestEntries>
  <TestLists>
    <TestList name="Bir Listede Olmayan Sonuçlar" id="8c84fa94-04c1-424b-9868-57a2d4851a1d" />
    <TestList name="Yüklenen Tüm Sonuçlar" id="19431567-8539-422a-85d7-44ee4e166bda" />
  </TestLists>
  <ResultSummary outcome="Completed">
    <Counters total="39" executed="39" passed="39" failed="0" error="0" timeout="0" aborted="0" inconclusive="0" passedButRunAborted="0" notRunnable="0" notExecuted="0" disconnected="0" warning="0" completed="0" inProgress="0" pending="0" />
    <Output>
      <StdOut>[xUnit.net 00:00:00.00] xUnit.net VSTest Adapter v3.1.5+1b188a7b0a (64-bit .NET 8.0.31)&#xD;
[xUnit.net 00:00:00.09]   Discovering: BitigMail.Engine.Tests&#xD;
[xUnit.net 00:00:00.20]   Discovered:  BitigMail.Engine.Tests&#xD;
[xUnit.net 00:00:00.23]   Starting:    BitigMail.Engine.Tests&#xD;
[xUnit.net 00:00:03.14]   Finished:    BitigMail.Engine.Tests&#xD;
</StdOut>
    </Output>
  </ResultSummary>
</TestRun>