<?xml version="1.0" encoding="utf-8"?>
<TestRun id="d91b7d53-82b6-4d9f-b0f1-915930b648ee" name="Eddiz@MERCAN-PC 2026-09-20 02:33:09" runUser="MERCAN-PC\Eddiz" xmlns="http://microsoft.com/schemas/VisualStudio/TeamTest/2010">
  <Times creation="2026-09-20T02:33:09.6642199+03:00" queuing="2026-09-20T02:33:09.6642201+03:00" start="2026-09-20T02:33:08.9781774+03:00" finish="2026-09-20T02:33:10.6990863+03:00" />
  <TestSettings name="default" id="8f94117c-afb8-4e92-9c41-2075af628060">
    <Deployment runDeploymentRoot="Eddiz_MERCAN-PC_2026-09-20_02_33_09" />
  </TestSettings>
  <Results>
    <UnitTestResult executionId="1ecb40d6-366a-4c67-ad27-521b33c0c08e" testId="e5b226eb-eece-b091-03e5-8b45bc8a17c7" testName="BitigMail.Engine.Tests.MimeExecutionPolicyTests.MappingCollisionWithUnmappedFolderRejected" computerName="MERCAN-PC" duration="00:00:00.0093842" startTime="2026-09-20T02:33:10.6378612+03:00" endTime="2026-09-20T02:33:10.6472695+03:00" testType="13cdc9d9-ddb5-4fa4-a97d-d965ccfc6d4b" outcome="Passed" testListId="8c84fa94-04c1-424b-9868-57a2d4851a1d" relativeResultsDirectory="1ecb40d6-366a-4c67-ad27-521b33c0c08e" />
    <UnitTestResult executionId="f4c7107b-d4ea-43f9-b211-1893a3e337d4" testId="de3f70fc-85fc-8151-b638-9dd25f633be6" testName="BitigMail.Engine.Tests.TransferRequestCapabilityBoundaryTests.UnsupportedSelectionControlsCannotSilentlyDisappear(requestType: typeof(BitigMail.LocalHost.PopPreviewApiRequest), supportedJson: &quot;{\&quot;accountId\&quot;:\&quot;s\&quot;,\&quot;companyId\&quot;:\&quot;c\&quot;,\&quot;project&quot;···)" computerName="MERCAN-PC" duration="00:00:00.0005636" startTime="2026-09-20T02:33:09.6196163+03:00" endTime="2026-09-20T02:33:09.6201256+03:00" testType="13cdc9d9-ddb5-4fa4-a97d-d965ccfc6d4b" outcome="Passed" testListId="8c84fa94-04c1-424b-9868-57a2d4851a1d" relativeResultsDirectory="f4c7107b-d4ea-43f9-b211-1893a3e337d4" />
    <UnitTestResult executionId="f8fe0c95-610a-4af9-a93f-ae01a9a69fd1" testId="1eec2104-0f19-c029-db8a-36f536e355df" testName="BitigMail.Engine.Tests.MimeExecutionPolicyTests.QueuedJobOwnsItsSelectionAndManifestSnapshot" computerName="MERCAN-PC" duration="00:00:00.1153407" startTime="2026-09-20T02:33:10.5196814+03:00" endTime="2026-09-20T02:33:10.6369591+03:00" testType="13cdc9d9-ddb5-4fa4-a97d-d965ccfc6d4b" outcome="Passed" testListId="8c84fa94-04c1-424b-9868-57a2d4851a1d" relativeResultsDirectory="f8fe0c95-610a-4af9-a93f-ae01a9a69fd1" />
    <UnitTestResult executionId="63aeaf96-8dc1-4e68-8bd5-c85f4d9b7cd6" testId="98c9fe30-3bb4-f33a-8ae7-dcfb580143ca" testName="BitigMail.Engine.Tests.MimeExecutionPolicyTests.PreviewPolicyProducesMappedReopenedPst(policy: ContentAndMetadata, expected: 2)" computerName="MERCAN-PC" duration="00:00:00.0958222" startTime="2026-09-20T02:33:10.3184470+03:00" endTime="2026-09-20T02:33:10.4142093+03:00" testType="13cdc9d9-ddb5-4fa4-a97d-d965ccfc6d4b" outcome="Passed" testListId="8c84fa94-04c1-424b-9868-57a2d4851a1d" relativeResultsDirectory="63aeaf96-8dc1-4e68-8bd5-c85f4d9b7cd6" />
    <UnitTestResult executionId="e0d0318b-4907-43b0-abd3-41cb15487c84" testId="418bb9d7-28d5-c19a-cfb8-b7f287c11cb6" testName="BitigMail.Engine.Tests.MimeExecutionPolicyTests.AlteredMappingOrPhysicalSetCannotExecute" computerName="MERCAN-PC" duration="00:00:00.0113223" startTime="2026-09-20T02:33:10.5083016+03:00" endTime="2026-09-20T02:33:10.5194926+03:00" testType="13cdc9d9-ddb5-4fa4-a97d-d965ccfc6d4b" outcome="Passed" testListId="8c84fa94-04c1-424b-9868-57a2d4851a1d" relativeResultsDirectory="e0d0318b-4907-43b0-abd3-41cb15487c84" />
    <UnitTestResult executionId="3ba2df7a-b94e-4289-824a-aab6b2bae20d" testId="ceb07e8b-e5df-3ca3-8a0b-f71ce2be55d7" testName="BitigMail.Engine.Tests.MimeExecutionPolicyTests.PreviewPolicyProducesMappedReopenedPst(policy: ContentOnly, expected: 1)" computerName="MERCAN-PC" duration="00:00:00.0937758" startTime="2026-09-20T02:33:10.4143366+03:00" endTime="2026-09-20T02:33:10.5080914+03:00" testType="13cdc9d9-ddb5-4fa4-a97d-d965ccfc6d4b" outcome="Passed" testListId="8c84fa94-04c1-424b-9868-57a2d4851a1d" relativeResultsDirectory="3ba2df7a-b94e-4289-824a-aab6b2bae20d" />
    <UnitTestResult executionId="d02d1c86-98f0-438e-b862-42a42e509507" testId="e3ab0bed-23a3-c5b1-82b5-b166e2aea818" testName="BitigMail.Engine.Tests.TransferRequestCapabilityBoundaryTests.UnsupportedSelectionControlsCannotSilentlyDisappear(requestType: typeof(BitigMail.LocalHost.PopStartApiRequest), supportedJson: &quot;{\&quot;planId\&quot;:\&quot;v\&quot;,\&quot;companyId\&quot;:\&quot;c\&quot;,\&quot;projectId\&quot;···)" computerName="MERCAN-PC" duration="00:00:00.0029347" startTime="2026-09-20T02:33:09.6120947+03:00" endTime="2026-09-20T02:33:09.6121252+03:00" testType="13cdc9d9-ddb5-4fa4-a97d-d965ccfc6d4b" outcome="Passed" testListId="8c84fa94-04c1-424b-9868-57a2d4851a1d" relativeResultsDirectory="d02d1c86-98f0-438e-b862-42a42e509507" />
    <UnitTestResult executionId="8626009e-01bb-4261-94b3-cd18670c0c83" testId="0cdd4ebe-9a42-bc9d-a9a4-fba8ca69f06d" testName="BitigMail.Engine.Tests.TransferRequestCapabilityBoundaryTests.UnsupportedSelectionControlsCannotSilentlyDisappear(requestType: typeof(BitigMail.Engine.Imap.Transfer.ImapTransferStartRequest), supportedJson: &quot;{\&quot;previewId\&quot;:\&quot;v\&quot;,\&quot;idempotencyKey\&quot;:\&quot;k\&quot;}&quot;)" computerName="MERCAN-PC" duration="00:00:00.0005965" startTime="2026-09-20T02:33:09.6377572+03:00" endTime="2026-09-20T02:33:09.6378060+03:00" testType="13cdc9d9-ddb5-4fa4-a97d-d965ccfc6d4b" outcome="Passed" testListId="8c84fa94-04c1-424b-9868-57a2d4851a1d" relativeResultsDirectory="8626009e-01bb-4261-94b3-cd18670c0c83" />
    <UnitTestResult executionId="c8ddc6ea-da7e-4294-bbc5-34be01507ffc" testId="302488b7-d037-3eea-9a12-c5910b735d04" testName="BitigMail.Engine.Tests.MimeExecutionPolicyTests.PreviewPolicyProducesMappedReopenedPst(policy: PreservePhysical, expected: 3)" computerName="MERCAN-PC" duration="00:00:00.7464280" startTime="2026-09-20T02:33:09.5688897+03:00" endTime="2026-09-20T02:33:10.3183267+03:00" testType="13cdc9d9-ddb5-4fa4-a97d-d965ccfc6d4b" outcome="Passed" testListId="8c84fa94-04c1-424b-9868-57a2d4851a1d" relativeResultsDirectory="c8ddc6ea-da7e-4294-bbc5-34be01507ffc" />
    <UnitTestResult executionId="1763d973-0417-4bef-8994-79065e66f6d3" testId="f048300f-5491-4ec4-217b-d5264a8a5b5e" testName="BitigMail.Engine.Tests.TransferRequestCapabilityBoundaryTests.UnsupportedSelectionControlsCannotSilentlyDisappear(requestType: typeof(BitigMail.Engine.Imap.Transfer.ImapTransferPreviewRequest), supportedJson: &quot;{\&quot;companyId\&quot;:\&quot;c\&quot;,\&quot;projectId\&quot;:\&quot;p\&quot;,\&quot;sourceA&quot;···)" computerName="MERCAN-PC" duration="00:00:00.0002061" startTime="2026-09-20T02:33:09.6126167+03:00" endTime="2026-09-20T02:33:09.6127999+03:00" testType="13cdc9d9-ddb5-4fa4-a97d-d965ccfc6d4b" outcome="Passed" testListId="8c84fa94-04c1-424b-9868-57a2d4851a1d" relativeResultsDirectory="1763d973-0417-4bef-8994-79065e66f6d3" />
    <UnitTestResult executionId="146c619d-4d4b-4fc1-bf13-efc64ba3e937" testId="c9bb99c8-0bb7-e6b5-ce56-50d4135283f8" testName="BitigMail.Engine.Tests.TransferRequestCapabilityBoundaryTests.UnsupportedSelectionControlsCannotSilentlyDisappear(requestType: typeof(BitigMail.LocalHost.SelectionPreviewRequest), supportedJson: &quot;{\&quot;sourceHandle\&quot;:\&quot;s\&quot;}&quot;)" computerName="MERCAN-PC" duration="00:00:00.0054555" startTime="2026-09-20T02:33:09.6128542+03:00" endTime="2026-09-20T02:33:09.6183535+03:00" testType="13cdc9d9-ddb5-4fa4-a97d-d965ccfc6d4b" outcome="Passed" testListId="8c84fa94-04c1-424b-9868-57a2d4851a1d" relativeResultsDirectory="146c619d-4d4b-4fc1-bf13-efc64ba3e937" />
    <UnitTestResult executionId="8e7aef10-15b1-4760-9234-4499f66713e7" testId="c243e293-933e-7b84-770d-e06b26f56410" testName="BitigMail.Engine.Tests.TransferRequestCapabilityBoundaryTests.UnsupportedSelectionControlsCannotSilentlyDisappear(requestType: typeof(BitigMail.Engine.Bridge.BridgeExportPreviewRequest), supportedJson: &quot;{\&quot;companyId\&quot;:\&quot;c\&quot;,\&quot;projectId\&quot;:\&quot;p\&quot;,\&quot;sourceA&quot;···)" computerName="MERCAN-PC" duration="00:00:00.0009987" startTime="2026-09-20T02:33:09.6121823+03:00" endTime="2026-09-20T02:33:09.6125602+03:00" testType="13cdc9d9-ddb5-4fa4-a97d-d965ccfc6d4b" outcome="Passed" testListId="8c84fa94-04c1-424b-9868-57a2d4851a1d" relativeResultsDirectory="8e7aef10-15b1-4760-9234-4499f66713e7" />
    <UnitTestResult executionId="feb9b700-3562-471f-8db5-a71f107d4229" testId="28fa02dc-580e-8708-8b3f-af300c7c52d0" testName="BitigMail.Engine.Tests.TransferRequestCapabilityBoundaryTests.UnsupportedSelectionControlsCannotSilentlyDisappear(requestType: typeof(BitigMail.Engine.Archive.ArchiveSearchRequest), supportedJson: &quot;{\&quot;selectedScopes\&quot;:[],\&quot;query\&quot;:\&quot;invoice\&quot;,\&quot;fie&quot;···)" computerName="MERCAN-PC" duration="00:00:00.0014793" startTime="2026-09-20T02:33:09.6379934+03:00" endTime="2026-09-20T02:33:09.6380222+03:00" testType="13cdc9d9-ddb5-4fa4-a97d-d965ccfc6d4b" outcome="Passed" testListId="8c84fa94-04c1-424b-9868-57a2d4851a1d" relativeResultsDirectory="feb9b700-3562-471f-8db5-a71f107d4229" />
    <UnitTestResult executionId="7dca9d4a-0501-4cf0-a9ff-f5b978413623" testId="572f9000-e1b0-8168-4e15-40d909929f40" testName="BitigMail.Engine.Tests.TransferRequestCapabilityBoundaryTests.UnsupportedSelectionControlsCannotSilentlyDisappear(requestType: typeof(BitigMail.LocalHost.StartJobRequest), supportedJson: &quot;{\&quot;sourceHandle\&quot;:\&quot;s\&quot;,\&quot;targetHandle\&quot;:\&quot;t\&quot;}&quot;)" computerName="MERCAN-PC" duration="00:00:00.0011312" startTime="2026-09-20T02:33:09.6184696+03:00" endTime="2026-09-20T02:33:09.6195228+03:00" testType="13cdc9d9-ddb5-4fa4-a97d-d965ccfc6d4b" outcome="Passed" testListId="8c84fa94-04c1-424b-9868-57a2d4851a1d" relativeResultsDirectory="7dca9d4a-0501-4cf0-a9ff-f5b978413623" />
    <UnitTestResult executionId="61cdd842-1ae5-4882-9d74-931bcd3c8ad2" testId="d2081e07-afc7-7f4e-4e48-48684d5eb707" testName="BitigMail.Engine.Tests.TransferRequestCapabilityBoundaryTests.UnsupportedSelectionControlsCannotSilentlyDisappear(requestType: typeof(BitigMail.Engine.Bridge.BridgeImportPreviewRequest), supportedJson: &quot;{\&quot;companyId\&quot;:\&quot;c\&quot;,\&quot;projectId\&quot;:\&quot;p\&quot;,\&quot;sourceH&quot;···)" computerName="MERCAN-PC" duration="00:00:00.0035783" startTime="2026-09-20T02:33:09.6116726+03:00" endTime="2026-09-20T02:33:09.6117364+03:00" testType="13cdc9d9-ddb5-4fa4-a97d-d965ccfc6d4b" outcome="Passed" testListId="8c84fa94-04c1-424b-9868-57a2d4851a1d" relativeResultsDirectory="61cdd842-1ae5-4882-9d74-931bcd3c8ad2" />
    <UnitTestResult executionId="ff56919e-debb-4533-bb59-beb92af6ddef" testId="04a0c8a2-d72d-d45c-fe6d-0b81163a4f29" testName="BitigMail.Engine.Tests.TransferRequestCapabilityBoundaryTests.NestedFolderMappingAlsoRejectsUnknownSelectionControls" computerName="MERCAN-PC" duration="00:00:00.0315285" startTime="2026-09-20T02:33:09.5697549+03:00" endTime="2026-09-20T02:33:09.6049158+03:00" testType="13cdc9d9-ddb5-4fa4-a97d-d965ccfc6d4b" outcome="Passed" testListId="8c84fa94-04c1-424b-9868-57a2d4851a1d" relativeResultsDirectory="ff56919e-debb-4533-bb59-beb92af6ddef" />
  </Results>
  <TestDefinitions>
    <UnitTest name="BitigMail.Engine.Tests.MimeExecutionPolicyTests.QueuedJobOwnsItsSelectionAndManifestSnapshot" storage="c:\users\eddiz\documents\chatgpt\mail manager\.codex-coordination\artifacts\root037mime\bin\bitigmail.engine.tests\debug\bitigmail.engine.tests.dll" id="1eec2104-0f19-c029-db8a-36f536e355df">
      <Execution id="f8fe0c95-610a-4af9-a93f-ae01a9a69fd1" />
      <TestMethod codeBase="C:\Users\Eddiz\Documents\ChatGPT\Mail Manager\.codex-coordination\artifacts\root037mime\bin\BitigMail.Engine.Tests\debug\BitigMail.Engine.Tests.dll" adapterTypeName="executor://xunit/VsTestRunner3/netcore/" className="BitigMail.Engine.Tests.MimeExecutionPolicyTests" name="QueuedJobOwnsItsSelectionAndManifestSnapshot" />
    </UnitTest>
    <UnitTest name="BitigMail.Engine.Tests.TransferRequestCapabilityBoundaryTests.UnsupportedSelectionControlsCannotSilentlyDisappear(requestType: typeof(BitigMail.LocalHost.StartJobRequest), supportedJson: &quot;{\&quot;sourceHandle\&quot;:\&quot;s\&quot;,\&quot;targetHandle\&quot;:\&quot;t\&quot;}&quot;)" storage="c:\users\eddiz\documents\chatgpt\mail manager\.codex-coordination\artifacts\root037mime\bin\bitigmail.engine.tests\debug\bitigmail.engine.tests.dll" id="572f9000-e1b0-8168-4e15-40d909929f40">
      <Execution id="7dca9d4a-0501-4cf0-a9ff-f5b978413623" />
      <TestMethod codeBase="C:\Users\Eddiz\Documents\ChatGPT\Mail Manager\.codex-coordination\artifacts\root037mime\bin\BitigMail.Engine.Tests\debug\BitigMail.Engine.Tests.dll" adapterTypeName="executor://xunit/VsTestRunner3/netcore/" className="BitigMail.Engine.Tests.TransferRequestCapabilityBoundaryTests" name="UnsupportedSelectionControlsCannotSilentlyDisappear" />
    </UnitTest>
    <UnitTest name="BitigMail.Engine.Tests.MimeExecutionPolicyTests.PreviewPolicyProducesMappedReopenedPst(policy: ContentAndMetadata, expected: 2)" storage="c:\users\eddiz\documents\chatgpt\mail manager\.codex-coordination\artifacts\root037mime\bin\bitigmail.engine.tests\debug\bitigmail.engine.tests.dll" id="98c9fe30-3bb4-f33a-8ae7-dcfb580143ca">
      <Execution id="63aeaf96-8dc1-4e68-8bd5-c85f4d9b7cd6" />
      <TestMethod codeBase="C:\Users\Eddiz\Documents\ChatGPT\Mail Manager\.codex-coordination\artifacts\root037mime\bin\BitigMail.Engine.Tests\debug\BitigMail.Engine.Tests.dll" adapterTypeName="executor://xunit/VsTestRunner3/netcore/" className="BitigMail.Engine.Tests.MimeExecutionPolicyTests" name="PreviewPolicyProducesMappedReopenedPst" />
    </UnitTest>
    <UnitTest name="BitigMail.Engine.Tests.TransferRequestCapabilityBoundaryTests.UnsupportedSelectionControlsCannotSilentlyDisappear(requestType: typeof(BitigMail.Engine.Imap.Transfer.ImapTransferStartRequest), supportedJson: &quot;{\&quot;previewId\&quot;:\&quot;v\&quot;,\&quot;idempotencyKey\&quot;:\&quot;k\&quot;}&quot;)" storage="c:\users\eddiz\documents\chatgpt\mail manager\.codex-coordination\artifacts\root037mime\bin\bitigmail.engine.tests\debug\bitigmail.engine.tests.dll" id="0cdd4ebe-9a42-bc9d-a9a4-fba8ca69f06d">
      <Execution id="8626009e-01bb-4261-94b3-cd18670c0c83" />
      <TestMethod codeBase="C:\Users\Eddiz\Documents\ChatGPT\Mail Manager\.codex-coordination\artifacts\root037mime\bin\BitigMail.Engine.Tests\debug\BitigMail.Engine.Tests.dll" adapterTypeName="executor://xunit/VsTestRunner3/netcore/" className="BitigMail.Engine.Tests.TransferRequestCapabilityBoundaryTests" name="UnsupportedSelectionControlsCannotSilentlyDisappear" />
    </UnitTest>
    <UnitTest name="BitigMail.Engine.Tests.TransferRequestCapabilityBoundaryTests.NestedFolderMappingAlsoRejectsUnknownSelectionControls" storage="c:\users\eddiz\documents\chatgpt\mail manager\.codex-coordination\artifacts\root037mime\bin\bitigmail.engine.tests\debug\bitigmail.engine.tests.dll" id="04a0c8a2-d72d-d45c-fe6d-0b81163a4f29">
      <Execution id="ff56919e-debb-4533-bb59-beb92af6ddef" />
      <TestMethod codeBase="C:\Users\Eddiz\Documents\ChatGPT\Mail Manager\.codex-coordination\artifacts\root037mime\bin\BitigMail.Engine.Tests\debug\BitigMail.Engine.Tests.dll" adapterTypeName="executor://xunit/VsTestRunner3/netcore/" className="BitigMail.Engine.Tests.TransferRequestCapabilityBoundaryTests" name="NestedFolderMappingAlsoRejectsUnknownSelectionControls" />
    </UnitTest>
    <UnitTest name="BitigMail.Engine.Tests.TransferRequestCapabilityBoundaryTests.UnsupportedSelectionControlsCannotSilentlyDisappear(requestType: typeof(BitigMail.Engine.Bridge.BridgeImportPreviewRequest), supportedJson: &quot;{\&quot;companyId\&quot;:\&quot;c\&quot;,\&quot;projectId\&quot;:\&quot;p\&quot;,\&quot;sourceH&quot;···)" storage="c:\users\eddiz\documents\chatgpt\mail manager\.codex-coordination\artifacts\root037mime\bin\bitigmail.engine.tests\debug\bitigmail.engine.tests.dll" id="d2081e07-afc7-7f4e-4e48-48684d5eb707">
      <Execution id="61cdd842-1ae5-4882-9d74-931bcd3c8ad2" />
      <TestMethod codeBase="C:\Users\Eddiz\Documents\ChatGPT\Mail Manager\.codex-coordination\artifacts\root037mime\bin\BitigMail.Engine.Tests\debug\BitigMail.Engine.Tests.dll" adapterTypeName="executor://xunit/VsTestRunner3/netcore/" className="BitigMail.Engine.Tests.TransferRequestCapabilityBoundaryTests" name="UnsupportedSelectionControlsCannotSilentlyDisappear" />
    </UnitTest>
    <UnitTest name="BitigMail.Engine.Tests.MimeExecutionPolicyTests.MappingCollisionWithUnmappedFolderRejected" storage="c:\users\eddiz\documents\chatgpt\mail manager\.codex-coordination\artifacts\root037mime\bin\bitigmail.engine.tests\debug\bitigmail.engine.tests.dll" id="e5b226eb-eece-b091-03e5-8b45bc8a17c7">
      <Execution id="1ecb40d6-366a-4c67-ad27-521b33c0c08e" />
      <TestMethod codeBase="C:\Users\Eddiz\Documents\ChatGPT\Mail Manager\.codex-coordination\artifacts\root037mime\bin\BitigMail.Engine.Tests\debug\BitigMail.Engine.Tests.dll" adapterTypeName="executor://xunit/VsTestRunner3/netcore/" className="BitigMail.Engine.Tests.MimeExecutionPolicyTests" name="MappingCollisionWithUnmappedFolderRejected" />
    </UnitTest>
    <UnitTest name="BitigMail.Engine.Tests.TransferRequestCapabilityBoundaryTests.UnsupportedSelectionControlsCannotSilentlyDisappear(requestType: typeof(BitigMail.Engine.Archive.ArchiveSearchRequest), supportedJson: &quot;{\&quot;selectedScopes\&quot;:[],\&quot;query\&quot;:\&quot;invoice\&quot;,\&quot;fie&quot;···)" storage="c:\users\eddiz\documents\chatgpt\mail manager\.codex-coordination\artifacts\root037mime\bin\bitigmail.engine.tests\debug\bitigmail.engine.tests.dll" id="28fa02dc-580e-8708-8b3f-af300c7c52d0">
      <Execution id="feb9b700-3562-471f-8db5-a71f107d4229" />
      <TestMethod codeBase="C:\Users\Eddiz\Documents\ChatGPT\Mail Manager\.codex-coordination\artifacts\root037mime\bin\BitigMail.Engine.Tests\debug\BitigMail.Engine.Tests.dll" adapterTypeName="executor://xunit/VsTestRunner3/netcore/" className="BitigMail.Engine.Tests.TransferRequestCapabilityBoundaryTests" name="UnsupportedSelectionControlsCannotSilentlyDisappear" />
    </UnitTest>
    <UnitTest name="BitigMail.Engine.Tests.MimeExecutionPolicyTests.PreviewPolicyProducesMappedReopenedPst(policy: ContentOnly, expected: 1)" storage="c:\users\eddiz\documents\chatgpt\mail manager\.codex-coordination\artifacts\root037mime\bin\bitigmail.engine.tests\debug\bitigmail.engine.tests.dll" id="ceb07e8b-e5df-3ca3-8a0b-f71ce2be55d7">
      <Execution id="3ba2df7a-b94e-4289-824a-aab6b2bae20d" />
      <TestMethod codeBase="C:\Users\Eddiz\Documents\ChatGPT\Mail Manager\.codex-coordination\artifacts\root037mime\bin\BitigMail.Engine.Tests\debug\BitigMail.Engine.Tests.dll" adapterTypeName="executor://xunit/VsTestRunner3/netcore/" className="BitigMail.Engine.Tests.MimeExecutionPolicyTests" name="PreviewPolicyProducesMappedReopenedPst" />
    </UnitTest>
    <UnitTest name="BitigMail.Engine.Tests.MimeExecutionPolicyTests.AlteredMappingOrPhysicalSetCannotExecute" storage="c:\users\eddiz\documents\chatgpt\mail manager\.codex-coordination\artifacts\root037mime\bin\bitigmail.engine.tests\debug\bitigmail.engine.tests.dll" id="418bb9d7-28d5-c19a-cfb8-b7f287c11cb6">
      <Execution id="e0d0318b-4907-43b0-abd3-41cb15487c84" />
      <TestMethod codeBase="C:\Users\Eddiz\Documents\ChatGPT\Mail Manager\.codex-coordination\artifacts\root037mime\bin\BitigMail.Engine.Tests\debug\BitigMail.Engine.Tests.dll" adapterTypeName="executor://xunit/VsTestRunner3/netcore/" className="BitigMail.Engine.Tests.MimeExecutionPolicyTests" name="AlteredMappingOrPhysicalSetCannotExecute" />
    </UnitTest>
    <UnitTest name="BitigMail.Engine.Tests.TransferRequestCapabilityBoundaryTests.UnsupportedSelectionControlsCannotSilentlyDisappear(requestType: typeof(BitigMail.Engine.Bridge.BridgeExportPreviewRequest), supportedJson: &quot;{\&quot;companyId\&quot;:\&quot;c\&quot;,\&quot;projectId\&quot;:\&quot;p\&quot;,\&quot;sourceA&quot;···)" storage="c:\users\eddiz\documents\chatgpt\mail manager\.codex-coordination\artifacts\root037mime\bin\bitigmail.engine.tests\debug\bitigmail.engine.tests.dll" id="c243e293-933e-7b84-770d-e06b26f56410">
      <Execution id="8e7aef10-15b1-4760-9234-4499f66713e7" />
      <TestMethod codeBase="C:\Users\Eddiz\Documents\ChatGPT\Mail Manager\.codex-coordination\artifacts\root037mime\bin\BitigMail.Engine.Tests\debug\BitigMail.Engine.Tests.dll" adapterTypeName="executor://xunit/VsTestRunner3/netcore/" className="BitigMail.Engine.Tests.TransferRequestCapabilityBoundaryTests" name="UnsupportedSelectionControlsCannotSilentlyDisappear" />
    </UnitTest>
    <UnitTest name="BitigMail.Engine.Tests.TransferRequestCapabilityBoundaryTests.UnsupportedSelectionControlsCannotSilentlyDisappear(requestType: typeof(BitigMail.Engine.Imap.Transfer.ImapTransferPreviewRequest), supportedJson: &quot;{\&quot;companyId\&quot;:\&quot;c\&quot;,\&quot;projectId\&quot;:\&quot;p\&quot;,\&quot;sourceA&quot;···)" storage="c:\users\eddiz\documents\chatgpt\mail manager\.codex-coordination\artifacts\root037mime\bin\bitigmail.engine.tests\debug\bitigmail.engine.tests.dll" id="f048300f-5491-4ec4-217b-d5264a8a5b5e">
      <Execution id="1763d973-0417-4bef-8994-79065e66f6d3" />
      <TestMethod codeBase="C:\Users\Eddiz\Documents\ChatGPT\Mail Manager\.codex-coordination\artifacts\root037mime\bin\BitigMail.Engine.Tests\debug\BitigMail.Engine.Tests.dll" adapterTypeName="executor://xunit/VsTestRunner3/netcore/" className="BitigMail.Engine.Tests.TransferRequestCapabilityBoundaryTests" name="UnsupportedSelectionControlsCannotSilentlyDisappear" />
    </UnitTest>
    <UnitTest name="BitigMail.Engine.Tests.TransferRequestCapabilityBoundaryTests.UnsupportedSelectionControlsCannotSilentlyDisappear(requestType: typeof(BitigMail.LocalHost.PopStartApiRequest), supportedJson: &quot;{\&quot;planId\&quot;:\&quot;v\&quot;,\&quot;companyId\&quot;:\&quot;c\&quot;,\&quot;projectId\&quot;···)" storage="c:\users\eddiz\documents\chatgpt\mail manager\.codex-coordination\artifacts\root037mime\bin\bitigmail.engine.tests\debug\bitigmail.engine.tests.dll" id="e3ab0bed-23a3-c5b1-82b5-b166e2aea818">
      <Execution id="d02d1c86-98f0-438e-b862-42a42e509507" />
      <TestMethod codeBase="C:\Users\Eddiz\Documents\ChatGPT\Mail Manager\.codex-coordination\artifacts\root037mime\bin\BitigMail.Engine.Tests\debug\BitigMail.Engine.Tests.dll" adapterTypeName="executor://xunit/VsTestRunner3/netcore/" className="BitigMail.Engine.Tests.TransferRequestCapabilityBoundaryTests" name="UnsupportedSelectionControlsCannotSilentlyDisappear" />
    </UnitTest>
    <UnitTest name="BitigMail.Engine.Tests.MimeExecutionPolicyTests.PreviewPolicyProducesMappedReopenedPst(policy: PreservePhysical, expected: 3)" storage="c:\users\eddiz\documents\chatgpt\mail manager\.codex-coordination\artifacts\root037mime\bin\bitigmail.engine.tests\debug\bitigmail.engine.tests.dll" id="302488b7-d037-3eea-9a12-c5910b735d04">
      <Execution id="c8ddc6ea-da7e-4294-bbc5-34be01507ffc" />
      <TestMethod codeBase="C:\Users\Eddiz\Documents\ChatGPT\Mail Manager\.codex-coordination\artifacts\root037mime\bin\BitigMail.Engine.Tests\debug\BitigMail.Engine.Tests.dll" adapterTypeName="executor://xunit/VsTestRunner3/netcore/" className="BitigMail.Engine.Tests.MimeExecutionPolicyTests" name="PreviewPolicyProducesMappedReopenedPst" />
    </UnitTest>
    <UnitTest name="BitigMail.Engine.Tests.TransferRequestCapabilityBoundaryTests.UnsupportedSelectionControlsCannotSilentlyDisappear(requestType: typeof(BitigMail.LocalHost.PopPreviewApiRequest), supportedJson: &quot;{\&quot;accountId\&quot;:\&quot;s\&quot;,\&quot;companyId\&quot;:\&quot;c\&quot;,\&quot;project&quot;···)" storage="c:\users\eddiz\documents\chatgpt\mail manager\.codex-coordination\artifacts\root037mime\bin\bitigmail.engine.tests\debug\bitigmail.engine.tests.dll" id="de3f70fc-85fc-8151-b638-9dd25f633be6">
      <Execution id="f4c7107b-d4ea-43f9-b211-1893a3e337d4" />
      <TestMethod codeBase="C:\Users\Eddiz\Documents\ChatGPT\Mail Manager\.codex-coordination\artifacts\root037mime\bin\BitigMail.Engine.Tests\debug\BitigMail.Engine.Tests.dll" adapterTypeName="executor://xunit/VsTestRunner3/netcore/" className="BitigMail.Engine.Tests.TransferRequestCapabilityBoundaryTests" name="UnsupportedSelectionControlsCannotSilentlyDisappear" />
    </UnitTest>
    <UnitTest name="BitigMail.Engine.Tests.TransferRequestCapabilityBoundaryTests.UnsupportedSelectionControlsCannotSilentlyDisappear(requestType: typeof(BitigMail.LocalHost.SelectionPreviewRequest), supportedJson: &quot;{\&quot;sourceHandle\&quot;:\&quot;s\&quot;}&quot;)" storage="c:\users\eddiz\documents\chatgpt\mail manager\.codex-coordination\artifacts\root037mime\bin\bitigmail.engine.tests\debug\bitigmail.engine.tests.dll" id="c9bb99c8-0bb7-e6b5-ce56-50d4135283f8">
      <Execution id="146c619d-4d4b-4fc1-bf13-efc64ba3e937" />
      <TestMethod codeBase="C:\Users\Eddiz\Documents\ChatGPT\Mail Manager\.codex-coordination\artifacts\root037mime\bin\BitigMail.Engine.Tests\debug\BitigMail.Engine.Tests.dll" adapterTypeName="executor://xunit/VsTestRunner3/netcore/" className="BitigMail.Engine.Tests.TransferRequestCapabilityBoundaryTests" name="UnsupportedSelectionControlsCannotSilentlyDisappear" />
    </UnitTest>
  </TestDefinitions>
  <TestEntries>
    <TestEntry testId="e5b226eb-eece-b091-03e5-8b45bc8a17c7" executionId="1ecb40d6-366a-4c67-ad27-521b33c0c08e" testListId="8c84fa94-04c1-424b-9868-57a2d4851a1d" />
    <TestEntry testId="de3f70fc-85fc-8151-b638-9dd25f633be6" executionId="f4c7107b-d4ea-43f9-b211-1893a3e337d4" testListId="8c84fa94-04c1-424b-9868-57a2d4851a1d" />
    <TestEntry testId="1eec2104-0f19-c029-db8a-36f536e355df" executionId="f8fe0c95-610a-4af9-a93f-ae01a9a69fd1" testListId="8c84fa94-04c1-424b-9868-57a2d4851a1d" />
    <TestEntry testId="98c9fe30-3bb4-f33a-8ae7-dcfb580143ca" executionId="63aeaf96-8dc1-4e68-8bd5-c85f4d9b7cd6" testListId="8c84fa94-04c1-424b-9868-57a2d4851a1d" />
    <TestEntry testId="418bb9d7-28d5-c19a-cfb8-b7f287c11cb6" executionId="e0d0318b-4907-43b0-abd3-41cb15487c84" testListId="8c84fa94-04c1-424b-9868-57a2d4851a1d" />
    <TestEntry testId="ceb07e8b-e5df-3ca3-8a0b-f71ce2be55d7" executionId="3ba2df7a-b94e-4289-824a-aab6b2bae20d" testListId="8c84fa94-04c1-424b-9868-57a2d4851a1d" />
    <TestEntry testId="e3ab0bed-23a3-c5b1-82b5-b166e2aea818" executionId="d02d1c86-98f0-438e-b862-42a42e509507" testListId="8c84fa94-04c1-424b-9868-57a2d4851a1d" />
    <TestEntry testId="0cdd4ebe-9a42-bc9d-a9a4-fba8ca69f06d" executionId="8626009e-01bb-4261-94b3-cd18670c0c83" testListId="8c84fa94-04c1-424b-9868-57a2d4851a1d" />
    <TestEntry testId="302488b7-d037-3eea-9a12-c5910b735d04" executionId="c8ddc6ea-da7e-4294-bbc5-34be01507ffc" testListId="8c84fa94-04c1-424b-9868-57a2d4851a1d" />
    <TestEntry testId="f048300f-5491-4ec4-217b-d5264a8a5b5e" executionId="1763d973-0417-4bef-8994-79065e66f6d3" testListId="8c84fa94-04c1-424b-9868-57a2d4851a1d" />
    <TestEntry testId="c9bb99c8-0bb7-e6b5-ce56-50d4135283f8" executionId="146c619d-4d4b-4fc1-bf13-efc64ba3e937" testListId="8c84fa94-04c1-424b-9868-57a2d4851a1d" />
    <TestEntry testId="c243e293-933e-7b84-770d-e06b26f56410" executionId="8e7aef10-15b1-4760-9234-4499f66713e7" testListId="8c84fa94-04c1-424b-9868-57a2d4851a1d" />
    <TestEntry testId="28fa02dc-580e-8708-8b3f-af300c7c52d0" executionId="feb9b700-3562-471f-8db5-a71f107d4229" testListId="8c84fa94-04c1-424b-9868-57a2d4851a1d" />
    <TestEntry testId="572f9000-e1b0-8168-4e15-40d909929f40" executionId="7dca9d4a-0501-4cf0-a9ff-f5b978413623" testListId="8c84fa94-04c1-424b-9868-57a2d4851a1d" />
    <TestEntry testId="d2081e07-afc7-7f4e-4e48-48684d5eb707" executionId="61cdd842-1ae5-4882-9d74-931bcd3c8ad2" testListId="8c84fa94-04c1-424b-9868-57a2d4851a1d" />
    <TestEntry testId="04a0c8a2-d72d-d45c-fe6d-0b81163a4f29" executionId="ff56919e-debb-4533-bb59-beb92af6ddef" testListId="8c84fa94-04c1-424b-9868-57a2d4851a1d" />
  </TestEntries>
  <TestLists>
    <TestList name="Bir Listede Olmayan Sonuçlar" id="8c84fa94-04c1-424b-9868-57a2d4851a1d" />
    <TestList name="Yüklenen Tüm Sonuçlar" id="19431567-8539-422a-85d7-44ee4e166bda" />
  </TestLists>
  <ResultSummary outcome="Completed">
    <Counters total="16" executed="16" passed="16" failed="0" error="0" timeout="0" aborted="0" inconclusive="0" passedButRunAborted="0" notRunnable="0" notExecuted="0" disconnected="0" warning="0" completed="0" inProgress="0" pending="0" />
    <Output>
      <StdOut>[xUnit.net 00:00:00.00] xUnit.net VSTest Adapter v3.1.5+1b188a7b0a (64-bit .NET 8.0.31)&#xD;
[xUnit.net 00:00:00.07]   Discovering: BitigMail.Engine.Tests&#xD;
[xUnit.net 00:00:00.20]   Discovered:  BitigMail.Engine.Tests&#xD;
[xUnit.net 00:00:00.22]   Starting:    BitigMail.Engine.Tests&#xD;
[xUnit.net 00:00:01.31]   Finished:    BitigMail.Engine.Tests&#xD;
</StdOut>
    </Output>
  </ResultSummary>
</TestRun>